Job ID       : 277766
Array task   : 3
Node         : aar114
Start time   : Wed Mar 11 19:11:27 CET 2026
ew_low       : 0.05
ew_high      : 0.20
---------------------------------------------
Wed Mar 11 19:11:27 2026       
+-----------------------------------------------------------------------------------------+
| NVIDIA-SMI 550.54.14              Driver Version: 550.54.14      CUDA Version: 12.4     |
|-----------------------------------------+------------------------+----------------------+
| GPU  Name                 Persistence-M | Bus-Id          Disp.A | Volatile Uncorr. ECC |
| Fan  Temp   Perf          Pwr:Usage/Cap |           Memory-Usage | GPU-Util  Compute M. |
|                                         |                        |               MIG M. |
|=========================================+========================+======================|
|   0  Tesla V100-PCIE-32GB           Off |   00000000:3B:00.0 Off |                    0 |
| N/A   54C    P0             43W /  250W |    4123MiB /  32768MiB |      0%      Default |
|                                         |                        |                  N/A |
+-----------------------------------------+------------------------+----------------------+
                                                                                         
+-----------------------------------------------------------------------------------------+
| Processes:                                                                              |
---------------------------------------------
JAX devices: [cuda(id=0)]
GPU check passed: cuda:0
Output file  : /home/share_nfs/342-Projets_BGE/342.3-Gen-Chem/342.3.2-BioInfo/342.3.2.8-SeqModels/protein_design/colabdesign_energy_guidance/prg/PA_PB1/sweep_results/sweep_ewlow0.05_ewhigh0.20.json
Running generate_sequences.py ...
py3Dmol not installed
/home/share_nfs/342-Projets_BGE/342.3-Gen-Chem/342.3.2-BioInfo/342.3.2.8-SeqModels/protein_design/energy_model_params/PNB_2R_3lay_negbinom_energy_model_weights.json
[1/3] seed=0 ...
1 models [1] recycles 0 hard 0 soft 1 temp 1 loss 7.80 i_con 7.38 plddt 0.48 ptm 0.88 i_ptm 0.09 energy 7.38
2 models [1] recycles 0 hard 0 soft 1 temp 1 loss 7.87 i_con 7.48 plddt 0.56 ptm 0.88 i_ptm 0.10 energy 7.06
3 models [0] recycles 0 hard 0 soft 1 temp 1 loss 7.93 i_con 7.55 plddt 0.55 ptm 0.87 i_ptm 0.12 energy 6.66
4 models [0] recycles 0 hard 0 soft 1 temp 1 loss 7.52 i_con 7.17 plddt 0.60 ptm 0.86 i_ptm 0.14 energy 6.32
5 models [1] recycles 0 hard 0 soft 1 temp 1 loss 7.68 i_con 7.33 plddt 0.52 ptm 0.88 i_ptm 0.09 energy 6.03
6 models [1] recycles 0 hard 0 soft 1 temp 1 loss 6.92 i_con 6.60 plddt 0.51 ptm 0.88 i_ptm 0.09 energy 5.58
7 models [1] recycles 0 hard 0 soft 1 temp 1 loss 7.17 i_con 6.85 plddt 0.50 ptm 0.88 i_ptm 0.09 energy 5.29
8 models [0] recycles 0 hard 0 soft 1 temp 1 loss 6.47 i_con 6.18 plddt 0.51 ptm 0.86 i_ptm 0.11 energy 4.96
9 models [1] recycles 0 hard 0 soft 1 temp 1 loss 6.50 i_con 6.21 plddt 0.47 ptm 0.88 i_ptm 0.09 energy 4.76
10 models [0] recycles 0 hard 0 soft 1 temp 1 loss 5.73 i_con 5.45 plddt 0.41 ptm 0.87 i_ptm 0.11 energy 4.52
11 models [1] recycles 0 hard 0 soft 1 temp 1 loss 5.96 i_con 5.68 plddt 0.42 ptm 0.88 i_ptm 0.08 energy 4.43
12 models [1] recycles 0 hard 0 soft 1 temp 1 loss 6.08 i_con 5.81 plddt 0.44 ptm 0.88 i_ptm 0.09 energy 4.16
13 models [0] recycles 0 hard 0 soft 1 temp 1 loss 5.40 i_con 5.15 plddt 0.39 ptm 0.86 i_ptm 0.11 energy 3.72
14 models [1] recycles 0 hard 0 soft 1 temp 1 loss 5.98 i_con 5.73 plddt 0.45 ptm 0.88 i_ptm 0.08 energy 3.79
15 models [1] recycles 0 hard 0 soft 1 temp 1 loss 5.67 i_con 5.42 plddt 0.37 ptm 0.88 i_ptm 0.09 energy 3.71
16 models [1] recycles 0 hard 0 soft 1 temp 1 loss 5.64 i_con 5.39 plddt 0.37 ptm 0.88 i_ptm 0.09 energy 3.77
17 models [0] recycles 0 hard 0 soft 1 temp 1 loss 5.15 i_con 4.87 plddt 0.34 ptm 0.87 i_ptm 0.14 energy 4.14
18 models [0] recycles 0 hard 0 soft 1 temp 1 loss 5.06 i_con 4.81 plddt 0.37 ptm 0.87 i_ptm 0.18 energy 3.71
19 models [1] recycles 0 hard 0 soft 1 temp 1 loss 5.73 i_con 5.51 plddt 0.42 ptm 0.88 i_ptm 0.08 energy 3.30
20 models [1] recycles 0 hard 0 soft 1 temp 1 loss 5.47 i_con 5.25 plddt 0.40 ptm 0.88 i_ptm 0.09 energy 3.30
21 models [1] recycles 0 hard 0 soft 1 temp 1 loss 5.58 i_con 5.37 plddt 0.41 ptm 0.88 i_ptm 0.09 energy 2.97
22 models [0] recycles 0 hard 0 soft 1 temp 1 loss 4.89 i_con 4.69 plddt 0.37 ptm 0.87 i_ptm 0.20 energy 2.81
23 models [1] recycles 0 hard 0 soft 1 temp 1 loss 5.13 i_con 4.96 plddt 0.36 ptm 0.88 i_ptm 0.12 energy 2.06
24 models [1] recycles 0 hard 0 soft 1 temp 1 loss 5.21 i_con 5.06 plddt 0.35 ptm 0.88 i_ptm 0.14 energy 1.60
25 models [0] recycles 0 hard 0 soft 1 temp 1 loss 4.59 i_con 4.45 plddt 0.37 ptm 0.87 i_ptm 0.20 energy 1.48
26 models [1] recycles 0 hard 0 soft 1 temp 1 loss 5.48 i_con 5.35 plddt 0.38 ptm 0.88 i_ptm 0.10 energy 1.43
27 models [0] recycles 0 hard 0 soft 1 temp 1 loss 4.71 i_con 4.58 plddt 0.40 ptm 0.87 i_ptm 0.20 energy 1.43
28 models [1] recycles 0 hard 0 soft 1 temp 1 loss 5.30 i_con 5.16 plddt 0.37 ptm 0.88 i_ptm 0.11 energy 1.53
29 models [1] recycles 0 hard 0 soft 1 temp 1 loss 4.89 i_con 4.77 plddt 0.35 ptm 0.88 i_ptm 0.18 energy 1.10
30 models [0] recycles 0 hard 0 soft 1 temp 1 loss 4.60 i_con 4.50 plddt 0.39 ptm 0.87 i_ptm 0.23 energy 0.75
31 models [0] recycles 0 hard 0 soft 1 temp 1 loss 4.57 i_con 4.48 plddt 0.39 ptm 0.87 i_ptm 0.21 energy 0.59
32 models [1] recycles 0 hard 0 soft 1 temp 1 loss 4.63 i_con 4.55 plddt 0.37 ptm 0.88 i_ptm 0.22 energy 0.39
33 models [1] recycles 0 hard 0 soft 1 temp 1 loss 5.07 i_con 5.00 plddt 0.39 ptm 0.88 i_ptm 0.12 energy 0.16
34 models [0] recycles 0 hard 0 soft 1 temp 1 loss 4.54 i_con 4.47 plddt 0.40 ptm 0.87 i_ptm 0.22 energy 0.14
35 models [0] recycles 0 hard 0 soft 1 temp 1 loss 4.49 i_con 4.45 plddt 0.44 ptm 0.87 i_ptm 0.26 energy -0.15
36 models [0] recycles 0 hard 0 soft 1 temp 1 loss 4.47 i_con 4.41 plddt 0.40 ptm 0.87 i_ptm 0.25 energy 0.05
37 models [1] recycles 0 hard 0 soft 1 temp 1 loss 5.03 i_con 5.00 plddt 0.37 ptm 0.88 i_ptm 0.16 energy -0.59
38 models [1] recycles 0 hard 0 soft 1 temp 1 loss 5.16 i_con 5.14 plddt 0.35 ptm 0.88 i_ptm 0.16 energy -0.93
39 models [1] recycles 0 hard 0 soft 1 temp 1 loss 5.12 i_con 5.12 plddt 0.35 ptm 0.88 i_ptm 0.16 energy -1.17
40 models [1] recycles 0 hard 0 soft 1 temp 1 loss 4.58 i_con 4.58 plddt 0.37 ptm 0.88 i_ptm 0.23 energy -1.24
41 models [1] recycles 0 hard 0 soft 1 temp 1 loss 5.05 i_con 5.06 plddt 0.37 ptm 0.88 i_ptm 0.17 energy -1.43
42 models [0] recycles 0 hard 0 soft 1 temp 1 loss 4.25 i_con 4.27 plddt 0.39 ptm 0.87 i_ptm 0.26 energy -1.59
43 models [1] recycles 0 hard 0 soft 1 temp 1 loss 4.85 i_con 4.88 plddt 0.37 ptm 0.88 i_ptm 0.20 energy -1.77
44 models [1] recycles 0 hard 0 soft 1 temp 1 loss 4.71 i_con 4.74 plddt 0.35 ptm 0.88 i_ptm 0.20 energy -1.85
45 models [1] recycles 0 hard 0 soft 1 temp 1 loss 4.60 i_con 4.63 plddt 0.36 ptm 0.88 i_ptm 0.21 energy -1.88
46 models [1] recycles 0 hard 0 soft 1 temp 1 loss 4.73 i_con 4.77 plddt 0.36 ptm 0.88 i_ptm 0.20 energy -2.20
47 models [1] recycles 0 hard 0 soft 1 temp 1 loss 4.76 i_con 4.81 plddt 0.38 ptm 0.88 i_ptm 0.20 energy -2.27
48 models [0] recycles 0 hard 0 soft 1 temp 1 loss 4.40 i_con 4.47 plddt 0.40 ptm 0.87 i_ptm 0.26 energy -2.50
49 models [0] recycles 0 hard 0 soft 1 temp 1 loss 4.37 i_con 4.43 plddt 0.39 ptm 0.87 i_ptm 0.25 energy -2.46
50 models [0] recycles 0 hard 0 soft 1 temp 1 loss 4.12 i_con 4.18 plddt 0.42 ptm 0.87 i_ptm 0.29 energy -2.37
51 models [0] recycles 0 hard 0 soft 1 temp 1 loss 3.96 i_con 4.33 plddt 0.42 ptm 0.87 i_ptm 0.29 energy -2.14
52 models [0] recycles 0 hard 0 soft 1 temp 1 loss 3.70 i_con 4.14 plddt 0.40 ptm 0.87 i_ptm 0.34 energy -2.49
53 models [1] recycles 0 hard 0 soft 1 temp 1 loss 4.09 i_con 4.57 plddt 0.40 ptm 0.88 i_ptm 0.21 energy -2.68
54 models [1] recycles 0 hard 0 soft 1 temp 1 loss 4.36 i_con 4.87 plddt 0.37 ptm 0.88 i_ptm 0.21 energy -2.88
55 models [0] recycles 0 hard 0 soft 1 temp 1 loss 3.85 i_con 4.37 plddt 0.40 ptm 0.87 i_ptm 0.26 energy -2.89
56 models [0] recycles 0 hard 0 soft 1 temp 1 loss 3.95 i_con 4.49 plddt 0.40 ptm 0.87 i_ptm 0.27 energy -2.98
57 models [0] recycles 0 hard 0 soft 1 temp 1 loss 3.80 i_con 4.30 plddt 0.39 ptm 0.87 i_ptm 0.29 energy -2.78
58 models [0] recycles 0 hard 0 soft 1 temp 1 loss 3.61 i_con 4.13 plddt 0.41 ptm 0.87 i_ptm 0.30 energy -2.89
59 models [0] recycles 0 hard 0 soft 1 temp 1 loss 3.80 i_con 4.39 plddt 0.41 ptm 0.87 i_ptm 0.26 energy -3.24
60 models [0] recycles 0 hard 0 soft 1 temp 1 loss 3.56 i_con 4.14 plddt 0.41 ptm 0.87 i_ptm 0.29 energy -3.20
61 models [0] recycles 0 hard 0 soft 1 temp 1 loss 3.64 i_con 4.27 plddt 0.38 ptm 0.87 i_ptm 0.28 energy -3.42
62 models [0] recycles 0 hard 0 soft 1 temp 1 loss 3.43 i_con 4.11 plddt 0.40 ptm 0.87 i_ptm 0.30 energy -3.69
63 models [1] recycles 0 hard 0 soft 1 temp 1 loss 3.95 i_con 4.66 plddt 0.35 ptm 0.88 i_ptm 0.22 energy -3.88
64 models [1] recycles 0 hard 0 soft 1 temp 1 loss 3.78 i_con 4.47 plddt 0.42 ptm 0.88 i_ptm 0.26 energy -3.72
65 models [1] recycles 0 hard 0 soft 1 temp 1 loss 3.61 i_con 4.32 plddt 0.37 ptm 0.89 i_ptm 0.28 energy -3.89
66 models [0] recycles 0 hard 0 soft 1 temp 1 loss 3.48 i_con 4.22 plddt 0.39 ptm 0.87 i_ptm 0.30 energy -3.99
67 models [0] recycles 0 hard 0 soft 1 temp 1 loss 3.34 i_con 4.13 plddt 0.41 ptm 0.87 i_ptm 0.32 energy -4.22
68 models [0] recycles 0 hard 0 soft 1 temp 1 loss 3.39 i_con 4.20 plddt 0.41 ptm 0.87 i_ptm 0.30 energy -4.36
69 models [0] recycles 0 hard 0 soft 1 temp 1 loss 3.24 i_con 4.08 plddt 0.39 ptm 0.87 i_ptm 0.32 energy -4.47
70 models [1] recycles 0 hard 0 soft 1 temp 1 loss 3.66 i_con 4.52 plddt 0.34 ptm 0.89 i_ptm 0.24 energy -4.62
71 models [1] recycles 0 hard 0 soft 1 temp 1 loss 3.44 i_con 4.30 plddt 0.36 ptm 0.89 i_ptm 0.28 energy -4.64
72 models [0] recycles 0 hard 0 soft 1 temp 1 loss 3.09 i_con 3.97 plddt 0.43 ptm 0.87 i_ptm 0.35 energy -4.71
73 models [1] recycles 0 hard 0 soft 1 temp 1 loss 3.49 i_con 4.39 plddt 0.37 ptm 0.88 i_ptm 0.23 energy -4.82
74 models [0] recycles 0 hard 0 soft 1 temp 1 loss 3.40 i_con 4.31 plddt 0.43 ptm 0.87 i_ptm 0.30 energy -4.84
75 models [0] recycles 0 hard 0 soft 1 temp 1 loss 3.33 i_con 4.25 plddt 0.40 ptm 0.87 i_ptm 0.29 energy -4.88
76 models [0] recycles 0 hard 0 soft 1 temp 1 loss 3.20 i_con 4.13 plddt 0.40 ptm 0.87 i_ptm 0.29 energy -4.96
77 models [0] recycles 0 hard 0 soft 1 temp 1 loss 3.29 i_con 4.25 plddt 0.45 ptm 0.87 i_ptm 0.31 energy -5.06
78 models [0] recycles 0 hard 0 soft 1 temp 1 loss 3.17 i_con 4.14 plddt 0.42 ptm 0.87 i_ptm 0.30 energy -5.10
79 models [1] recycles 0 hard 0 soft 1 temp 1 loss 3.29 i_con 4.26 plddt 0.39 ptm 0.88 i_ptm 0.29 energy -5.13
80 models [1] recycles 0 hard 0 soft 1 temp 1 loss 3.40 i_con 4.37 plddt 0.36 ptm 0.89 i_ptm 0.24 energy -5.15
81 models [1] recycles 0 hard 0 soft 1 temp 1 loss 3.49 i_con 4.47 plddt 0.38 ptm 0.89 i_ptm 0.25 energy -5.21
82 models [1] recycles 0 hard 0 soft 1 temp 1 loss 3.27 i_con 4.26 plddt 0.38 ptm 0.88 i_ptm 0.28 energy -5.25
83 models [0] recycles 0 hard 0 soft 1 temp 1 loss 3.20 i_con 4.19 plddt 0.42 ptm 0.87 i_ptm 0.31 energy -5.26
84 models [1] recycles 0 hard 0 soft 1 temp 1 loss 3.39 i_con 4.38 plddt 0.37 ptm 0.89 i_ptm 0.29 energy -5.27
85 models [1] recycles 0 hard 0 soft 1 temp 1 loss 3.62 i_con 4.61 plddt 0.38 ptm 0.89 i_ptm 0.23 energy -5.27
86 models [1] recycles 0 hard 0 soft 1 temp 1 loss 3.32 i_con 4.32 plddt 0.41 ptm 0.88 i_ptm 0.26 energy -5.34
87 models [1] recycles 0 hard 0 soft 1 temp 1 loss 3.60 i_con 4.62 plddt 0.37 ptm 0.88 i_ptm 0.23 energy -5.39
88 models [0] recycles 0 hard 0 soft 1 temp 1 loss 3.15 i_con 4.14 plddt 0.40 ptm 0.87 i_ptm 0.31 energy -5.28
89 models [0] recycles 0 hard 0 soft 1 temp 1 loss 3.22 i_con 4.25 plddt 0.42 ptm 0.87 i_ptm 0.31 energy -5.44
90 models [0] recycles 0 hard 0 soft 1 temp 1 loss 3.05 i_con 4.08 plddt 0.44 ptm 0.87 i_ptm 0.32 energy -5.43
91 models [0] recycles 0 hard 0 soft 1 temp 1 loss 2.94 i_con 3.99 plddt 0.41 ptm 0.88 i_ptm 0.36 energy -5.50
92 models [0] recycles 0 hard 0 soft 1 temp 1 loss 3.02 i_con 4.07 plddt 0.42 ptm 0.87 i_ptm 0.34 energy -5.51
93 models [1] recycles 0 hard 0 soft 1 temp 1 loss 3.40 i_con 4.43 plddt 0.37 ptm 0.88 i_ptm 0.26 energy -5.49
94 models [0] recycles 0 hard 0 soft 1 temp 1 loss 2.98 i_con 4.02 plddt 0.44 ptm 0.88 i_ptm 0.37 energy -5.49
95 models [1] recycles 0 hard 0 soft 1 temp 1 loss 3.19 i_con 4.23 plddt 0.38 ptm 0.89 i_ptm 0.29 energy -5.52
96 models [1] recycles 0 hard 0 soft 1 temp 1 loss 3.29 i_con 4.34 plddt 0.39 ptm 0.88 i_ptm 0.27 energy -5.54
97 models [0] recycles 0 hard 0 soft 1 temp 1 loss 3.12 i_con 4.16 plddt 0.40 ptm 0.87 i_ptm 0.27 energy -5.48
98 models [0] recycles 0 hard 0 soft 1 temp 1 loss 3.15 i_con 4.20 plddt 0.40 ptm 0.87 i_ptm 0.30 energy -5.57
99 models [0] recycles 0 hard 0 soft 1 temp 1 loss 3.05 i_con 4.09 plddt 0.41 ptm 0.87 i_ptm 0.31 energy -5.51
100 models [0] recycles 0 hard 0 soft 1 temp 1 loss 2.90 i_con 3.96 plddt 0.45 ptm 0.87 i_ptm 0.36 energy -5.60
101 models [0] recycles 0 hard 0 soft 0 temp 1 loss 6.04 i_con 7.64 plddt 0.46 ptm 0.87 i_ptm 0.16 energy -33.01
102 models [1] recycles 0 hard 0 soft 0 temp 0.98 loss 5.67 i_con 7.30 plddt 0.69 ptm 0.88 i_ptm 0.10 energy -33.20
103 models [1] recycles 0 hard 0 soft 0 temp 0.96 loss 4.95 i_con 6.56 plddt 0.52 ptm 0.88 i_ptm 0.12 energy -33.18
104 models [0] recycles 0 hard 0 soft 0 temp 0.94 loss 2.98 i_con 4.59 plddt 0.44 ptm 0.87 i_ptm 0.28 energy -33.26
105 models [1] recycles 0 hard 0 soft 0 temp 0.92 loss 4.16 i_con 5.79 plddt 0.59 ptm 0.88 i_ptm 0.10 energy -33.41
106 models [1] recycles 0 hard 0 soft 0 temp 0.90 loss 2.94 i_con 4.53 plddt 0.44 ptm 0.88 i_ptm 0.26 energy -33.01
107 models [0] recycles 0 hard 0 soft 0 temp 0.88 loss 2.42 i_con 4.03 plddt 0.44 ptm 0.87 i_ptm 0.36 energy -33.30
108 models [0] recycles 0 hard 0 soft 0 temp 0.86 loss 2.21 i_con 3.89 plddt 0.42 ptm 0.88 i_ptm 0.38 energy -34.77
109 models [0] recycles 0 hard 0 soft 0 temp 0.84 loss 2.10 i_con 3.86 plddt 0.43 ptm 0.88 i_ptm 0.43 energy -36.32
110 models [1] recycles 0 hard 0 soft 0 temp 0.82 loss 2.23 i_con 4.08 plddt 0.42 ptm 0.89 i_ptm 0.35 energy -38.22
111 models [1] recycles 0 hard 0 soft 0 temp 0.80 loss 1.92 i_con 3.79 plddt 0.44 ptm 0.89 i_ptm 0.43 energy -38.58
112 models [0] recycles 0 hard 0 soft 0 temp 0.78 loss 1.77 i_con 3.72 plddt 0.42 ptm 0.88 i_ptm 0.43 energy -40.25
113 models [0] recycles 0 hard 0 soft 0 temp 0.76 loss 1.74 i_con 3.82 plddt 0.43 ptm 0.88 i_ptm 0.43 energy -42.68
114 models [1] recycles 0 hard 0 soft 0 temp 0.74 loss 1.68 i_con 3.84 plddt 0.41 ptm 0.90 i_ptm 0.38 energy -44.31
115 models [1] recycles 0 hard 0 soft 0 temp 0.72 loss 1.45 i_con 3.64 plddt 0.43 ptm 0.90 i_ptm 0.46 energy -44.95
116 models [1] recycles 0 hard 0 soft 0 temp 0.70 loss 1.47 i_con 3.74 plddt 0.44 ptm 0.89 i_ptm 0.44 energy -46.44
117 models [0] recycles 0 hard 0 soft 0 temp 0.68 loss 1.41 i_con 3.77 plddt 0.43 ptm 0.88 i_ptm 0.42 energy -48.28
118 models [0] recycles 0 hard 0 soft 0 temp 0.66 loss 1.42 i_con 3.85 plddt 0.41 ptm 0.88 i_ptm 0.39 energy -49.81
119 models [1] recycles 0 hard 0 soft 0 temp 0.64 loss 1.03 i_con 3.57 plddt 0.47 ptm 0.90 i_ptm 0.52 energy -51.78
120 models [0] recycles 0 hard 0 soft 0 temp 0.62 loss 1.23 i_con 3.79 plddt 0.43 ptm 0.88 i_ptm 0.47 energy -52.32
121 models [1] recycles 0 hard 0 soft 0 temp 0.60 loss 1.03 i_con 3.69 plddt 0.45 ptm 0.89 i_ptm 0.47 energy -54.34
122 models [0] recycles 0 hard 0 soft 0 temp 0.58 loss 1.14 i_con 3.84 plddt 0.41 ptm 0.88 i_ptm 0.39 energy -55.18
123 models [1] recycles 0 hard 0 soft 0 temp 0.56 loss 0.76 i_con 3.55 plddt 0.45 ptm 0.90 i_ptm 0.51 energy -56.74
124 models [0] recycles 0 hard 0 soft 0 temp 0.54 loss 0.85 i_con 3.71 plddt 0.42 ptm 0.88 i_ptm 0.46 energy -58.20
125 models [0] recycles 0 hard 0 soft 0 temp 0.52 loss 0.90 i_con 3.77 plddt 0.43 ptm 0.88 i_ptm 0.44 energy -58.48
126 models [0] recycles 0 hard 0 soft 0 temp 0.50 loss 0.78 i_con 3.73 plddt 0.45 ptm 0.88 i_ptm 0.46 energy -60.09
127 models [0] recycles 0 hard 0 soft 0 temp 0.48 loss 0.65 i_con 3.68 plddt 0.45 ptm 0.88 i_ptm 0.47 energy -61.77
128 models [1] recycles 0 hard 0 soft 0 temp 0.46 loss 0.38 i_con 3.49 plddt 0.46 ptm 0.90 i_ptm 0.50 energy -63.36
129 models [1] recycles 0 hard 0 soft 0 temp 0.44 loss 0.44 i_con 3.62 plddt 0.46 ptm 0.89 i_ptm 0.49 energy -64.64
130 models [1] recycles 0 hard 0 soft 0 temp 0.42 loss 0.30 i_con 3.53 plddt 0.51 ptm 0.90 i_ptm 0.51 energy -65.65
131 models [0] recycles 0 hard 0 soft 0 temp 0.40 loss 0.50 i_con 3.79 plddt 0.44 ptm 0.87 i_ptm 0.42 energy -66.92
132 models [0] recycles 0 hard 0 soft 0 temp 0.38 loss 0.34 i_con 3.72 plddt 0.46 ptm 0.88 i_ptm 0.47 energy -68.65
133 models [0] recycles 0 hard 0 soft 0 temp 0.36 loss 0.28 i_con 3.71 plddt 0.43 ptm 0.88 i_ptm 0.47 energy -69.83
134 models [0] recycles 0 hard 0 soft 0 temp 0.34 loss 0.22 i_con 3.75 plddt 0.43 ptm 0.88 i_ptm 0.45 energy -71.76
135 models [1] recycles 0 hard 0 soft 0 temp 0.32 loss 0.06 i_con 3.67 plddt 0.46 ptm 0.90 i_ptm 0.47 energy -73.24
136 models [1] recycles 0 hard 0 soft 0 temp 0.30 loss -0.40 i_con 3.28 plddt 0.52 ptm 0.90 i_ptm 0.58 energy -74.46
137 models [1] recycles 0 hard 0 soft 0 temp 0.28 loss -0.17 i_con 3.54 plddt 0.46 ptm 0.90 i_ptm 0.50 energy -75.22
138 models [1] recycles 0 hard 0 soft 0 temp 0.26 loss -0.30 i_con 3.49 plddt 0.46 ptm 0.90 i_ptm 0.53 energy -76.89
139 models [1] recycles 0 hard 0 soft 0 temp 0.24 loss -0.60 i_con 3.23 plddt 0.57 ptm 0.90 i_ptm 0.65 energy -77.42
140 models [1] recycles 0 hard 0 soft 0 temp 0.22 loss -0.33 i_con 3.53 plddt 0.51 ptm 0.90 i_ptm 0.54 energy -78.28
141 models [0] recycles 0 hard 0 soft 0 temp 0.20 loss -0.03 i_con 3.88 plddt 0.42 ptm 0.88 i_ptm 0.40 energy -79.49
142 models [0] recycles 0 hard 0 soft 0 temp 0.18 loss -0.20 i_con 3.80 plddt 0.43 ptm 0.87 i_ptm 0.40 energy -80.94
143 models [1] recycles 0 hard 0 soft 0 temp 0.16 loss -0.67 i_con 3.41 plddt 0.49 ptm 0.90 i_ptm 0.54 energy -82.59
144 models [0] recycles 0 hard 0 soft 0 temp 0.14 loss -0.28 i_con 3.84 plddt 0.41 ptm 0.88 i_ptm 0.37 energy -83.66
145 models [1] recycles 0 hard 0 soft 0 temp 0.12 loss -0.82 i_con 3.37 plddt 0.45 ptm 0.90 i_ptm 0.52 energy -84.97
146 models [1] recycles 0 hard 0 soft 0 temp 0.10 loss -0.84 i_con 3.42 plddt 0.49 ptm 0.90 i_ptm 0.51 energy -86.30
147 models [0] recycles 0 hard 0 soft 0 temp 0.08 loss -0.39 i_con 3.93 plddt 0.41 ptm 0.87 i_ptm 0.38 energy -87.48
148 models [1] recycles 0 hard 0 soft 0 temp 0.06 loss -1.00 i_con 3.38 plddt 0.47 ptm 0.90 i_ptm 0.54 energy -88.57
149 models [0] recycles 0 hard 0 soft 0 temp 0.04 loss -0.61 i_con 3.79 plddt 0.43 ptm 0.88 i_ptm 0.45 energy -89.07
150 models [1] recycles 0 hard 0 soft 0 temp 0.02 loss -1.00 i_con 3.46 plddt 0.48 ptm 0.90 i_ptm 0.54 energy -90.20
151 models [1] recycles 0 hard 1 soft 0 temp 0.00 loss 2.95 i_con 3.93 plddt 0.39 ptm 0.89 i_ptm 0.35 energy -5.20
152 models [1] recycles 0 hard 1 soft 0 temp 0.00 loss 2.95 i_con 3.93 plddt 0.39 ptm 0.89 i_ptm 0.35 energy -5.20
153 models [1] recycles 0 hard 1 soft 0 temp 0.00 loss 2.95 i_con 3.93 plddt 0.39 ptm 0.89 i_ptm 0.35 energy -5.20
154 models [0] recycles 0 hard 1 soft 0 temp 0.00 loss 2.85 i_con 3.83 plddt 0.39 ptm 0.88 i_ptm 0.40 energy -5.20
155 models [1] recycles 0 hard 1 soft 0 temp 0.00 loss 2.95 i_con 3.93 plddt 0.39 ptm 0.89 i_ptm 0.35 energy -5.20
156 models [1] recycles 0 hard 1 soft 0 temp 0.00 loss 2.95 i_con 3.93 plddt 0.39 ptm 0.89 i_ptm 0.35 energy -5.20
157 models [0] recycles 0 hard 1 soft 0 temp 0.00 loss 2.85 i_con 3.83 plddt 0.39 ptm 0.88 i_ptm 0.40 energy -5.20
158 models [0] recycles 0 hard 1 soft 0 temp 0.00 loss 2.85 i_con 3.83 plddt 0.39 ptm 0.88 i_ptm 0.40 energy -5.20
159 models [1] recycles 0 hard 1 soft 0 temp 0.00 loss 2.95 i_con 3.93 plddt 0.39 ptm 0.89 i_ptm 0.35 energy -5.20
160 models [1] recycles 0 hard 1 soft 0 temp 0.00 loss 2.95 i_con 3.93 plddt 0.39 ptm 0.89 i_ptm 0.35 energy -5.20
161 models [0] recycles 0 hard 1 soft 0 temp 0.00 loss 2.85 i_con 3.83 plddt 0.39 ptm 0.88 i_ptm 0.40 energy -5.20
162 models [1] recycles 0 hard 1 soft 0 temp 0.00 loss 2.95 i_con 3.93 plddt 0.39 ptm 0.89 i_ptm 0.35 energy -5.20
163 models [0] recycles 0 hard 1 soft 0 temp 0.00 loss 2.85 i_con 3.83 plddt 0.39 ptm 0.88 i_ptm 0.40 energy -5.20
164 models [1] recycles 0 hard 1 soft 0 temp 0.00 loss 2.95 i_con 3.93 plddt 0.39 ptm 0.89 i_ptm 0.35 energy -5.20
165 models [0] recycles 0 hard 1 soft 0 temp 0.00 loss 2.85 i_con 3.83 plddt 0.39 ptm 0.88 i_ptm 0.40 energy -5.20
166 models [1] recycles 0 hard 1 soft 0 temp 0.00 loss 2.95 i_con 3.93 plddt 0.39 ptm 0.89 i_ptm 0.35 energy -5.20
167 models [0] recycles 0 hard 1 soft 0 temp 0.00 loss 2.85 i_con 3.83 plddt 0.39 ptm 0.88 i_ptm 0.40 energy -5.20
168 models [0] recycles 0 hard 1 soft 0 temp 0.00 loss 2.85 i_con 3.83 plddt 0.39 ptm 0.88 i_ptm 0.40 energy -5.20
169 models [0] recycles 0 hard 1 soft 0 temp 0.00 loss 2.85 i_con 3.83 plddt 0.39 ptm 0.88 i_ptm 0.40 energy -5.20
170 models [1] recycles 0 hard 1 soft 0 temp 0.00 loss 2.95 i_con 3.93 plddt 0.39 ptm 0.89 i_ptm 0.35 energy -5.20
171 models [0] recycles 0 hard 1 soft 0 temp 0.00 loss 2.85 i_con 3.83 plddt 0.39 ptm 0.88 i_ptm 0.40 energy -5.20
172 models [1] recycles 0 hard 1 soft 0 temp 0.00 loss 2.95 i_con 3.93 plddt 0.39 ptm 0.89 i_ptm 0.35 energy -5.20
173 models [0] recycles 0 hard 1 soft 0 temp 0.00 loss 2.85 i_con 3.83 plddt 0.39 ptm 0.88 i_ptm 0.40 energy -5.20
174 models [0] recycles 0 hard 1 soft 0 temp 0.00 loss 2.85 i_con 3.83 plddt 0.39 ptm 0.88 i_ptm 0.40 energy -5.20
175 models [1] recycles 0 hard 1 soft 0 temp 0.00 loss 2.95 i_con 3.93 plddt 0.39 ptm 0.89 i_ptm 0.35 energy -5.20
176 models [1] recycles 0 hard 1 soft 0 temp 0.00 loss 2.95 i_con 3.93 plddt 0.39 ptm 0.89 i_ptm 0.35 energy -5.20
177 models [1] recycles 0 hard 1 soft 0 temp 0.00 loss 2.95 i_con 3.93 plddt 0.39 ptm 0.89 i_ptm 0.35 energy -5.20
178 models [0] recycles 0 hard 1 soft 0 temp 0.00 loss 2.85 i_con 3.83 plddt 0.39 ptm 0.88 i_ptm 0.40 energy -5.20
179 models [0] recycles 0 hard 1 soft 0 temp 0.00 loss 2.85 i_con 3.83 plddt 0.39 ptm 0.88 i_ptm 0.40 energy -5.20
180 models [1] recycles 0 hard 1 soft 0 temp 0.00 loss 2.95 i_con 3.93 plddt 0.39 ptm 0.89 i_ptm 0.35 energy -5.20
  seq=ADGSIAELLFFLEGC  loss=2.9471  loss_af=3.9872  energy=-5.2002  i_ptm=0.3515
[2/3] seed=1 ...
1 models [0] recycles 0 hard 0 soft 1 temp 1 loss 8.30 i_con 7.89 plddt 0.57 ptm 0.86 i_ptm 0.13 energy 7.40
2 models [1] recycles 0 hard 0 soft 1 temp 1 loss 7.64 i_con 7.23 plddt 0.53 ptm 0.88 i_ptm 0.08 energy 7.17
3 models [0] recycles 0 hard 0 soft 1 temp 1 loss 7.61 i_con 7.22 plddt 0.53 ptm 0.86 i_ptm 0.12 energy 6.85
4 models [1] recycles 0 hard 0 soft 1 temp 1 loss 7.28 i_con 6.91 plddt 0.53 ptm 0.88 i_ptm 0.09 energy 6.58
5 models [0] recycles 0 hard 0 soft 1 temp 1 loss 7.12 i_con 6.77 plddt 0.58 ptm 0.86 i_ptm 0.13 energy 6.27
6 models [1] recycles 0 hard 0 soft 1 temp 1 loss 7.54 i_con 7.18 plddt 0.50 ptm 0.88 i_ptm 0.09 energy 6.04
7 models [1] recycles 0 hard 0 soft 1 temp 1 loss 7.25 i_con 6.91 plddt 0.51 ptm 0.88 i_ptm 0.08 energy 5.68
8 models [1] recycles 0 hard 0 soft 1 temp 1 loss 7.08 i_con 6.77 plddt 0.52 ptm 0.88 i_ptm 0.09 energy 5.40
9 models [1] recycles 0 hard 0 soft 1 temp 1 loss 6.53 i_con 6.23 plddt 0.52 ptm 0.88 i_ptm 0.08 energy 5.17
10 models [0] recycles 0 hard 0 soft 1 temp 1 loss 5.87 i_con 5.56 plddt 0.42 ptm 0.86 i_ptm 0.11 energy 5.03
11 models [1] recycles 0 hard 0 soft 1 temp 1 loss 6.43 i_con 6.14 plddt 0.49 ptm 0.88 i_ptm 0.07 energy 4.86
12 models [1] recycles 0 hard 0 soft 1 temp 1 loss 6.34 i_con 6.05 plddt 0.48 ptm 0.88 i_ptm 0.08 energy 4.85
13 models [1] recycles 0 hard 0 soft 1 temp 1 loss 6.19 i_con 5.91 plddt 0.50 ptm 0.88 i_ptm 0.08 energy 4.77
14 models [0] recycles 0 hard 0 soft 1 temp 1 loss 5.55 i_con 5.25 plddt 0.40 ptm 0.86 i_ptm 0.11 energy 4.70
15 models [0] recycles 0 hard 0 soft 1 temp 1 loss 5.14 i_con 4.84 plddt 0.35 ptm 0.86 i_ptm 0.15 energy 4.75
16 models [0] recycles 0 hard 0 soft 1 temp 1 loss 4.83 i_con 4.54 plddt 0.40 ptm 0.87 i_ptm 0.21 energy 4.55
17 models [0] recycles 0 hard 0 soft 1 temp 1 loss 4.79 i_con 4.51 plddt 0.35 ptm 0.87 i_ptm 0.19 energy 4.20
18 models [1] recycles 0 hard 0 soft 1 temp 1 loss 5.75 i_con 5.48 plddt 0.46 ptm 0.88 i_ptm 0.09 energy 4.31
19 models [1] recycles 0 hard 0 soft 1 temp 1 loss 6.02 i_con 5.72 plddt 0.44 ptm 0.88 i_ptm 0.08 energy 4.88
20 models [1] recycles 0 hard 0 soft 1 temp 1 loss 5.45 i_con 5.15 plddt 0.40 ptm 0.88 i_ptm 0.11 energy 4.84
21 models [0] recycles 0 hard 0 soft 1 temp 1 loss 4.78 i_con 4.45 plddt 0.38 ptm 0.87 i_ptm 0.19 energy 5.26
22 models [1] recycles 0 hard 0 soft 1 temp 1 loss 5.43 i_con 5.15 plddt 0.36 ptm 0.88 i_ptm 0.12 energy 4.31
23 models [1] recycles 0 hard 0 soft 1 temp 1 loss 5.38 i_con 5.12 plddt 0.35 ptm 0.88 i_ptm 0.12 energy 3.92
24 models [1] recycles 0 hard 0 soft 1 temp 1 loss 5.38 i_con 5.13 plddt 0.35 ptm 0.88 i_ptm 0.12 energy 3.63
25 models [0] recycles 0 hard 0 soft 1 temp 1 loss 4.72 i_con 4.48 plddt 0.41 ptm 0.87 i_ptm 0.23 energy 3.60
26 models [0] recycles 0 hard 0 soft 1 temp 1 loss 5.07 i_con 4.83 plddt 0.38 ptm 0.87 i_ptm 0.17 energy 3.70
27 models [1] recycles 0 hard 0 soft 1 temp 1 loss 5.56 i_con 5.34 plddt 0.36 ptm 0.88 i_ptm 0.09 energy 3.05
28 models [1] recycles 0 hard 0 soft 1 temp 1 loss 5.16 i_con 4.94 plddt 0.35 ptm 0.88 i_ptm 0.15 energy 3.16
29 models [1] recycles 0 hard 0 soft 1 temp 1 loss 5.31 i_con 5.11 plddt 0.42 ptm 0.88 i_ptm 0.12 energy 2.71
30 models [0] recycles 0 hard 0 soft 1 temp 1 loss 4.62 i_con 4.41 plddt 0.40 ptm 0.87 i_ptm 0.21 energy 2.91
31 models [0] recycles 0 hard 0 soft 1 temp 1 loss 4.74 i_con 4.54 plddt 0.38 ptm 0.87 i_ptm 0.21 energy 2.77
32 models [1] recycles 0 hard 0 soft 1 temp 1 loss 5.25 i_con 5.05 plddt 0.38 ptm 0.88 i_ptm 0.13 energy 2.72
33 models [0] recycles 0 hard 0 soft 1 temp 1 loss 4.62 i_con 4.44 plddt 0.39 ptm 0.87 i_ptm 0.23 energy 2.34
34 models [0] recycles 0 hard 0 soft 1 temp 1 loss 4.53 i_con 4.35 plddt 0.40 ptm 0.87 i_ptm 0.23 energy 2.32
35 models [0] recycles 0 hard 0 soft 1 temp 1 loss 4.82 i_con 4.66 plddt 0.38 ptm 0.86 i_ptm 0.18 energy 1.98
36 models [0] recycles 0 hard 0 soft 1 temp 1 loss 4.51 i_con 4.36 plddt 0.39 ptm 0.87 i_ptm 0.22 energy 1.76
37 models [0] recycles 0 hard 0 soft 1 temp 1 loss 4.40 i_con 4.26 plddt 0.37 ptm 0.87 i_ptm 0.24 energy 1.66
38 models [0] recycles 0 hard 0 soft 1 temp 1 loss 4.46 i_con 4.34 plddt 0.39 ptm 0.87 i_ptm 0.25 energy 1.07
39 models [1] recycles 0 hard 0 soft 1 temp 1 loss 5.36 i_con 5.24 plddt 0.39 ptm 0.88 i_ptm 0.09 energy 1.16
40 models [0] recycles 0 hard 0 soft 1 temp 1 loss 4.38 i_con 4.27 plddt 0.42 ptm 0.87 i_ptm 0.25 energy 1.00
41 models [0] recycles 0 hard 0 soft 1 temp 1 loss 4.71 i_con 4.63 plddt 0.38 ptm 0.87 i_ptm 0.19 energy 0.46
42 models [1] recycles 0 hard 0 soft 1 temp 1 loss 4.89 i_con 4.79 plddt 0.37 ptm 0.88 i_ptm 0.18 energy 0.78
43 models [1] recycles 0 hard 0 soft 1 temp 1 loss 5.24 i_con 5.16 plddt 0.40 ptm 0.88 i_ptm 0.13 energy 0.22
44 models [0] recycles 0 hard 0 soft 1 temp 1 loss 5.18 i_con 5.12 plddt 0.41 ptm 0.86 i_ptm 0.12 energy 0.03
45 models [0] recycles 0 hard 0 soft 1 temp 1 loss 4.23 i_con 4.17 plddt 0.41 ptm 0.87 i_ptm 0.26 energy 0.05
46 models [0] recycles 0 hard 0 soft 1 temp 1 loss 4.72 i_con 4.69 plddt 0.42 ptm 0.87 i_ptm 0.18 energy -0.65
47 models [0] recycles 0 hard 0 soft 1 temp 1 loss 4.37 i_con 4.33 plddt 0.38 ptm 0.87 i_ptm 0.20 energy -0.49
48 models [0] recycles 0 hard 0 soft 1 temp 1 loss 4.22 i_con 4.21 plddt 0.41 ptm 0.87 i_ptm 0.24 energy -1.05
49 models [0] recycles 0 hard 0 soft 1 temp 1 loss 4.50 i_con 4.50 plddt 0.39 ptm 0.87 i_ptm 0.20 energy -1.39
50 models [1] recycles 0 hard 0 soft 1 temp 1 loss 4.99 i_con 5.01 plddt 0.36 ptm 0.88 i_ptm 0.14 energy -1.68
51 models [1] recycles 0 hard 0 soft 1 temp 1 loss 3.95 i_con 4.27 plddt 0.41 ptm 0.89 i_ptm 0.25 energy -1.88
52 models [1] recycles 0 hard 0 soft 1 temp 1 loss 4.23 i_con 4.65 plddt 0.36 ptm 0.88 i_ptm 0.19 energy -2.44
53 models [1] recycles 0 hard 0 soft 1 temp 1 loss 3.83 i_con 4.31 plddt 0.39 ptm 0.89 i_ptm 0.24 energy -2.72
54 models [0] recycles 0 hard 0 soft 1 temp 1 loss 3.62 i_con 4.15 plddt 0.42 ptm 0.87 i_ptm 0.27 energy -2.90
55 models [0] recycles 0 hard 0 soft 1 temp 1 loss 3.54 i_con 4.07 plddt 0.43 ptm 0.87 i_ptm 0.28 energy -2.94
56 models [0] recycles 0 hard 0 soft 1 temp 1 loss 3.47 i_con 4.04 plddt 0.41 ptm 0.87 i_ptm 0.28 energy -3.16
57 models [0] recycles 0 hard 0 soft 1 temp 1 loss 3.43 i_con 4.03 plddt 0.43 ptm 0.87 i_ptm 0.28 energy -3.31
58 models [0] recycles 0 hard 0 soft 1 temp 1 loss 3.36 i_con 3.98 plddt 0.42 ptm 0.87 i_ptm 0.33 energy -3.40
59 models [0] recycles 0 hard 0 soft 1 temp 1 loss 3.32 i_con 3.96 plddt 0.44 ptm 0.87 i_ptm 0.32 energy -3.48
60 models [1] recycles 0 hard 0 soft 1 temp 1 loss 3.77 i_con 4.43 plddt 0.41 ptm 0.88 i_ptm 0.23 energy -3.59
61 models [1] recycles 0 hard 0 soft 1 temp 1 loss 3.43 i_con 4.10 plddt 0.42 ptm 0.89 i_ptm 0.31 energy -3.65
62 models [0] recycles 0 hard 0 soft 1 temp 1 loss 3.28 i_con 3.98 plddt 0.44 ptm 0.88 i_ptm 0.32 energy -3.74
63 models [0] recycles 0 hard 0 soft 1 temp 1 loss 3.35 i_con 4.03 plddt 0.42 ptm 0.87 i_ptm 0.33 energy -3.68
64 models [0] recycles 0 hard 0 soft 1 temp 1 loss 3.18 i_con 3.89 plddt 0.45 ptm 0.88 i_ptm 0.35 energy -3.83
65 models [1] recycles 0 hard 0 soft 1 temp 1 loss 3.22 i_con 3.92 plddt 0.44 ptm 0.89 i_ptm 0.34 energy -3.78
66 models [1] recycles 0 hard 0 soft 1 temp 1 loss 3.27 i_con 4.00 plddt 0.41 ptm 0.89 i_ptm 0.31 energy -3.92
67 models [0] recycles 0 hard 0 soft 1 temp 1 loss 3.10 i_con 3.82 plddt 0.42 ptm 0.88 i_ptm 0.39 energy -3.90
68 models [0] recycles 0 hard 0 soft 1 temp 1 loss 3.11 i_con 3.87 plddt 0.43 ptm 0.88 i_ptm 0.34 energy -4.09
69 models [1] recycles 0 hard 0 soft 1 temp 1 loss 3.37 i_con 4.16 plddt 0.40 ptm 0.89 i_ptm 0.28 energy -4.22
70 models [1] recycles 0 hard 0 soft 1 temp 1 loss 3.18 i_con 3.97 plddt 0.44 ptm 0.89 i_ptm 0.35 energy -4.21
71 models [1] recycles 0 hard 0 soft 1 temp 1 loss 3.59 i_con 4.38 plddt 0.38 ptm 0.88 i_ptm 0.23 energy -4.28
72 models [1] recycles 0 hard 0 soft 1 temp 1 loss 3.18 i_con 3.96 plddt 0.42 ptm 0.89 i_ptm 0.36 energy -4.16
73 models [0] recycles 0 hard 0 soft 1 temp 1 loss 3.24 i_con 4.05 plddt 0.41 ptm 0.87 i_ptm 0.29 energy -4.32
74 models [0] recycles 0 hard 0 soft 1 temp 1 loss 3.27 i_con 4.11 plddt 0.42 ptm 0.87 i_ptm 0.29 energy -4.48
75 models [1] recycles 0 hard 0 soft 1 temp 1 loss 3.07 i_con 3.93 plddt 0.43 ptm 0.89 i_ptm 0.38 energy -4.58
76 models [1] recycles 0 hard 0 soft 1 temp 1 loss 3.25 i_con 4.11 plddt 0.40 ptm 0.89 i_ptm 0.31 energy -4.59
77 models [1] recycles 0 hard 0 soft 1 temp 1 loss 2.94 i_con 3.84 plddt 0.43 ptm 0.89 i_ptm 0.41 energy -4.76
78 models [1] recycles 0 hard 0 soft 1 temp 1 loss 3.50 i_con 4.43 plddt 0.37 ptm 0.89 i_ptm 0.24 energy -5.00
79 models [0] recycles 0 hard 0 soft 1 temp 1 loss 3.20 i_con 4.15 plddt 0.40 ptm 0.87 i_ptm 0.27 energy -5.06
80 models [1] recycles 0 hard 0 soft 1 temp 1 loss 3.23 i_con 4.23 plddt 0.41 ptm 0.89 i_ptm 0.28 energy -5.27
81 models [0] recycles 0 hard 0 soft 1 temp 1 loss 3.14 i_con 4.14 plddt 0.38 ptm 0.87 i_ptm 0.27 energy -5.33
82 models [0] recycles 0 hard 0 soft 1 temp 1 loss 3.28 i_con 4.29 plddt 0.43 ptm 0.87 i_ptm 0.24 energy -5.36
83 models [1] recycles 0 hard 0 soft 1 temp 1 loss 3.00 i_con 4.04 plddt 0.44 ptm 0.89 i_ptm 0.34 energy -5.50
84 models [1] recycles 0 hard 0 soft 1 temp 1 loss 2.91 i_con 3.98 plddt 0.43 ptm 0.89 i_ptm 0.36 energy -5.60
85 models [1] recycles 0 hard 0 soft 1 temp 1 loss 2.96 i_con 4.02 plddt 0.43 ptm 0.89 i_ptm 0.35 energy -5.55
86 models [1] recycles 0 hard 0 soft 1 temp 1 loss 3.05 i_con 4.13 plddt 0.41 ptm 0.89 i_ptm 0.30 energy -5.66
87 models [1] recycles 0 hard 0 soft 1 temp 1 loss 2.93 i_con 3.99 plddt 0.44 ptm 0.89 i_ptm 0.36 energy -5.62
88 models [0] recycles 0 hard 0 soft 1 temp 1 loss 2.95 i_con 4.00 plddt 0.40 ptm 0.87 i_ptm 0.32 energy -5.57
89 models [1] recycles 0 hard 0 soft 1 temp 1 loss 3.65 i_con 4.74 plddt 0.36 ptm 0.88 i_ptm 0.20 energy -5.75
90 models [1] recycles 0 hard 0 soft 1 temp 1 loss 2.90 i_con 3.99 plddt 0.42 ptm 0.89 i_ptm 0.37 energy -5.73
91 models [0] recycles 0 hard 0 soft 1 temp 1 loss 2.97 i_con 4.06 plddt 0.40 ptm 0.87 i_ptm 0.32 energy -5.74
92 models [1] recycles 0 hard 0 soft 1 temp 1 loss 2.87 i_con 3.96 plddt 0.43 ptm 0.89 i_ptm 0.38 energy -5.76
93 models [1] recycles 0 hard 0 soft 1 temp 1 loss 3.38 i_con 4.48 plddt 0.37 ptm 0.88 i_ptm 0.24 energy -5.83
94 models [1] recycles 0 hard 0 soft 1 temp 1 loss 2.97 i_con 4.08 plddt 0.43 ptm 0.89 i_ptm 0.35 energy -5.80
95 models [0] recycles 0 hard 0 soft 1 temp 1 loss 3.00 i_con 4.11 plddt 0.43 ptm 0.87 i_ptm 0.30 energy -5.84
96 models [1] recycles 0 hard 0 soft 1 temp 1 loss 3.00 i_con 4.10 plddt 0.45 ptm 0.89 i_ptm 0.32 energy -5.77
97 models [0] recycles 0 hard 0 soft 1 temp 1 loss 2.85 i_con 3.95 plddt 0.43 ptm 0.87 i_ptm 0.37 energy -5.80
98 models [1] recycles 0 hard 0 soft 1 temp 1 loss 3.09 i_con 4.19 plddt 0.38 ptm 0.89 i_ptm 0.28 energy -5.78
99 models [1] recycles 0 hard 0 soft 1 temp 1 loss 3.01 i_con 4.10 plddt 0.42 ptm 0.89 i_ptm 0.31 energy -5.78
100 models [1] recycles 0 hard 0 soft 1 temp 1 loss 2.82 i_con 3.92 plddt 0.43 ptm 0.89 i_ptm 0.40 energy -5.80
101 models [0] recycles 0 hard 0 soft 0 temp 1 loss 4.88 i_con 6.36 plddt 0.47 ptm 0.87 i_ptm 0.13 energy -30.60
102 models [0] recycles 0 hard 0 soft 0 temp 0.98 loss 3.37 i_con 4.84 plddt 0.45 ptm 0.87 i_ptm 0.23 energy -30.41
103 models [0] recycles 0 hard 0 soft 0 temp 0.96 loss 3.19 i_con 4.65 plddt 0.40 ptm 0.87 i_ptm 0.25 energy -30.40
104 models [0] recycles 0 hard 0 soft 0 temp 0.94 loss 2.83 i_con 4.28 plddt 0.43 ptm 0.87 i_ptm 0.30 energy -30.23
105 models [1] recycles 0 hard 0 soft 0 temp 0.92 loss 3.52 i_con 5.01 plddt 0.42 ptm 0.88 i_ptm 0.16 energy -30.99
106 models [1] recycles 0 hard 0 soft 0 temp 0.90 loss 2.66 i_con 4.15 plddt 0.43 ptm 0.89 i_ptm 0.31 energy -30.95
107 models [1] recycles 0 hard 0 soft 0 temp 0.88 loss 2.88 i_con 4.40 plddt 0.43 ptm 0.88 i_ptm 0.26 energy -31.44
108 models [0] recycles 0 hard 0 soft 0 temp 0.86 loss 2.29 i_con 3.83 plddt 0.43 ptm 0.87 i_ptm 0.40 energy -32.02
109 models [1] recycles 0 hard 0 soft 0 temp 0.84 loss 2.31 i_con 3.95 plddt 0.43 ptm 0.89 i_ptm 0.37 energy -33.89
110 models [0] recycles 0 hard 0 soft 0 temp 0.82 loss 2.19 i_con 3.90 plddt 0.44 ptm 0.88 i_ptm 0.37 energy -35.46
111 models [1] recycles 0 hard 0 soft 0 temp 0.80 loss 1.96 i_con 3.74 plddt 0.47 ptm 0.89 i_ptm 0.46 energy -36.66
112 models [0] recycles 0 hard 0 soft 0 temp 0.78 loss 2.16 i_con 4.02 plddt 0.42 ptm 0.87 i_ptm 0.35 energy -38.40
113 models [0] recycles 0 hard 0 soft 0 temp 0.76 loss 1.89 i_con 3.83 plddt 0.44 ptm 0.88 i_ptm 0.38 energy -39.95
114 models [1] recycles 0 hard 0 soft 0 temp 0.74 loss 1.61 i_con 3.62 plddt 0.48 ptm 0.90 i_ptm 0.50 energy -41.15
115 models [0] recycles 0 hard 0 soft 0 temp 0.72 loss 1.79 i_con 3.83 plddt 0.44 ptm 0.88 i_ptm 0.38 energy -41.84
116 models [1] recycles 0 hard 0 soft 0 temp 0.70 loss 1.53 i_con 3.63 plddt 0.49 ptm 0.90 i_ptm 0.50 energy -43.04
117 models [0] recycles 0 hard 0 soft 0 temp 0.68 loss 1.66 i_con 3.78 plddt 0.43 ptm 0.88 i_ptm 0.41 energy -43.48
118 models [1] recycles 0 hard 0 soft 0 temp 0.66 loss 1.22 i_con 3.41 plddt 0.55 ptm 0.90 i_ptm 0.58 energy -44.66
119 models [1] recycles 0 hard 0 soft 0 temp 0.64 loss 1.34 i_con 3.57 plddt 0.50 ptm 0.90 i_ptm 0.55 energy -45.50
120 models [0] recycles 0 hard 0 soft 0 temp 0.62 loss 1.28 i_con 3.57 plddt 0.50 ptm 0.88 i_ptm 0.53 energy -46.71
121 models [0] recycles 0 hard 0 soft 0 temp 0.60 loss 1.41 i_con 3.75 plddt 0.45 ptm 0.88 i_ptm 0.43 energy -47.80
122 models [1] recycles 0 hard 0 soft 0 temp 0.58 loss 1.37 i_con 3.74 plddt 0.48 ptm 0.89 i_ptm 0.45 energy -48.50
123 models [0] recycles 0 hard 0 soft 0 temp 0.56 loss 1.30 i_con 3.70 plddt 0.48 ptm 0.88 i_ptm 0.45 energy -49.07
124 models [1] recycles 0 hard 0 soft 0 temp 0.54 loss 0.98 i_con 3.42 plddt 0.56 ptm 0.90 i_ptm 0.60 energy -49.64
125 models [1] recycles 0 hard 0 soft 0 temp 0.52 loss 1.24 i_con 3.71 plddt 0.44 ptm 0.90 i_ptm 0.46 energy -50.52
126 models [0] recycles 0 hard 0 soft 0 temp 0.50 loss 1.16 i_con 3.69 plddt 0.47 ptm 0.88 i_ptm 0.47 energy -51.58
127 models [1] recycles 0 hard 0 soft 0 temp 0.48 loss 0.96 i_con 3.53 plddt 0.52 ptm 0.90 i_ptm 0.54 energy -52.41
128 models [1] recycles 0 hard 0 soft 0 temp 0.46 loss 0.86 i_con 3.51 plddt 0.52 ptm 0.90 i_ptm 0.55 energy -53.91
129 models [0] recycles 0 hard 0 soft 0 temp 0.44 loss 0.88 i_con 3.59 plddt 0.48 ptm 0.88 i_ptm 0.49 energy -55.24
130 models [1] recycles 0 hard 0 soft 0 temp 0.42 loss 0.71 i_con 3.48 plddt 0.52 ptm 0.90 i_ptm 0.56 energy -56.43
131 models [0] recycles 0 hard 0 soft 0 temp 0.40 loss 0.82 i_con 3.62 plddt 0.47 ptm 0.88 i_ptm 0.47 energy -57.19
132 models [1] recycles 0 hard 0 soft 0 temp 0.38 loss 0.56 i_con 3.43 plddt 0.51 ptm 0.90 i_ptm 0.56 energy -58.32
133 models [0] recycles 0 hard 0 soft 0 temp 0.36 loss 0.48 i_con 3.36 plddt 0.55 ptm 0.88 i_ptm 0.61 energy -58.52
134 models [1] recycles 0 hard 0 soft 0 temp 0.34 loss 0.21 i_con 3.16 plddt 0.62 ptm 0.91 i_ptm 0.69 energy -59.61
135 models [0] recycles 0 hard 0 soft 0 temp 0.32 loss 0.63 i_con 3.61 plddt 0.52 ptm 0.88 i_ptm 0.54 energy -60.62
136 models [0] recycles 0 hard 0 soft 0 temp 0.30 loss 0.45 i_con 3.49 plddt 0.51 ptm 0.88 i_ptm 0.53 energy -61.87
137 models [0] recycles 0 hard 0 soft 0 temp 0.28 loss 0.61 i_con 3.72 plddt 0.51 ptm 0.88 i_ptm 0.48 energy -63.17
138 models [0] recycles 0 hard 0 soft 0 temp 0.26 loss 0.44 i_con 3.59 plddt 0.51 ptm 0.88 i_ptm 0.52 energy -64.02
139 models [0] recycles 0 hard 0 soft 0 temp 0.24 loss 0.27 i_con 3.47 plddt 0.53 ptm 0.88 i_ptm 0.57 energy -65.05
140 models [0] recycles 0 hard 0 soft 0 temp 0.22 loss 0.08 i_con 3.32 plddt 0.56 ptm 0.89 i_ptm 0.62 energy -65.66
141 models [0] recycles 0 hard 0 soft 0 temp 0.20 loss 0.11 i_con 3.39 plddt 0.56 ptm 0.89 i_ptm 0.61 energy -66.37
142 models [1] recycles 0 hard 0 soft 0 temp 0.18 loss 0.06 i_con 3.40 plddt 0.56 ptm 0.90 i_ptm 0.58 energy -67.52
143 models [1] recycles 0 hard 0 soft 0 temp 0.16 loss -0.53 i_con 2.86 plddt 0.65 ptm 0.91 i_ptm 0.73 energy -68.51
144 models [0] recycles 0 hard 0 soft 0 temp 0.14 loss 0.07 i_con 3.49 plddt 0.54 ptm 0.88 i_ptm 0.58 energy -69.34
145 models [0] recycles 0 hard 0 soft 0 temp 0.12 loss 0.19 i_con 3.63 plddt 0.52 ptm 0.88 i_ptm 0.51 energy -69.69
146 models [1] recycles 0 hard 0 soft 0 temp 0.10 loss -0.49 i_con 3.00 plddt 0.64 ptm 0.91 i_ptm 0.71 energy -70.56
147 models [1] recycles 0 hard 0 soft 0 temp 0.08 loss -0.63 i_con 2.91 plddt 0.64 ptm 0.91 i_ptm 0.71 energy -71.62
148 models [0] recycles 0 hard 0 soft 0 temp 0.06 loss -0.09 i_con 3.48 plddt 0.49 ptm 0.88 i_ptm 0.51 energy -72.35
149 models [0] recycles 0 hard 0 soft 0 temp 0.04 loss -0.05 i_con 3.53 plddt 0.51 ptm 0.88 i_ptm 0.52 energy -72.59
150 models [1] recycles 0 hard 0 soft 0 temp 0.02 loss -0.40 i_con 3.24 plddt 0.58 ptm 0.90 i_ptm 0.62 energy -73.56
151 models [0] recycles 0 hard 1 soft 0 temp 0.00 loss 2.60 i_con 3.76 plddt 0.42 ptm 0.88 i_ptm 0.47 energy -6.11
152 models [0] recycles 0 hard 1 soft 0 temp 0.00 loss 2.60 i_con 3.76 plddt 0.42 ptm 0.88 i_ptm 0.47 energy -6.11
153 models [0] recycles 0 hard 1 soft 0 temp 0.00 loss 2.60 i_con 3.76 plddt 0.42 ptm 0.88 i_ptm 0.47 energy -6.11
154 models [1] recycles 0 hard 1 soft 0 temp 0.00 loss 2.27 i_con 3.44 plddt 0.50 ptm 0.90 i_ptm 0.59 energy -6.11
155 models [1] recycles 0 hard 1 soft 0 temp 0.00 loss 2.27 i_con 3.44 plddt 0.50 ptm 0.90 i_ptm 0.59 energy -6.11
156 models [1] recycles 0 hard 1 soft 0 temp 0.00 loss 2.27 i_con 3.44 plddt 0.50 ptm 0.90 i_ptm 0.59 energy -6.11
157 models [0] recycles 0 hard 1 soft 0 temp 0.00 loss 2.60 i_con 3.76 plddt 0.42 ptm 0.88 i_ptm 0.47 energy -6.11
158 models [1] recycles 0 hard 1 soft 0 temp 0.00 loss 2.27 i_con 3.44 plddt 0.50 ptm 0.90 i_ptm 0.59 energy -6.11
159 models [0] recycles 0 hard 1 soft 0 temp 0.00 loss 2.60 i_con 3.76 plddt 0.42 ptm 0.88 i_ptm 0.47 energy -6.11
160 models [0] recycles 0 hard 1 soft 0 temp 0.00 loss 2.60 i_con 3.76 plddt 0.42 ptm 0.88 i_ptm 0.47 energy -6.11
161 models [0] recycles 0 hard 1 soft 0 temp 0.00 loss 2.60 i_con 3.76 plddt 0.42 ptm 0.88 i_ptm 0.47 energy -6.11
162 models [1] recycles 0 hard 1 soft 0 temp 0.00 loss 2.27 i_con 3.44 plddt 0.50 ptm 0.90 i_ptm 0.59 energy -6.11
163 models [0] recycles 0 hard 1 soft 0 temp 0.00 loss 2.60 i_con 3.76 plddt 0.42 ptm 0.88 i_ptm 0.47 energy -6.11
164 models [1] recycles 0 hard 1 soft 0 temp 0.00 loss 2.27 i_con 3.44 plddt 0.50 ptm 0.90 i_ptm 0.59 energy -6.11
165 models [1] recycles 0 hard 1 soft 0 temp 0.00 loss 2.27 i_con 3.44 plddt 0.50 ptm 0.90 i_ptm 0.59 energy -6.11
166 models [1] recycles 0 hard 1 soft 0 temp 0.00 loss 2.27 i_con 3.44 plddt 0.50 ptm 0.90 i_ptm 0.59 energy -6.11
167 models [0] recycles 0 hard 1 soft 0 temp 0.00 loss 2.60 i_con 3.76 plddt 0.42 ptm 0.88 i_ptm 0.47 energy -6.11
168 models [0] recycles 0 hard 1 soft 0 temp 0.00 loss 2.60 i_con 3.76 plddt 0.42 ptm 0.88 i_ptm 0.47 energy -6.11
169 models [1] recycles 0 hard 1 soft 0 temp 0.00 loss 2.27 i_con 3.44 plddt 0.50 ptm 0.90 i_ptm 0.59 energy -6.11
170 models [0] recycles 0 hard 1 soft 0 temp 0.00 loss 2.60 i_con 3.76 plddt 0.42 ptm 0.88 i_ptm 0.47 energy -6.11
171 models [1] recycles 0 hard 1 soft 0 temp 0.00 loss 2.27 i_con 3.44 plddt 0.50 ptm 0.90 i_ptm 0.59 energy -6.11
172 models [1] recycles 0 hard 1 soft 0 temp 0.00 loss 2.27 i_con 3.44 plddt 0.50 ptm 0.90 i_ptm 0.59 energy -6.11
173 models [0] recycles 0 hard 1 soft 0 temp 0.00 loss 2.60 i_con 3.76 plddt 0.42 ptm 0.88 i_ptm 0.47 energy -6.11
174 models [1] recycles 0 hard 1 soft 0 temp 0.00 loss 2.27 i_con 3.44 plddt 0.50 ptm 0.90 i_ptm 0.59 energy -6.11
175 models [1] recycles 0 hard 1 soft 0 temp 0.00 loss 2.27 i_con 3.44 plddt 0.50 ptm 0.90 i_ptm 0.59 energy -6.11
176 models [1] recycles 0 hard 1 soft 0 temp 0.00 loss 2.27 i_con 3.44 plddt 0.50 ptm 0.90 i_ptm 0.59 energy -6.11
177 models [0] recycles 0 hard 1 soft 0 temp 0.00 loss 2.60 i_con 3.76 plddt 0.42 ptm 0.88 i_ptm 0.47 energy -6.11
178 models [1] recycles 0 hard 1 soft 0 temp 0.00 loss 2.27 i_con 3.44 plddt 0.50 ptm 0.90 i_ptm 0.59 energy -6.11
179 models [1] recycles 0 hard 1 soft 0 temp 0.00 loss 2.27 i_con 3.44 plddt 0.50 ptm 0.90 i_ptm 0.59 energy -6.11
180 models [0] recycles 0 hard 1 soft 0 temp 0.00 loss 2.60 i_con 3.76 plddt 0.42 ptm 0.88 i_ptm 0.47 energy -6.11
  seq=AISGPALEVLYQCFC  loss=2.5960  loss_af=3.8187  energy=-6.1133  i_ptm=0.4658
[3/3] seed=2 ...
1 models [0] recycles 0 hard 0 soft 1 temp 1 loss 7.94 i_con 7.52 plddt 0.56 ptm 0.87 i_ptm 0.12 energy 7.37
2 models [1] recycles 0 hard 0 soft 1 temp 1 loss 7.75 i_con 7.35 plddt 0.54 ptm 0.88 i_ptm 0.10 energy 7.15
3 models [0] recycles 0 hard 0 soft 1 temp 1 loss 7.95 i_con 7.56 plddt 0.57 ptm 0.86 i_ptm 0.12 energy 6.87
4 models [1] recycles 0 hard 0 soft 1 temp 1 loss 7.72 i_con 7.35 plddt 0.57 ptm 0.88 i_ptm 0.09 energy 6.63
5 models [0] recycles 0 hard 0 soft 1 temp 1 loss 7.63 i_con 7.28 plddt 0.58 ptm 0.86 i_ptm 0.12 energy 6.27
6 models [1] recycles 0 hard 0 soft 1 temp 1 loss 7.36 i_con 7.01 plddt 0.51 ptm 0.88 i_ptm 0.09 energy 6.03
7 models [0] recycles 0 hard 0 soft 1 temp 1 loss 7.20 i_con 6.86 plddt 0.45 ptm 0.86 i_ptm 0.12 energy 5.78
8 models [1] recycles 0 hard 0 soft 1 temp 1 loss 6.97 i_con 6.64 plddt 0.51 ptm 0.88 i_ptm 0.09 energy 5.65
9 models [0] recycles 0 hard 0 soft 1 temp 1 loss 6.15 i_con 5.82 plddt 0.46 ptm 0.86 i_ptm 0.13 energy 5.54
10 models [0] recycles 0 hard 0 soft 1 temp 1 loss 5.58 i_con 5.24 plddt 0.40 ptm 0.87 i_ptm 0.14 energy 5.56
11 models [1] recycles 0 hard 0 soft 1 temp 1 loss 6.09 i_con 5.75 plddt 0.46 ptm 0.88 i_ptm 0.09 energy 5.64
12 models [0] recycles 0 hard 0 soft 1 temp 1 loss 5.36 i_con 5.01 plddt 0.39 ptm 0.86 i_ptm 0.12 energy 5.75
13 models [0] recycles 0 hard 0 soft 1 temp 1 loss 5.24 i_con 4.90 plddt 0.36 ptm 0.86 i_ptm 0.14 energy 5.45
14 models [0] recycles 0 hard 0 soft 1 temp 1 loss 5.27 i_con 4.97 plddt 0.41 ptm 0.87 i_ptm 0.12 energy 4.83
15 models [0] recycles 0 hard 0 soft 1 temp 1 loss 5.33 i_con 5.03 plddt 0.38 ptm 0.86 i_ptm 0.12 energy 4.74
16 models [1] recycles 0 hard 0 soft 1 temp 1 loss 5.91 i_con 5.62 plddt 0.44 ptm 0.88 i_ptm 0.09 energy 4.69
17 models [1] recycles 0 hard 0 soft 1 temp 1 loss 5.36 i_con 5.06 plddt 0.37 ptm 0.88 i_ptm 0.12 energy 4.84
18 models [0] recycles 0 hard 0 soft 1 temp 1 loss 4.77 i_con 4.47 plddt 0.42 ptm 0.87 i_ptm 0.17 energy 4.84
19 models [0] recycles 0 hard 0 soft 1 temp 1 loss 4.95 i_con 4.68 plddt 0.38 ptm 0.86 i_ptm 0.13 energy 4.24
20 models [0] recycles 0 hard 0 soft 1 temp 1 loss 5.05 i_con 4.79 plddt 0.38 ptm 0.87 i_ptm 0.15 energy 3.84
21 models [0] recycles 0 hard 0 soft 1 temp 1 loss 4.79 i_con 4.55 plddt 0.36 ptm 0.86 i_ptm 0.18 energy 3.64
22 models [0] recycles 0 hard 0 soft 1 temp 1 loss 4.94 i_con 4.71 plddt 0.35 ptm 0.87 i_ptm 0.16 energy 3.16
23 models [1] recycles 0 hard 0 soft 1 temp 1 loss 5.50 i_con 5.30 plddt 0.43 ptm 0.88 i_ptm 0.10 energy 3.03
24 models [1] recycles 0 hard 0 soft 1 temp 1 loss 5.78 i_con 5.58 plddt 0.45 ptm 0.88 i_ptm 0.08 energy 2.79
25 models [0] recycles 0 hard 0 soft 1 temp 1 loss 4.78 i_con 4.59 plddt 0.36 ptm 0.87 i_ptm 0.18 energy 2.62
26 models [1] recycles 0 hard 0 soft 1 temp 1 loss 5.84 i_con 5.67 plddt 0.42 ptm 0.88 i_ptm 0.09 energy 2.20
27 models [0] recycles 0 hard 0 soft 1 temp 1 loss 4.60 i_con 4.44 plddt 0.38 ptm 0.87 i_ptm 0.22 energy 1.99
28 models [0] recycles 0 hard 0 soft 1 temp 1 loss 4.62 i_con 4.48 plddt 0.37 ptm 0.87 i_ptm 0.18 energy 1.48
29 models [0] recycles 0 hard 0 soft 1 temp 1 loss 4.87 i_con 4.75 plddt 0.38 ptm 0.86 i_ptm 0.15 energy 1.27
30 models [0] recycles 0 hard 0 soft 1 temp 1 loss 4.53 i_con 4.42 plddt 0.37 ptm 0.87 i_ptm 0.21 energy 0.84
31 models [1] recycles 0 hard 0 soft 1 temp 1 loss 5.52 i_con 5.42 plddt 0.38 ptm 0.88 i_ptm 0.09 energy 0.80
32 models [1] recycles 0 hard 0 soft 1 temp 1 loss 5.20 i_con 5.09 plddt 0.34 ptm 0.88 i_ptm 0.12 energy 0.78
33 models [0] recycles 0 hard 0 soft 1 temp 1 loss 4.47 i_con 4.37 plddt 0.40 ptm 0.87 i_ptm 0.22 energy 0.84
34 models [1] recycles 0 hard 0 soft 1 temp 1 loss 5.76 i_con 5.69 plddt 0.45 ptm 0.88 i_ptm 0.09 energy 0.43
35 models [1] recycles 0 hard 0 soft 1 temp 1 loss 5.25 i_con 5.17 plddt 0.38 ptm 0.88 i_ptm 0.10 energy 0.38
36 models [0] recycles 0 hard 0 soft 1 temp 1 loss 5.00 i_con 4.94 plddt 0.38 ptm 0.86 i_ptm 0.13 energy 0.04
37 models [0] recycles 0 hard 0 soft 1 temp 1 loss 4.56 i_con 4.51 plddt 0.39 ptm 0.87 i_ptm 0.19 energy -0.16
38 models [0] recycles 0 hard 0 soft 1 temp 1 loss 4.45 i_con 4.38 plddt 0.37 ptm 0.87 i_ptm 0.19 energy 0.14
39 models [0] recycles 0 hard 0 soft 1 temp 1 loss 4.53 i_con 4.48 plddt 0.39 ptm 0.87 i_ptm 0.22 energy -0.41
40 models [1] recycles 0 hard 0 soft 1 temp 1 loss 5.44 i_con 5.40 plddt 0.37 ptm 0.88 i_ptm 0.09 energy -0.38
41 models [0] recycles 0 hard 0 soft 1 temp 1 loss 4.73 i_con 4.69 plddt 0.37 ptm 0.87 i_ptm 0.16 energy -0.43
42 models [1] recycles 0 hard 0 soft 1 temp 1 loss 5.13 i_con 5.09 plddt 0.37 ptm 0.88 i_ptm 0.10 energy -0.51
43 models [0] recycles 0 hard 0 soft 1 temp 1 loss 4.58 i_con 4.56 plddt 0.39 ptm 0.87 i_ptm 0.20 energy -0.74
44 models [1] recycles 0 hard 0 soft 1 temp 1 loss 4.96 i_con 4.94 plddt 0.35 ptm 0.88 i_ptm 0.12 energy -0.94
45 models [0] recycles 0 hard 0 soft 1 temp 1 loss 4.41 i_con 4.40 plddt 0.36 ptm 0.87 i_ptm 0.23 energy -1.07
46 models [0] recycles 0 hard 0 soft 1 temp 1 loss 4.42 i_con 4.44 plddt 0.38 ptm 0.87 i_ptm 0.20 energy -1.48
47 models [1] recycles 0 hard 0 soft 1 temp 1 loss 4.74 i_con 4.77 plddt 0.34 ptm 0.88 i_ptm 0.15 energy -1.90
48 models [1] recycles 0 hard 0 soft 1 temp 1 loss 4.63 i_con 4.68 plddt 0.34 ptm 0.88 i_ptm 0.18 energy -2.17
49 models [1] recycles 0 hard 0 soft 1 temp 1 loss 4.60 i_con 4.65 plddt 0.35 ptm 0.88 i_ptm 0.19 energy -2.33
50 models [1] recycles 0 hard 0 soft 1 temp 1 loss 4.79 i_con 4.85 plddt 0.39 ptm 0.88 i_ptm 0.17 energy -2.47
51 models [0] recycles 0 hard 0 soft 1 temp 1 loss 3.93 i_con 4.37 plddt 0.36 ptm 0.87 i_ptm 0.22 energy -2.52
52 models [0] recycles 0 hard 0 soft 1 temp 1 loss 3.84 i_con 4.30 plddt 0.37 ptm 0.87 i_ptm 0.22 energy -2.65
53 models [1] recycles 0 hard 0 soft 1 temp 1 loss 4.04 i_con 4.52 plddt 0.35 ptm 0.88 i_ptm 0.19 energy -2.71
54 models [1] recycles 0 hard 0 soft 1 temp 1 loss 3.97 i_con 4.49 plddt 0.35 ptm 0.88 i_ptm 0.18 energy -2.94
55 models [0] recycles 0 hard 0 soft 1 temp 1 loss 3.76 i_con 4.33 plddt 0.38 ptm 0.87 i_ptm 0.22 energy -3.13
56 models [1] recycles 0 hard 0 soft 1 temp 1 loss 4.21 i_con 4.79 plddt 0.35 ptm 0.88 i_ptm 0.16 energy -3.24
57 models [1] recycles 0 hard 0 soft 1 temp 1 loss 4.14 i_con 4.78 plddt 0.36 ptm 0.88 i_ptm 0.16 energy -3.51
58 models [0] recycles 0 hard 0 soft 1 temp 1 loss 3.33 i_con 3.96 plddt 0.41 ptm 0.87 i_ptm 0.27 energy -3.48
59 models [0] recycles 0 hard 0 soft 1 temp 1 loss 3.49 i_con 4.17 plddt 0.40 ptm 0.87 i_ptm 0.26 energy -3.71
60 models [1] recycles 0 hard 0 soft 1 temp 1 loss 3.81 i_con 4.52 plddt 0.37 ptm 0.88 i_ptm 0.21 energy -3.85
61 models [1] recycles 0 hard 0 soft 1 temp 1 loss 3.62 i_con 4.34 plddt 0.38 ptm 0.89 i_ptm 0.22 energy -3.93
62 models [1] recycles 0 hard 0 soft 1 temp 1 loss 3.67 i_con 4.44 plddt 0.37 ptm 0.89 i_ptm 0.18 energy -4.12
63 models [0] recycles 0 hard 0 soft 1 temp 1 loss 3.52 i_con 4.33 plddt 0.37 ptm 0.87 i_ptm 0.21 energy -4.36
64 models [1] recycles 0 hard 0 soft 1 temp 1 loss 3.62 i_con 4.42 plddt 0.37 ptm 0.89 i_ptm 0.19 energy -4.32
65 models [1] recycles 0 hard 0 soft 1 temp 1 loss 3.59 i_con 4.38 plddt 0.35 ptm 0.88 i_ptm 0.19 energy -4.29
66 models [0] recycles 0 hard 0 soft 1 temp 1 loss 3.29 i_con 4.12 plddt 0.35 ptm 0.87 i_ptm 0.25 energy -4.44
67 models [0] recycles 0 hard 0 soft 1 temp 1 loss 3.51 i_con 4.40 plddt 0.42 ptm 0.87 i_ptm 0.22 energy -4.73
68 models [1] recycles 0 hard 0 soft 1 temp 1 loss 3.32 i_con 4.25 plddt 0.36 ptm 0.88 i_ptm 0.22 energy -4.96
69 models [0] recycles 0 hard 0 soft 1 temp 1 loss 3.20 i_con 4.15 plddt 0.40 ptm 0.87 i_ptm 0.25 energy -5.03
70 models [1] recycles 0 hard 0 soft 1 temp 1 loss 3.54 i_con 4.49 plddt 0.36 ptm 0.88 i_ptm 0.19 energy -5.08
71 models [1] recycles 0 hard 0 soft 1 temp 1 loss 3.29 i_con 4.23 plddt 0.38 ptm 0.89 i_ptm 0.27 energy -4.98
72 models [1] recycles 0 hard 0 soft 1 temp 1 loss 3.25 i_con 4.22 plddt 0.36 ptm 0.88 i_ptm 0.25 energy -5.15
73 models [1] recycles 0 hard 0 soft 1 temp 1 loss 3.19 i_con 4.12 plddt 0.35 ptm 0.89 i_ptm 0.25 energy -4.98
74 models [1] recycles 0 hard 0 soft 1 temp 1 loss 3.41 i_con 4.38 plddt 0.36 ptm 0.88 i_ptm 0.21 energy -5.15
75 models [0] recycles 0 hard 0 soft 1 temp 1 loss 2.99 i_con 3.95 plddt 0.37 ptm 0.87 i_ptm 0.31 energy -5.13
76 models [1] recycles 0 hard 0 soft 1 temp 1 loss 3.39 i_con 4.42 plddt 0.37 ptm 0.88 i_ptm 0.23 energy -5.42
77 models [0] recycles 0 hard 0 soft 1 temp 1 loss 2.94 i_con 3.99 plddt 0.37 ptm 0.87 i_ptm 0.30 energy -5.54
78 models [0] recycles 0 hard 0 soft 1 temp 1 loss 2.83 i_con 3.93 plddt 0.40 ptm 0.87 i_ptm 0.33 energy -5.78
79 models [0] recycles 0 hard 0 soft 1 temp 1 loss 2.88 i_con 4.03 plddt 0.40 ptm 0.87 i_ptm 0.30 energy -6.02
80 models [1] recycles 0 hard 0 soft 1 temp 1 loss 2.81 i_con 3.98 plddt 0.38 ptm 0.89 i_ptm 0.31 energy -6.18
81 models [1] recycles 0 hard 0 soft 1 temp 1 loss 3.01 i_con 4.21 plddt 0.37 ptm 0.89 i_ptm 0.25 energy -6.29
82 models [1] recycles 0 hard 0 soft 1 temp 1 loss 2.70 i_con 3.88 plddt 0.40 ptm 0.89 i_ptm 0.35 energy -6.24
83 models [0] recycles 0 hard 0 soft 1 temp 1 loss 2.85 i_con 3.99 plddt 0.38 ptm 0.87 i_ptm 0.29 energy -6.02
84 models [1] recycles 0 hard 0 soft 1 temp 1 loss 2.97 i_con 4.18 plddt 0.36 ptm 0.89 i_ptm 0.25 energy -6.37
85 models [0] recycles 0 hard 0 soft 1 temp 1 loss 2.72 i_con 3.91 plddt 0.37 ptm 0.87 i_ptm 0.34 energy -6.25
86 models [0] recycles 0 hard 0 soft 1 temp 1 loss 2.74 i_con 4.00 plddt 0.39 ptm 0.87 i_ptm 0.30 energy -6.57
87 models [0] recycles 0 hard 0 soft 1 temp 1 loss 2.85 i_con 4.11 plddt 0.38 ptm 0.87 i_ptm 0.26 energy -6.62
88 models [0] recycles 0 hard 0 soft 1 temp 1 loss 2.74 i_con 4.02 plddt 0.37 ptm 0.87 i_ptm 0.31 energy -6.71
89 models [1] recycles 0 hard 0 soft 1 temp 1 loss 3.00 i_con 4.29 plddt 0.35 ptm 0.89 i_ptm 0.23 energy -6.80
90 models [1] recycles 0 hard 0 soft 1 temp 1 loss 2.52 i_con 3.77 plddt 0.42 ptm 0.89 i_ptm 0.38 energy -6.54
91 models [1] recycles 0 hard 0 soft 1 temp 1 loss 2.64 i_con 3.88 plddt 0.40 ptm 0.89 i_ptm 0.33 energy -6.47
92 models [0] recycles 0 hard 0 soft 1 temp 1 loss 2.91 i_con 4.12 plddt 0.36 ptm 0.87 i_ptm 0.25 energy -6.35
93 models [1] recycles 0 hard 0 soft 1 temp 1 loss 2.68 i_con 3.96 plddt 0.37 ptm 0.89 i_ptm 0.32 energy -6.72
94 models [0] recycles 0 hard 0 soft 1 temp 1 loss 2.69 i_con 3.98 plddt 0.40 ptm 0.87 i_ptm 0.28 energy -6.72
95 models [0] recycles 0 hard 0 soft 1 temp 1 loss 3.01 i_con 4.32 plddt 0.37 ptm 0.87 i_ptm 0.21 energy -6.88
96 models [1] recycles 0 hard 0 soft 1 temp 1 loss 2.88 i_con 4.15 plddt 0.40 ptm 0.89 i_ptm 0.27 energy -6.66
97 models [1] recycles 0 hard 0 soft 1 temp 1 loss 2.78 i_con 4.05 plddt 0.36 ptm 0.89 i_ptm 0.26 energy -6.68
98 models [0] recycles 0 hard 0 soft 1 temp 1 loss 3.22 i_con 4.51 plddt 0.33 ptm 0.87 i_ptm 0.18 energy -6.75
99 models [1] recycles 0 hard 0 soft 1 temp 1 loss 2.68 i_con 4.00 plddt 0.41 ptm 0.89 i_ptm 0.29 energy -6.89
100 models [1] recycles 0 hard 0 soft 1 temp 1 loss 2.84 i_con 4.08 plddt 0.39 ptm 0.89 i_ptm 0.28 energy -6.50
101 models [1] recycles 0 hard 0 soft 0 temp 1 loss 5.10 i_con 6.71 plddt 0.48 ptm 0.88 i_ptm 0.09 energy -33.29
102 models [0] recycles 0 hard 0 soft 0 temp 0.98 loss 3.07 i_con 4.67 plddt 0.37 ptm 0.87 i_ptm 0.23 energy -33.31
103 models [0] recycles 0 hard 0 soft 0 temp 0.96 loss 2.76 i_con 4.38 plddt 0.37 ptm 0.87 i_ptm 0.25 energy -33.57
104 models [1] recycles 0 hard 0 soft 0 temp 0.94 loss 3.12 i_con 4.78 plddt 0.37 ptm 0.88 i_ptm 0.17 energy -34.49
105 models [1] recycles 0 hard 0 soft 0 temp 0.92 loss 2.46 i_con 4.13 plddt 0.38 ptm 0.89 i_ptm 0.29 energy -34.54
106 models [0] recycles 0 hard 0 soft 0 temp 0.90 loss 2.24 i_con 3.93 plddt 0.39 ptm 0.87 i_ptm 0.31 energy -35.02
107 models [0] recycles 0 hard 0 soft 0 temp 0.88 loss 2.22 i_con 3.98 plddt 0.38 ptm 0.87 i_ptm 0.28 energy -36.47
108 models [0] recycles 0 hard 0 soft 0 temp 0.86 loss 1.96 i_con 3.82 plddt 0.36 ptm 0.87 i_ptm 0.33 energy -38.49
109 models [0] recycles 0 hard 0 soft 0 temp 0.84 loss 1.87 i_con 3.83 plddt 0.41 ptm 0.88 i_ptm 0.37 energy -40.34
110 models [0] recycles 0 hard 0 soft 0 temp 0.82 loss 1.74 i_con 3.75 plddt 0.40 ptm 0.88 i_ptm 0.39 energy -41.44
111 models [1] recycles 0 hard 0 soft 0 temp 0.80 loss 1.81 i_con 3.91 plddt 0.40 ptm 0.89 i_ptm 0.33 energy -43.25
112 models [1] recycles 0 hard 0 soft 0 temp 0.78 loss 1.54 i_con 3.71 plddt 0.44 ptm 0.89 i_ptm 0.37 energy -44.59
113 models [1] recycles 0 hard 0 soft 0 temp 0.76 loss 1.25 i_con 3.47 plddt 0.41 ptm 0.89 i_ptm 0.44 energy -45.50
114 models [1] recycles 0 hard 0 soft 0 temp 0.74 loss 1.15 i_con 3.43 plddt 0.40 ptm 0.89 i_ptm 0.46 energy -46.80
115 models [1] recycles 0 hard 0 soft 0 temp 0.72 loss 1.48 i_con 3.80 plddt 0.38 ptm 0.89 i_ptm 0.34 energy -47.49
116 models [0] recycles 0 hard 0 soft 0 temp 0.70 loss 1.45 i_con 3.78 plddt 0.39 ptm 0.87 i_ptm 0.36 energy -47.77
117 models [1] recycles 0 hard 0 soft 0 temp 0.68 loss 1.24 i_con 3.64 plddt 0.41 ptm 0.89 i_ptm 0.41 energy -49.21
118 models [1] recycles 0 hard 0 soft 0 temp 0.66 loss 1.59 i_con 4.01 plddt 0.36 ptm 0.89 i_ptm 0.27 energy -49.79
119 models [1] recycles 0 hard 0 soft 0 temp 0.64 loss 0.64 i_con 3.11 plddt 0.47 ptm 0.90 i_ptm 0.54 energy -50.49
120 models [1] recycles 0 hard 0 soft 0 temp 0.62 loss 0.91 i_con 3.41 plddt 0.41 ptm 0.90 i_ptm 0.44 energy -51.36
121 models [0] recycles 0 hard 0 soft 0 temp 0.60 loss 1.27 i_con 3.81 plddt 0.43 ptm 0.88 i_ptm 0.34 energy -51.91
122 models [0] recycles 0 hard 0 soft 0 temp 0.58 loss 1.14 i_con 3.76 plddt 0.39 ptm 0.88 i_ptm 0.34 energy -53.68
123 models [0] recycles 0 hard 0 soft 0 temp 0.56 loss 0.98 i_con 3.69 plddt 0.42 ptm 0.87 i_ptm 0.39 energy -55.49
124 models [0] recycles 0 hard 0 soft 0 temp 0.54 loss 0.91 i_con 3.70 plddt 0.37 ptm 0.88 i_ptm 0.39 energy -57.06
125 models [1] recycles 0 hard 0 soft 0 temp 0.52 loss 0.86 i_con 3.73 plddt 0.37 ptm 0.89 i_ptm 0.35 energy -58.73
126 models [1] recycles 0 hard 0 soft 0 temp 0.50 loss 0.84 i_con 3.76 plddt 0.39 ptm 0.89 i_ptm 0.35 energy -59.67
127 models [1] recycles 0 hard 0 soft 0 temp 0.48 loss 0.12 i_con 3.06 plddt 0.46 ptm 0.90 i_ptm 0.59 energy -59.93
128 models [1] recycles 0 hard 0 soft 0 temp 0.46 loss 0.38 i_con 3.34 plddt 0.42 ptm 0.89 i_ptm 0.44 energy -60.41
129 models [0] recycles 0 hard 0 soft 0 temp 0.44 loss 0.80 i_con 3.78 plddt 0.38 ptm 0.88 i_ptm 0.37 energy -60.84
130 models [1] recycles 0 hard 0 soft 0 temp 0.42 loss 0.23 i_con 3.29 plddt 0.41 ptm 0.89 i_ptm 0.49 energy -62.28
131 models [1] recycles 0 hard 0 soft 0 temp 0.40 loss 0.81 i_con 3.90 plddt 0.44 ptm 0.89 i_ptm 0.36 energy -62.82
132 models [1] recycles 0 hard 0 soft 0 temp 0.38 loss -0.41 i_con 2.78 plddt 0.48 ptm 0.90 i_ptm 0.61 energy -64.77
133 models [0] recycles 0 hard 0 soft 0 temp 0.36 loss 0.45 i_con 3.69 plddt 0.39 ptm 0.88 i_ptm 0.41 energy -65.89
134 models [1] recycles 0 hard 0 soft 0 temp 0.34 loss 0.09 i_con 3.36 plddt 0.42 ptm 0.89 i_ptm 0.44 energy -66.57
135 models [0] recycles 0 hard 0 soft 0 temp 0.32 loss 0.50 i_con 3.81 plddt 0.37 ptm 0.87 i_ptm 0.31 energy -67.48
136 models [0] recycles 0 hard 0 soft 0 temp 0.30 loss 0.28 i_con 3.67 plddt 0.39 ptm 0.88 i_ptm 0.40 energy -68.89
137 models [1] recycles 0 hard 0 soft 0 temp 0.28 loss -0.12 i_con 3.36 plddt 0.40 ptm 0.89 i_ptm 0.43 energy -70.70
138 models [0] recycles 0 hard 0 soft 0 temp 0.26 loss 0.42 i_con 3.93 plddt 0.37 ptm 0.87 i_ptm 0.33 energy -71.40
139 models [0] recycles 0 hard 0 soft 0 temp 0.24 loss 0.18 i_con 3.74 plddt 0.39 ptm 0.87 i_ptm 0.36 energy -72.36
140 models [0] recycles 0 hard 0 soft 0 temp 0.22 loss -0.01 i_con 3.63 plddt 0.40 ptm 0.88 i_ptm 0.41 energy -73.87
141 models [1] recycles 0 hard 0 soft 0 temp 0.20 loss -0.75 i_con 2.95 plddt 0.42 ptm 0.90 i_ptm 0.59 energy -75.06
142 models [1] recycles 0 hard 0 soft 0 temp 0.18 loss -0.67 i_con 3.06 plddt 0.46 ptm 0.90 i_ptm 0.53 energy -75.58
143 models [1] recycles 0 hard 0 soft 0 temp 0.16 loss -0.33 i_con 3.41 plddt 0.42 ptm 0.89 i_ptm 0.40 energy -76.00
144 models [0] recycles 0 hard 0 soft 0 temp 0.14 loss -0.47 i_con 3.29 plddt 0.42 ptm 0.88 i_ptm 0.54 energy -76.19
145 models [0] recycles 0 hard 0 soft 0 temp 0.12 loss -0.04 i_con 3.76 plddt 0.40 ptm 0.87 i_ptm 0.35 energy -77.34
146 models [1] recycles 0 hard 0 soft 0 temp 0.10 loss -0.53 i_con 3.36 plddt 0.41 ptm 0.90 i_ptm 0.45 energy -79.02
147 models [1] recycles 0 hard 0 soft 0 temp 0.08 loss -1.01 i_con 2.97 plddt 0.45 ptm 0.90 i_ptm 0.55 energy -80.72
148 models [1] recycles 0 hard 0 soft 0 temp 0.06 loss -0.99 i_con 3.02 plddt 0.45 ptm 0.90 i_ptm 0.54 energy -81.39
149 models [0] recycles 0 hard 0 soft 0 temp 0.04 loss -0.72 i_con 3.28 plddt 0.44 ptm 0.88 i_ptm 0.51 energy -81.19
150 models [1] recycles 0 hard 0 soft 0 temp 0.02 loss -0.37 i_con 3.67 plddt 0.40 ptm 0.89 i_ptm 0.32 energy -82.12
151 models [0] recycles 0 hard 1 soft 0 temp 0.00 loss 3.08 i_con 4.29 plddt 0.33 ptm 0.87 i_ptm 0.21 energy -6.38
152 models [0] recycles 0 hard 1 soft 0 temp 0.00 loss 3.08 i_con 4.29 plddt 0.33 ptm 0.87 i_ptm 0.21 energy -6.38
153 models [0] recycles 0 hard 1 soft 0 temp 0.00 loss 3.08 i_con 4.29 plddt 0.33 ptm 0.87 i_ptm 0.21 energy -6.38
154 models [0] recycles 0 hard 1 soft 0 temp 0.00 loss 3.08 i_con 4.29 plddt 0.33 ptm 0.87 i_ptm 0.21 energy -6.38
155 models [0] recycles 0 hard 1 soft 0 temp 0.00 loss 3.08 i_con 4.29 plddt 0.33 ptm 0.87 i_ptm 0.21 energy -6.38
156 models [0] recycles 0 hard 1 soft 0 temp 0.00 loss 3.08 i_con 4.29 plddt 0.33 ptm 0.87 i_ptm 0.21 energy -6.38
157 models [0] recycles 0 hard 1 soft 0 temp 0.00 loss 3.08 i_con 4.29 plddt 0.33 ptm 0.87 i_ptm 0.21 energy -6.38
158 models [0] recycles 0 hard 1 soft 0 temp 0.00 loss 3.08 i_con 4.29 plddt 0.33 ptm 0.87 i_ptm 0.21 energy -6.38
159 models [0] recycles 0 hard 1 soft 0 temp 0.00 loss 3.08 i_con 4.29 plddt 0.33 ptm 0.87 i_ptm 0.21 energy -6.38
160 models [0] recycles 0 hard 1 soft 0 temp 0.00 loss 3.08 i_con 4.29 plddt 0.33 ptm 0.87 i_ptm 0.21 energy -6.38
161 models [1] recycles 0 hard 1 soft 0 temp 0.00 loss 2.70 i_con 3.92 plddt 0.36 ptm 0.89 i_ptm 0.32 energy -6.38
162 models [1] recycles 0 hard 1 soft 0 temp 0.00 loss 2.70 i_con 3.92 plddt 0.36 ptm 0.89 i_ptm 0.32 energy -6.38
163 models [1] recycles 0 hard 1 soft 0 temp 0.00 loss 2.70 i_con 3.92 plddt 0.36 ptm 0.89 i_ptm 0.32 energy -6.38
164 models [1] recycles 0 hard 1 soft 0 temp 0.00 loss 2.70 i_con 3.92 plddt 0.36 ptm 0.89 i_ptm 0.32 energy -6.38
165 models [0] recycles 0 hard 1 soft 0 temp 0.00 loss 3.08 i_con 4.29 plddt 0.33 ptm 0.87 i_ptm 0.21 energy -6.38
166 models [1] recycles 0 hard 1 soft 0 temp 0.00 loss 2.70 i_con 3.92 plddt 0.36 ptm 0.89 i_ptm 0.32 energy -6.38
167 models [1] recycles 0 hard 1 soft 0 temp 0.00 loss 2.70 i_con 3.92 plddt 0.36 ptm 0.89 i_ptm 0.32 energy -6.38
168 models [0] recycles 0 hard 1 soft 0 temp 0.00 loss 3.08 i_con 4.29 plddt 0.33 ptm 0.87 i_ptm 0.21 energy -6.38
169 models [1] recycles 0 hard 1 soft 0 temp 0.00 loss 2.70 i_con 3.92 plddt 0.36 ptm 0.89 i_ptm 0.32 energy -6.38
170 models [1] recycles 0 hard 1 soft 0 temp 0.00 loss 2.70 i_con 3.92 plddt 0.36 ptm 0.89 i_ptm 0.32 energy -6.38
171 models [0] recycles 0 hard 1 soft 0 temp 0.00 loss 3.08 i_con 4.29 plddt 0.33 ptm 0.87 i_ptm 0.21 energy -6.38
172 models [1] recycles 0 hard 1 soft 0 temp 0.00 loss 2.70 i_con 3.92 plddt 0.36 ptm 0.89 i_ptm 0.32 energy -6.38
173 models [1] recycles 0 hard 1 soft 0 temp 0.00 loss 2.70 i_con 3.92 plddt 0.36 ptm 0.89 i_ptm 0.32 energy -6.38
174 models [1] recycles 0 hard 1 soft 0 temp 0.00 loss 2.70 i_con 3.92 plddt 0.36 ptm 0.89 i_ptm 0.32 energy -6.38
175 models [0] recycles 0 hard 1 soft 0 temp 0.00 loss 3.08 i_con 4.29 plddt 0.33 ptm 0.87 i_ptm 0.21 energy -6.38
176 models [1] recycles 0 hard 1 soft 0 temp 0.00 loss 2.70 i_con 3.92 plddt 0.36 ptm 0.89 i_ptm 0.32 energy -6.38
177 models [1] recycles 0 hard 1 soft 0 temp 0.00 loss 2.70 i_con 3.92 plddt 0.36 ptm 0.89 i_ptm 0.32 energy -6.38
178 models [1] recycles 0 hard 1 soft 0 temp 0.00 loss 2.70 i_con 3.92 plddt 0.36 ptm 0.89 i_ptm 0.32 energy -6.38
179 models [0] recycles 0 hard 1 soft 0 temp 0.00 loss 3.08 i_con 4.29 plddt 0.33 ptm 0.87 i_ptm 0.21 energy -6.38
180 models [0] recycles 0 hard 1 soft 0 temp 0.00 loss 3.08 i_con 4.29 plddt 0.33 ptm 0.87 i_ptm 0.21 energy -6.38
  seq=LWGGSCIDLNYLLFL  loss=3.0847  loss_af=4.3616  energy=-6.3843  i_ptm=0.2089

Saved 3 results to /home/share_nfs/342-Projets_BGE/342.3-Gen-Chem/342.3.2-BioInfo/342.3.2.8-SeqModels/protein_design/colabdesign_energy_guidance/prg/PA_PB1/sweep_results/sweep_ewlow0.05_ewhigh0.20.json

================================================================================
SUMMARY
================================================================================
 seed  loss_total   loss_af    energy   i_ptm     ptm   plddt  seq
--------------------------------------------------------------------------------
    0      2.9471    3.9872   -5.2002  0.3515  0.8945  0.3875  ADGSIAELLFFLEGC
    1      2.5960    3.8187   -6.1133  0.4658  0.8829  0.4236  AISGPALEVLYQCFC
    2      3.0847    4.3616   -6.3843  0.2089  0.8735  0.3262  LWGGSCIDLNYLLFL
---------------------------------------------
End time : Wed Mar 11 20:10:55 CET 2026
