Job ID       : 277157
Array task   : 0
Node         : aar018
Start time   : Tue Mar 10 15:01:44 CET 2026
ew_low       : 0.00
ew_high      : 0.00
---------------------------------------------
Tue Mar 10 15:01:44 2026       
+-----------------------------------------------------------------------------------------+
| NVIDIA-SMI 560.35.03              Driver Version: 560.35.03      CUDA Version: 12.6     |
|-----------------------------------------+------------------------+----------------------+
| GPU  Name                 Persistence-M | Bus-Id          Disp.A | Volatile Uncorr. ECC |
| Fan  Temp   Perf          Pwr:Usage/Cap |           Memory-Usage | GPU-Util  Compute M. |
|                                         |                        |               MIG M. |
|=========================================+========================+======================|
|   0  NVIDIA A30                     Off |   00000000:E3:00.0 Off |                    0 |
| N/A   29C    P0             32W /  165W |       1MiB /  24576MiB |      0%      Default |
|                                         |                        |             Disabled |
+-----------------------------------------+------------------------+----------------------+
                                                                                         
+-----------------------------------------------------------------------------------------+
| Processes:                                                                              |
---------------------------------------------
JAX devices: [cuda(id=0)]
GPU check passed: cuda:0
Output file  : /home/share_nfs/342-Projets_BGE/342.3-Gen-Chem/342.3.2-BioInfo/342.3.2.8-SeqModels/protein_design/colabdesign_energy_guidance/prg/PA_PB1/sweep_results/sweep_ewlow0.00_ewhigh0.00.json
Running generate_sequences.py ...
py3Dmol not installed
[1/3] seed=0 ...
1 models [1] recycles 0 hard 0 soft 1 temp 1 loss 7.43 i_con 7.38 plddt 0.47 ptm 0.88 i_ptm 0.09
2 models [1] recycles 0 hard 0 soft 1 temp 1 loss 7.51 i_con 7.46 plddt 0.57 ptm 0.88 i_ptm 0.10
3 models [0] recycles 0 hard 0 soft 1 temp 1 loss 7.59 i_con 7.55 plddt 0.54 ptm 0.87 i_ptm 0.12
4 models [0] recycles 0 hard 0 soft 1 temp 1 loss 7.18 i_con 7.14 plddt 0.60 ptm 0.86 i_ptm 0.14
5 models [1] recycles 0 hard 0 soft 1 temp 1 loss 7.34 i_con 7.29 plddt 0.52 ptm 0.88 i_ptm 0.09
6 models [1] recycles 0 hard 0 soft 1 temp 1 loss 6.55 i_con 6.50 plddt 0.51 ptm 0.88 i_ptm 0.09
7 models [1] recycles 0 hard 0 soft 1 temp 1 loss 6.81 i_con 6.76 plddt 0.49 ptm 0.88 i_ptm 0.09
8 models [0] recycles 0 hard 0 soft 1 temp 1 loss 6.00 i_con 5.95 plddt 0.47 ptm 0.86 i_ptm 0.11
9 models [1] recycles 0 hard 0 soft 1 temp 1 loss 6.08 i_con 6.03 plddt 0.46 ptm 0.88 i_ptm 0.09
10 models [0] recycles 0 hard 0 soft 1 temp 1 loss 5.12 i_con 5.06 plddt 0.38 ptm 0.87 i_ptm 0.10
11 models [1] recycles 0 hard 0 soft 1 temp 1 loss 5.64 i_con 5.57 plddt 0.39 ptm 0.88 i_ptm 0.08
12 models [1] recycles 0 hard 0 soft 1 temp 1 loss 5.74 i_con 5.68 plddt 0.44 ptm 0.88 i_ptm 0.09
13 models [0] recycles 0 hard 0 soft 1 temp 1 loss 4.96 i_con 4.90 plddt 0.39 ptm 0.87 i_ptm 0.11
14 models [1] recycles 0 hard 0 soft 1 temp 1 loss 5.58 i_con 5.53 plddt 0.43 ptm 0.88 i_ptm 0.09
15 models [1] recycles 0 hard 0 soft 1 temp 1 loss 5.16 i_con 5.09 plddt 0.37 ptm 0.88 i_ptm 0.12
16 models [1] recycles 0 hard 0 soft 1 temp 1 loss 5.21 i_con 5.14 plddt 0.36 ptm 0.88 i_ptm 0.11
17 models [0] recycles 0 hard 0 soft 1 temp 1 loss 4.89 i_con 4.83 plddt 0.35 ptm 0.87 i_ptm 0.13
18 models [0] recycles 0 hard 0 soft 1 temp 1 loss 4.77 i_con 4.71 plddt 0.37 ptm 0.87 i_ptm 0.20
19 models [1] recycles 0 hard 0 soft 1 temp 1 loss 5.31 i_con 5.24 plddt 0.37 ptm 0.88 i_ptm 0.09
20 models [1] recycles 0 hard 0 soft 1 temp 1 loss 5.31 i_con 5.25 plddt 0.40 ptm 0.88 i_ptm 0.09
21 models [1] recycles 0 hard 0 soft 1 temp 1 loss 5.20 i_con 5.14 plddt 0.40 ptm 0.88 i_ptm 0.12
22 models [0] recycles 0 hard 0 soft 1 temp 1 loss 4.95 i_con 4.89 plddt 0.37 ptm 0.87 i_ptm 0.18
23 models [1] recycles 0 hard 0 soft 1 temp 1 loss 4.97 i_con 4.90 plddt 0.35 ptm 0.88 i_ptm 0.14
24 models [1] recycles 0 hard 0 soft 1 temp 1 loss 5.12 i_con 5.06 plddt 0.34 ptm 0.88 i_ptm 0.15
25 models [0] recycles 0 hard 0 soft 1 temp 1 loss 4.66 i_con 4.60 plddt 0.37 ptm 0.87 i_ptm 0.17
26 models [1] recycles 0 hard 0 soft 1 temp 1 loss 5.22 i_con 5.15 plddt 0.38 ptm 0.88 i_ptm 0.10
27 models [0] recycles 0 hard 0 soft 1 temp 1 loss 4.88 i_con 4.82 plddt 0.38 ptm 0.87 i_ptm 0.18
28 models [1] recycles 0 hard 0 soft 1 temp 1 loss 5.49 i_con 5.42 plddt 0.38 ptm 0.88 i_ptm 0.09
29 models [1] recycles 0 hard 0 soft 1 temp 1 loss 4.89 i_con 4.82 plddt 0.35 ptm 0.88 i_ptm 0.19
30 models [0] recycles 0 hard 0 soft 1 temp 1 loss 4.54 i_con 4.48 plddt 0.40 ptm 0.87 i_ptm 0.23
31 models [0] recycles 0 hard 0 soft 1 temp 1 loss 4.79 i_con 4.72 plddt 0.36 ptm 0.87 i_ptm 0.19
32 models [1] recycles 0 hard 0 soft 1 temp 1 loss 4.73 i_con 4.67 plddt 0.36 ptm 0.88 i_ptm 0.22
33 models [1] recycles 0 hard 0 soft 1 temp 1 loss 5.42 i_con 5.36 plddt 0.39 ptm 0.88 i_ptm 0.10
34 models [0] recycles 0 hard 0 soft 1 temp 1 loss 4.67 i_con 4.61 plddt 0.40 ptm 0.87 i_ptm 0.21
35 models [0] recycles 0 hard 0 soft 1 temp 1 loss 4.63 i_con 4.57 plddt 0.40 ptm 0.87 i_ptm 0.25
36 models [0] recycles 0 hard 0 soft 1 temp 1 loss 4.76 i_con 4.70 plddt 0.39 ptm 0.87 i_ptm 0.21
37 models [1] recycles 0 hard 0 soft 1 temp 1 loss 5.17 i_con 5.11 plddt 0.37 ptm 0.88 i_ptm 0.12
38 models [1] recycles 0 hard 0 soft 1 temp 1 loss 5.36 i_con 5.30 plddt 0.37 ptm 0.88 i_ptm 0.13
39 models [1] recycles 0 hard 0 soft 1 temp 1 loss 5.07 i_con 5.01 plddt 0.35 ptm 0.88 i_ptm 0.17
40 models [1] recycles 0 hard 0 soft 1 temp 1 loss 4.70 i_con 4.64 plddt 0.37 ptm 0.88 i_ptm 0.23
41 models [1] recycles 0 hard 0 soft 1 temp 1 loss 5.21 i_con 5.14 plddt 0.37 ptm 0.88 i_ptm 0.15
42 models [0] recycles 0 hard 0 soft 1 temp 1 loss 4.53 i_con 4.47 plddt 0.38 ptm 0.87 i_ptm 0.23
43 models [1] recycles 0 hard 0 soft 1 temp 1 loss 5.13 i_con 5.07 plddt 0.37 ptm 0.88 i_ptm 0.16
44 models [1] recycles 0 hard 0 soft 1 temp 1 loss 4.99 i_con 4.93 plddt 0.34 ptm 0.88 i_ptm 0.18
45 models [1] recycles 0 hard 0 soft 1 temp 1 loss 4.75 i_con 4.68 plddt 0.33 ptm 0.88 i_ptm 0.19
46 models [1] recycles 0 hard 0 soft 1 temp 1 loss 5.04 i_con 4.98 plddt 0.36 ptm 0.88 i_ptm 0.18
47 models [1] recycles 0 hard 0 soft 1 temp 1 loss 5.12 i_con 5.05 plddt 0.38 ptm 0.88 i_ptm 0.15
48 models [0] recycles 0 hard 0 soft 1 temp 1 loss 4.61 i_con 4.56 plddt 0.42 ptm 0.87 i_ptm 0.24
49 models [0] recycles 0 hard 0 soft 1 temp 1 loss 4.63 i_con 4.57 plddt 0.37 ptm 0.87 i_ptm 0.20
50 models [0] recycles 0 hard 0 soft 1 temp 1 loss 4.60 i_con 4.54 plddt 0.40 ptm 0.87 i_ptm 0.22
51 models [0] recycles 0 hard 0 soft 1 temp 1 loss 4.50 i_con 4.44 plddt 0.39 ptm 0.87 i_ptm 0.24
52 models [0] recycles 0 hard 0 soft 1 temp 1 loss 4.43 i_con 4.37 plddt 0.38 ptm 0.87 i_ptm 0.27
53 models [1] recycles 0 hard 0 soft 1 temp 1 loss 4.90 i_con 4.84 plddt 0.38 ptm 0.88 i_ptm 0.19
54 models [1] recycles 0 hard 0 soft 1 temp 1 loss 4.93 i_con 4.87 plddt 0.37 ptm 0.88 i_ptm 0.18
55 models [0] recycles 0 hard 0 soft 1 temp 1 loss 4.52 i_con 4.46 plddt 0.39 ptm 0.87 i_ptm 0.21
56 models [0] recycles 0 hard 0 soft 1 temp 1 loss 4.39 i_con 4.33 plddt 0.39 ptm 0.87 i_ptm 0.25
57 models [0] recycles 0 hard 0 soft 1 temp 1 loss 4.58 i_con 4.51 plddt 0.37 ptm 0.87 i_ptm 0.23
58 models [0] recycles 0 hard 0 soft 1 temp 1 loss 4.39 i_con 4.33 plddt 0.38 ptm 0.87 i_ptm 0.28
59 models [0] recycles 0 hard 0 soft 1 temp 1 loss 4.53 i_con 4.47 plddt 0.40 ptm 0.87 i_ptm 0.22
60 models [0] recycles 0 hard 0 soft 1 temp 1 loss 4.46 i_con 4.40 plddt 0.41 ptm 0.87 i_ptm 0.24
61 models [0] recycles 0 hard 0 soft 1 temp 1 loss 4.47 i_con 4.41 plddt 0.39 ptm 0.87 i_ptm 0.24
62 models [0] recycles 0 hard 0 soft 1 temp 1 loss 4.35 i_con 4.29 plddt 0.40 ptm 0.87 i_ptm 0.25
63 models [1] recycles 0 hard 0 soft 1 temp 1 loss 4.96 i_con 4.89 plddt 0.36 ptm 0.88 i_ptm 0.17
64 models [1] recycles 0 hard 0 soft 1 temp 1 loss 4.68 i_con 4.62 plddt 0.38 ptm 0.88 i_ptm 0.21
65 models [1] recycles 0 hard 0 soft 1 temp 1 loss 4.62 i_con 4.56 plddt 0.35 ptm 0.88 i_ptm 0.23
66 models [0] recycles 0 hard 0 soft 1 temp 1 loss 4.60 i_con 4.53 plddt 0.38 ptm 0.87 i_ptm 0.22
67 models [0] recycles 0 hard 0 soft 1 temp 1 loss 4.46 i_con 4.40 plddt 0.42 ptm 0.87 i_ptm 0.24
68 models [0] recycles 0 hard 0 soft 1 temp 1 loss 4.61 i_con 4.55 plddt 0.40 ptm 0.87 i_ptm 0.22
69 models [0] recycles 0 hard 0 soft 1 temp 1 loss 4.26 i_con 4.20 plddt 0.40 ptm 0.87 i_ptm 0.29
70 models [1] recycles 0 hard 0 soft 1 temp 1 loss 4.48 i_con 4.42 plddt 0.34 ptm 0.89 i_ptm 0.24
71 models [1] recycles 0 hard 0 soft 1 temp 1 loss 4.51 i_con 4.44 plddt 0.35 ptm 0.89 i_ptm 0.24
72 models [0] recycles 0 hard 0 soft 1 temp 1 loss 4.30 i_con 4.24 plddt 0.42 ptm 0.87 i_ptm 0.27
73 models [1] recycles 0 hard 0 soft 1 temp 1 loss 4.67 i_con 4.61 plddt 0.38 ptm 0.88 i_ptm 0.21
74 models [0] recycles 0 hard 0 soft 1 temp 1 loss 4.56 i_con 4.50 plddt 0.41 ptm 0.87 i_ptm 0.25
75 models [0] recycles 0 hard 0 soft 1 temp 1 loss 4.41 i_con 4.35 plddt 0.42 ptm 0.87 i_ptm 0.26
76 models [0] recycles 0 hard 0 soft 1 temp 1 loss 4.28 i_con 4.22 plddt 0.41 ptm 0.87 i_ptm 0.28
77 models [0] recycles 0 hard 0 soft 1 temp 1 loss 4.46 i_con 4.40 plddt 0.42 ptm 0.87 i_ptm 0.27
78 models [0] recycles 0 hard 0 soft 1 temp 1 loss 4.56 i_con 4.50 plddt 0.42 ptm 0.87 i_ptm 0.24
79 models [1] recycles 0 hard 0 soft 1 temp 1 loss 4.49 i_con 4.42 plddt 0.36 ptm 0.88 i_ptm 0.23
80 models [1] recycles 0 hard 0 soft 1 temp 1 loss 4.72 i_con 4.66 plddt 0.37 ptm 0.88 i_ptm 0.19
81 models [1] recycles 0 hard 0 soft 1 temp 1 loss 4.50 i_con 4.43 plddt 0.38 ptm 0.89 i_ptm 0.23
82 models [1] recycles 0 hard 0 soft 1 temp 1 loss 4.39 i_con 4.33 plddt 0.36 ptm 0.88 i_ptm 0.25
83 models [0] recycles 0 hard 0 soft 1 temp 1 loss 4.57 i_con 4.51 plddt 0.40 ptm 0.87 i_ptm 0.24
84 models [1] recycles 0 hard 0 soft 1 temp 1 loss 4.37 i_con 4.31 plddt 0.38 ptm 0.89 i_ptm 0.29
85 models [1] recycles 0 hard 0 soft 1 temp 1 loss 4.68 i_con 4.62 plddt 0.38 ptm 0.89 i_ptm 0.22
86 models [1] recycles 0 hard 0 soft 1 temp 1 loss 4.39 i_con 4.33 plddt 0.39 ptm 0.88 i_ptm 0.24
87 models [1] recycles 0 hard 0 soft 1 temp 1 loss 4.76 i_con 4.69 plddt 0.37 ptm 0.88 i_ptm 0.21
88 models [0] recycles 0 hard 0 soft 1 temp 1 loss 4.47 i_con 4.41 plddt 0.41 ptm 0.87 i_ptm 0.24
89 models [0] recycles 0 hard 0 soft 1 temp 1 loss 4.54 i_con 4.48 plddt 0.43 ptm 0.87 i_ptm 0.23
90 models [0] recycles 0 hard 0 soft 1 temp 1 loss 4.32 i_con 4.26 plddt 0.42 ptm 0.87 i_ptm 0.26
91 models [0] recycles 0 hard 0 soft 1 temp 1 loss 4.23 i_con 4.17 plddt 0.40 ptm 0.88 i_ptm 0.27
92 models [0] recycles 0 hard 0 soft 1 temp 1 loss 4.12 i_con 4.07 plddt 0.44 ptm 0.87 i_ptm 0.32
93 models [1] recycles 0 hard 0 soft 1 temp 1 loss 4.65 i_con 4.58 plddt 0.36 ptm 0.88 i_ptm 0.21
94 models [0] recycles 0 hard 0 soft 1 temp 1 loss 4.41 i_con 4.35 plddt 0.42 ptm 0.87 i_ptm 0.26
95 models [1] recycles 0 hard 0 soft 1 temp 1 loss 4.41 i_con 4.35 plddt 0.36 ptm 0.89 i_ptm 0.23
96 models [1] recycles 0 hard 0 soft 1 temp 1 loss 4.43 i_con 4.37 plddt 0.39 ptm 0.88 i_ptm 0.24
97 models [0] recycles 0 hard 0 soft 1 temp 1 loss 4.32 i_con 4.26 plddt 0.41 ptm 0.87 i_ptm 0.25
98 models [0] recycles 0 hard 0 soft 1 temp 1 loss 4.35 i_con 4.29 plddt 0.40 ptm 0.87 i_ptm 0.24
99 models [0] recycles 0 hard 0 soft 1 temp 1 loss 4.29 i_con 4.24 plddt 0.43 ptm 0.87 i_ptm 0.25
100 models [0] recycles 0 hard 0 soft 1 temp 1 loss 4.10 i_con 4.05 plddt 0.44 ptm 0.87 i_ptm 0.31
101 models [0] recycles 0 hard 0 soft 0 temp 1 loss 8.22 i_con 8.17 plddt 0.50 ptm 0.87 i_ptm 0.17
102 models [1] recycles 0 hard 0 soft 0 temp 0.98 loss 7.61 i_con 7.58 plddt 0.61 ptm 0.88 i_ptm 0.10
103 models [1] recycles 0 hard 0 soft 0 temp 0.96 loss 7.24 i_con 7.20 plddt 0.65 ptm 0.88 i_ptm 0.11
104 models [0] recycles 0 hard 0 soft 0 temp 0.94 loss 4.63 i_con 4.57 plddt 0.39 ptm 0.87 i_ptm 0.25
105 models [1] recycles 0 hard 0 soft 0 temp 0.92 loss 4.60 i_con 4.53 plddt 0.38 ptm 0.88 i_ptm 0.22
106 models [1] recycles 0 hard 0 soft 0 temp 0.90 loss 3.96 i_con 3.90 plddt 0.41 ptm 0.89 i_ptm 0.32
107 models [0] recycles 0 hard 0 soft 0 temp 0.88 loss 4.04 i_con 3.98 plddt 0.43 ptm 0.87 i_ptm 0.34
108 models [0] recycles 0 hard 0 soft 0 temp 0.86 loss 3.98 i_con 3.92 plddt 0.39 ptm 0.87 i_ptm 0.31
109 models [0] recycles 0 hard 0 soft 0 temp 0.84 loss 3.73 i_con 3.68 plddt 0.44 ptm 0.88 i_ptm 0.42
110 models [1] recycles 0 hard 0 soft 0 temp 0.82 loss 3.82 i_con 3.76 plddt 0.38 ptm 0.89 i_ptm 0.39
111 models [1] recycles 0 hard 0 soft 0 temp 0.80 loss 3.61 i_con 3.55 plddt 0.39 ptm 0.89 i_ptm 0.45
112 models [0] recycles 0 hard 0 soft 0 temp 0.78 loss 3.77 i_con 3.71 plddt 0.43 ptm 0.88 i_ptm 0.40
113 models [0] recycles 0 hard 0 soft 0 temp 0.76 loss 3.70 i_con 3.64 plddt 0.44 ptm 0.88 i_ptm 0.40
114 models [1] recycles 0 hard 0 soft 0 temp 0.74 loss 3.47 i_con 3.42 plddt 0.48 ptm 0.90 i_ptm 0.52
115 models [1] recycles 0 hard 0 soft 0 temp 0.72 loss 3.72 i_con 3.66 plddt 0.42 ptm 0.90 i_ptm 0.41
116 models [1] recycles 0 hard 0 soft 0 temp 0.70 loss 3.58 i_con 3.53 plddt 0.48 ptm 0.90 i_ptm 0.51
117 models [0] recycles 0 hard 0 soft 0 temp 0.68 loss 3.77 i_con 3.71 plddt 0.43 ptm 0.88 i_ptm 0.41
118 models [0] recycles 0 hard 0 soft 0 temp 0.66 loss 3.66 i_con 3.61 plddt 0.42 ptm 0.88 i_ptm 0.41
119 models [1] recycles 0 hard 0 soft 0 temp 0.64 loss 3.41 i_con 3.36 plddt 0.53 ptm 0.90 i_ptm 0.59
120 models [0] recycles 0 hard 0 soft 0 temp 0.62 loss 3.66 i_con 3.60 plddt 0.45 ptm 0.88 i_ptm 0.43
121 models [1] recycles 0 hard 0 soft 0 temp 0.60 loss 3.25 i_con 3.20 plddt 0.55 ptm 0.90 i_ptm 0.63
122 models [0] recycles 0 hard 0 soft 0 temp 0.58 loss 3.60 i_con 3.54 plddt 0.44 ptm 0.88 i_ptm 0.44
123 models [1] recycles 0 hard 0 soft 0 temp 0.56 loss 3.45 i_con 3.39 plddt 0.41 ptm 0.90 i_ptm 0.55
124 models [0] recycles 0 hard 0 soft 0 temp 0.54 loss 3.61 i_con 3.56 plddt 0.47 ptm 0.88 i_ptm 0.46
125 models [0] recycles 0 hard 0 soft 0 temp 0.52 loss 3.48 i_con 3.42 plddt 0.49 ptm 0.88 i_ptm 0.49
126 models [0] recycles 0 hard 0 soft 0 temp 0.50 loss 3.55 i_con 3.50 plddt 0.45 ptm 0.88 i_ptm 0.44
127 models [0] recycles 0 hard 0 soft 0 temp 0.48 loss 3.64 i_con 3.58 plddt 0.47 ptm 0.88 i_ptm 0.45
128 models [1] recycles 0 hard 0 soft 0 temp 0.46 loss 3.38 i_con 3.33 plddt 0.50 ptm 0.90 i_ptm 0.60
129 models [1] recycles 0 hard 0 soft 0 temp 0.44 loss 3.34 i_con 3.29 plddt 0.54 ptm 0.90 i_ptm 0.61
130 models [1] recycles 0 hard 0 soft 0 temp 0.42 loss 3.13 i_con 3.09 plddt 0.59 ptm 0.90 i_ptm 0.66
131 models [0] recycles 0 hard 0 soft 0 temp 0.40 loss 3.61 i_con 3.55 plddt 0.47 ptm 0.88 i_ptm 0.48
132 models [0] recycles 0 hard 0 soft 0 temp 0.38 loss 3.63 i_con 3.58 plddt 0.46 ptm 0.88 i_ptm 0.45
133 models [0] recycles 0 hard 0 soft 0 temp 0.36 loss 3.51 i_con 3.46 plddt 0.47 ptm 0.88 i_ptm 0.48
134 models [0] recycles 0 hard 0 soft 0 temp 0.34 loss 3.42 i_con 3.37 plddt 0.50 ptm 0.88 i_ptm 0.55
135 models [1] recycles 0 hard 0 soft 0 temp 0.32 loss 3.26 i_con 3.22 plddt 0.53 ptm 0.90 i_ptm 0.61
136 models [1] recycles 0 hard 0 soft 0 temp 0.30 loss 3.18 i_con 3.13 plddt 0.54 ptm 0.90 i_ptm 0.63
137 models [1] recycles 0 hard 0 soft 0 temp 0.28 loss 3.08 i_con 3.03 plddt 0.55 ptm 0.90 i_ptm 0.63
138 models [1] recycles 0 hard 0 soft 0 temp 0.26 loss 3.08 i_con 3.04 plddt 0.54 ptm 0.91 i_ptm 0.67
139 models [1] recycles 0 hard 0 soft 0 temp 0.24 loss 3.06 i_con 3.02 plddt 0.58 ptm 0.90 i_ptm 0.66
140 models [1] recycles 0 hard 0 soft 0 temp 0.22 loss 2.88 i_con 2.84 plddt 0.59 ptm 0.91 i_ptm 0.66
141 models [0] recycles 0 hard 0 soft 0 temp 0.20 loss 3.44 i_con 3.39 plddt 0.48 ptm 0.88 i_ptm 0.51
142 models [0] recycles 0 hard 0 soft 0 temp 0.18 loss 3.48 i_con 3.43 plddt 0.51 ptm 0.88 i_ptm 0.53
143 models [1] recycles 0 hard 0 soft 0 temp 0.16 loss 3.06 i_con 3.01 plddt 0.55 ptm 0.91 i_ptm 0.66
144 models [0] recycles 0 hard 0 soft 0 temp 0.14 loss 3.42 i_con 3.37 plddt 0.49 ptm 0.88 i_ptm 0.55
145 models [1] recycles 0 hard 0 soft 0 temp 0.12 loss 3.53 i_con 3.47 plddt 0.41 ptm 0.89 i_ptm 0.43
146 models [1] recycles 0 hard 0 soft 0 temp 0.10 loss 3.19 i_con 3.14 plddt 0.53 ptm 0.90 i_ptm 0.60
147 models [0] recycles 0 hard 0 soft 0 temp 0.08 loss 3.50 i_con 3.45 plddt 0.48 ptm 0.88 i_ptm 0.50
148 models [1] recycles 0 hard 0 soft 0 temp 0.06 loss 2.97 i_con 2.93 plddt 0.57 ptm 0.90 i_ptm 0.65
149 models [0] recycles 0 hard 0 soft 0 temp 0.04 loss 3.53 i_con 3.48 plddt 0.46 ptm 0.88 i_ptm 0.47
150 models [1] recycles 0 hard 0 soft 0 temp 0.02 loss 2.95 i_con 2.91 plddt 0.59 ptm 0.91 i_ptm 0.68
151 models [1] recycles 0 hard 1 soft 0 temp 0.00 loss 3.83 i_con 3.77 plddt 0.39 ptm 0.90 i_ptm 0.39
152 models [1] recycles 0 hard 1 soft 0 temp 0.00 loss 3.83 i_con 3.77 plddt 0.39 ptm 0.90 i_ptm 0.39
153 models [1] recycles 0 hard 1 soft 0 temp 0.00 loss 3.83 i_con 3.77 plddt 0.39 ptm 0.90 i_ptm 0.39
154 models [0] recycles 0 hard 1 soft 0 temp 0.00 loss 3.85 i_con 3.78 plddt 0.36 ptm 0.88 i_ptm 0.35
155 models [1] recycles 0 hard 1 soft 0 temp 0.00 loss 3.83 i_con 3.77 plddt 0.39 ptm 0.90 i_ptm 0.39
156 models [1] recycles 0 hard 1 soft 0 temp 0.00 loss 3.83 i_con 3.77 plddt 0.39 ptm 0.90 i_ptm 0.39
157 models [0] recycles 0 hard 1 soft 0 temp 0.00 loss 3.85 i_con 3.78 plddt 0.36 ptm 0.88 i_ptm 0.35
158 models [0] recycles 0 hard 1 soft 0 temp 0.00 loss 3.85 i_con 3.78 plddt 0.36 ptm 0.88 i_ptm 0.35
159 models [1] recycles 0 hard 1 soft 0 temp 0.00 loss 3.83 i_con 3.77 plddt 0.39 ptm 0.90 i_ptm 0.39
160 models [1] recycles 0 hard 1 soft 0 temp 0.00 loss 3.83 i_con 3.77 plddt 0.39 ptm 0.90 i_ptm 0.39
161 models [0] recycles 0 hard 1 soft 0 temp 0.00 loss 3.85 i_con 3.78 plddt 0.36 ptm 0.88 i_ptm 0.35
162 models [1] recycles 0 hard 1 soft 0 temp 0.00 loss 3.83 i_con 3.77 plddt 0.39 ptm 0.90 i_ptm 0.39
163 models [0] recycles 0 hard 1 soft 0 temp 0.00 loss 3.85 i_con 3.78 plddt 0.36 ptm 0.88 i_ptm 0.35
164 models [1] recycles 0 hard 1 soft 0 temp 0.00 loss 3.83 i_con 3.77 plddt 0.39 ptm 0.90 i_ptm 0.39
165 models [0] recycles 0 hard 1 soft 0 temp 0.00 loss 3.85 i_con 3.78 plddt 0.36 ptm 0.88 i_ptm 0.35
166 models [1] recycles 0 hard 1 soft 0 temp 0.00 loss 3.83 i_con 3.77 plddt 0.39 ptm 0.90 i_ptm 0.39
167 models [0] recycles 0 hard 1 soft 0 temp 0.00 loss 3.85 i_con 3.78 plddt 0.36 ptm 0.88 i_ptm 0.35
168 models [0] recycles 0 hard 1 soft 0 temp 0.00 loss 3.85 i_con 3.78 plddt 0.36 ptm 0.88 i_ptm 0.35
169 models [0] recycles 0 hard 1 soft 0 temp 0.00 loss 3.85 i_con 3.78 plddt 0.36 ptm 0.88 i_ptm 0.35
170 models [1] recycles 0 hard 1 soft 0 temp 0.00 loss 3.83 i_con 3.77 plddt 0.39 ptm 0.90 i_ptm 0.39
171 models [0] recycles 0 hard 1 soft 0 temp 0.00 loss 3.85 i_con 3.78 plddt 0.36 ptm 0.88 i_ptm 0.35
172 models [1] recycles 0 hard 1 soft 0 temp 0.00 loss 3.83 i_con 3.77 plddt 0.39 ptm 0.90 i_ptm 0.39
173 models [0] recycles 0 hard 1 soft 0 temp 0.00 loss 3.85 i_con 3.78 plddt 0.36 ptm 0.88 i_ptm 0.35
174 models [0] recycles 0 hard 1 soft 0 temp 0.00 loss 3.85 i_con 3.78 plddt 0.36 ptm 0.88 i_ptm 0.35
175 models [1] recycles 0 hard 1 soft 0 temp 0.00 loss 3.83 i_con 3.77 plddt 0.39 ptm 0.90 i_ptm 0.39
176 models [1] recycles 0 hard 1 soft 0 temp 0.00 loss 3.83 i_con 3.77 plddt 0.39 ptm 0.90 i_ptm 0.39
177 models [1] recycles 0 hard 1 soft 0 temp 0.00 loss 3.83 i_con 3.77 plddt 0.39 ptm 0.90 i_ptm 0.39
178 models [0] recycles 0 hard 1 soft 0 temp 0.00 loss 3.85 i_con 3.78 plddt 0.36 ptm 0.88 i_ptm 0.35
179 models [0] recycles 0 hard 1 soft 0 temp 0.00 loss 3.85 i_con 3.78 plddt 0.36 ptm 0.88 i_ptm 0.35
180 models [1] recycles 0 hard 1 soft 0 temp 0.00 loss 3.83 i_con 3.77 plddt 0.39 ptm 0.90 i_ptm 0.39
  seq=AAGGPAALVLLLCLD  loss=3.8294  loss_af=3.8294  energy=5.0295  i_ptm=0.3948
[2/3] seed=1 ...
1 models [0] recycles 0 hard 0 soft 1 temp 1 loss 7.94 i_con 7.90 plddt 0.56 ptm 0.86 i_ptm 0.13
2 models [1] recycles 0 hard 0 soft 1 temp 1 loss 7.28 i_con 7.23 plddt 0.54 ptm 0.88 i_ptm 0.08
3 models [0] recycles 0 hard 0 soft 1 temp 1 loss 7.26 i_con 7.21 plddt 0.52 ptm 0.86 i_ptm 0.12
4 models [1] recycles 0 hard 0 soft 1 temp 1 loss 6.94 i_con 6.90 plddt 0.53 ptm 0.88 i_ptm 0.09
5 models [0] recycles 0 hard 0 soft 1 temp 1 loss 6.76 i_con 6.72 plddt 0.57 ptm 0.86 i_ptm 0.13
6 models [1] recycles 0 hard 0 soft 1 temp 1 loss 7.19 i_con 7.14 plddt 0.49 ptm 0.88 i_ptm 0.09
7 models [1] recycles 0 hard 0 soft 1 temp 1 loss 6.86 i_con 6.81 plddt 0.51 ptm 0.88 i_ptm 0.08
8 models [1] recycles 0 hard 0 soft 1 temp 1 loss 6.69 i_con 6.64 plddt 0.51 ptm 0.88 i_ptm 0.09
9 models [1] recycles 0 hard 0 soft 1 temp 1 loss 6.12 i_con 6.08 plddt 0.52 ptm 0.88 i_ptm 0.08
10 models [0] recycles 0 hard 0 soft 1 temp 1 loss 5.58 i_con 5.52 plddt 0.44 ptm 0.86 i_ptm 0.11
11 models [1] recycles 0 hard 0 soft 1 temp 1 loss 6.13 i_con 6.08 plddt 0.48 ptm 0.88 i_ptm 0.07
12 models [1] recycles 0 hard 0 soft 1 temp 1 loss 5.99 i_con 5.94 plddt 0.50 ptm 0.88 i_ptm 0.08
13 models [1] recycles 0 hard 0 soft 1 temp 1 loss 5.95 i_con 5.90 plddt 0.52 ptm 0.88 i_ptm 0.08
14 models [0] recycles 0 hard 0 soft 1 temp 1 loss 5.41 i_con 5.35 plddt 0.43 ptm 0.86 i_ptm 0.11
15 models [0] recycles 0 hard 0 soft 1 temp 1 loss 4.96 i_con 4.90 plddt 0.35 ptm 0.86 i_ptm 0.13
16 models [0] recycles 0 hard 0 soft 1 temp 1 loss 4.69 i_con 4.63 plddt 0.42 ptm 0.87 i_ptm 0.20
17 models [0] recycles 0 hard 0 soft 1 temp 1 loss 4.58 i_con 4.52 plddt 0.34 ptm 0.87 i_ptm 0.20
18 models [1] recycles 0 hard 0 soft 1 temp 1 loss 5.54 i_con 5.49 plddt 0.45 ptm 0.88 i_ptm 0.09
19 models [1] recycles 0 hard 0 soft 1 temp 1 loss 5.76 i_con 5.70 plddt 0.42 ptm 0.88 i_ptm 0.08
20 models [1] recycles 0 hard 0 soft 1 temp 1 loss 5.15 i_con 5.09 plddt 0.40 ptm 0.88 i_ptm 0.11
21 models [0] recycles 0 hard 0 soft 1 temp 1 loss 4.58 i_con 4.51 plddt 0.37 ptm 0.87 i_ptm 0.20
22 models [1] recycles 0 hard 0 soft 1 temp 1 loss 5.17 i_con 5.11 plddt 0.37 ptm 0.88 i_ptm 0.13
23 models [1] recycles 0 hard 0 soft 1 temp 1 loss 5.11 i_con 5.05 plddt 0.35 ptm 0.88 i_ptm 0.15
24 models [1] recycles 0 hard 0 soft 1 temp 1 loss 5.17 i_con 5.11 plddt 0.36 ptm 0.88 i_ptm 0.13
25 models [0] recycles 0 hard 0 soft 1 temp 1 loss 4.66 i_con 4.60 plddt 0.41 ptm 0.87 i_ptm 0.22
26 models [0] recycles 0 hard 0 soft 1 temp 1 loss 4.88 i_con 4.82 plddt 0.38 ptm 0.87 i_ptm 0.17
27 models [1] recycles 0 hard 0 soft 1 temp 1 loss 5.27 i_con 5.21 plddt 0.36 ptm 0.88 i_ptm 0.11
28 models [1] recycles 0 hard 0 soft 1 temp 1 loss 4.93 i_con 4.87 plddt 0.35 ptm 0.88 i_ptm 0.18
29 models [1] recycles 0 hard 0 soft 1 temp 1 loss 5.03 i_con 4.97 plddt 0.38 ptm 0.88 i_ptm 0.15
30 models [0] recycles 0 hard 0 soft 1 temp 1 loss 4.52 i_con 4.46 plddt 0.42 ptm 0.87 i_ptm 0.20
31 models [0] recycles 0 hard 0 soft 1 temp 1 loss 4.52 i_con 4.46 plddt 0.39 ptm 0.87 i_ptm 0.21
32 models [1] recycles 0 hard 0 soft 1 temp 1 loss 5.07 i_con 5.01 plddt 0.38 ptm 0.88 i_ptm 0.13
33 models [0] recycles 0 hard 0 soft 1 temp 1 loss 4.57 i_con 4.51 plddt 0.40 ptm 0.87 i_ptm 0.22
34 models [0] recycles 0 hard 0 soft 1 temp 1 loss 4.54 i_con 4.48 plddt 0.39 ptm 0.87 i_ptm 0.21
35 models [0] recycles 0 hard 0 soft 1 temp 1 loss 4.57 i_con 4.51 plddt 0.37 ptm 0.87 i_ptm 0.20
36 models [0] recycles 0 hard 0 soft 1 temp 1 loss 4.52 i_con 4.46 plddt 0.39 ptm 0.87 i_ptm 0.20
37 models [0] recycles 0 hard 0 soft 1 temp 1 loss 4.48 i_con 4.42 plddt 0.38 ptm 0.87 i_ptm 0.22
38 models [0] recycles 0 hard 0 soft 1 temp 1 loss 4.47 i_con 4.41 plddt 0.37 ptm 0.87 i_ptm 0.22
39 models [1] recycles 0 hard 0 soft 1 temp 1 loss 5.29 i_con 5.23 plddt 0.38 ptm 0.88 i_ptm 0.09
40 models [0] recycles 0 hard 0 soft 1 temp 1 loss 4.32 i_con 4.26 plddt 0.41 ptm 0.87 i_ptm 0.25
41 models [0] recycles 0 hard 0 soft 1 temp 1 loss 4.82 i_con 4.76 plddt 0.37 ptm 0.87 i_ptm 0.19
42 models [1] recycles 0 hard 0 soft 1 temp 1 loss 4.83 i_con 4.76 plddt 0.36 ptm 0.88 i_ptm 0.21
43 models [1] recycles 0 hard 0 soft 1 temp 1 loss 5.13 i_con 5.07 plddt 0.39 ptm 0.88 i_ptm 0.16
44 models [0] recycles 0 hard 0 soft 1 temp 1 loss 4.85 i_con 4.79 plddt 0.39 ptm 0.86 i_ptm 0.14
45 models [0] recycles 0 hard 0 soft 1 temp 1 loss 4.36 i_con 4.30 plddt 0.40 ptm 0.87 i_ptm 0.26
46 models [0] recycles 0 hard 0 soft 1 temp 1 loss 4.77 i_con 4.71 plddt 0.41 ptm 0.87 i_ptm 0.19
47 models [0] recycles 0 hard 0 soft 1 temp 1 loss 4.43 i_con 4.37 plddt 0.37 ptm 0.87 i_ptm 0.20
48 models [0] recycles 0 hard 0 soft 1 temp 1 loss 4.55 i_con 4.49 plddt 0.40 ptm 0.87 i_ptm 0.23
49 models [0] recycles 0 hard 0 soft 1 temp 1 loss 4.66 i_con 4.60 plddt 0.39 ptm 0.87 i_ptm 0.21
50 models [1] recycles 0 hard 0 soft 1 temp 1 loss 5.26 i_con 5.19 plddt 0.35 ptm 0.88 i_ptm 0.13
51 models [1] recycles 0 hard 0 soft 1 temp 1 loss 4.69 i_con 4.63 plddt 0.37 ptm 0.88 i_ptm 0.20
52 models [1] recycles 0 hard 0 soft 1 temp 1 loss 5.00 i_con 4.93 plddt 0.34 ptm 0.88 i_ptm 0.15
53 models [1] recycles 0 hard 0 soft 1 temp 1 loss 4.80 i_con 4.73 plddt 0.36 ptm 0.88 i_ptm 0.18
54 models [0] recycles 0 hard 0 soft 1 temp 1 loss 4.35 i_con 4.29 plddt 0.40 ptm 0.87 i_ptm 0.24
55 models [0] recycles 0 hard 0 soft 1 temp 1 loss 4.47 i_con 4.41 plddt 0.41 ptm 0.87 i_ptm 0.21
56 models [0] recycles 0 hard 0 soft 1 temp 1 loss 4.36 i_con 4.30 plddt 0.37 ptm 0.87 i_ptm 0.21
57 models [0] recycles 0 hard 0 soft 1 temp 1 loss 4.25 i_con 4.19 plddt 0.42 ptm 0.87 i_ptm 0.26
58 models [0] recycles 0 hard 0 soft 1 temp 1 loss 4.24 i_con 4.18 plddt 0.44 ptm 0.87 i_ptm 0.26
59 models [0] recycles 0 hard 0 soft 1 temp 1 loss 4.32 i_con 4.26 plddt 0.38 ptm 0.87 i_ptm 0.23
60 models [1] recycles 0 hard 0 soft 1 temp 1 loss 5.14 i_con 5.07 plddt 0.35 ptm 0.88 i_ptm 0.15
61 models [1] recycles 0 hard 0 soft 1 temp 1 loss 4.83 i_con 4.76 plddt 0.33 ptm 0.88 i_ptm 0.20
62 models [0] recycles 0 hard 0 soft 1 temp 1 loss 4.18 i_con 4.12 plddt 0.44 ptm 0.87 i_ptm 0.27
63 models [0] recycles 0 hard 0 soft 1 temp 1 loss 4.27 i_con 4.22 plddt 0.41 ptm 0.87 i_ptm 0.27
64 models [0] recycles 0 hard 0 soft 1 temp 1 loss 4.14 i_con 4.08 plddt 0.41 ptm 0.87 i_ptm 0.26
65 models [1] recycles 0 hard 0 soft 1 temp 1 loss 4.75 i_con 4.68 plddt 0.37 ptm 0.89 i_ptm 0.19
66 models [1] recycles 0 hard 0 soft 1 temp 1 loss 4.57 i_con 4.50 plddt 0.32 ptm 0.88 i_ptm 0.19
67 models [0] recycles 0 hard 0 soft 1 temp 1 loss 4.18 i_con 4.12 plddt 0.41 ptm 0.87 i_ptm 0.28
68 models [0] recycles 0 hard 0 soft 1 temp 1 loss 4.24 i_con 4.18 plddt 0.41 ptm 0.87 i_ptm 0.24
69 models [1] recycles 0 hard 0 soft 1 temp 1 loss 4.47 i_con 4.40 plddt 0.35 ptm 0.88 i_ptm 0.22
70 models [1] recycles 0 hard 0 soft 1 temp 1 loss 4.34 i_con 4.28 plddt 0.37 ptm 0.89 i_ptm 0.23
71 models [1] recycles 0 hard 0 soft 1 temp 1 loss 5.49 i_con 5.43 plddt 0.38 ptm 0.88 i_ptm 0.09
72 models [1] recycles 0 hard 0 soft 1 temp 1 loss 4.47 i_con 4.41 plddt 0.33 ptm 0.88 i_ptm 0.22
73 models [0] recycles 0 hard 0 soft 1 temp 1 loss 4.24 i_con 4.18 plddt 0.39 ptm 0.87 i_ptm 0.24
74 models [0] recycles 0 hard 0 soft 1 temp 1 loss 4.39 i_con 4.33 plddt 0.39 ptm 0.87 i_ptm 0.23
75 models [1] recycles 0 hard 0 soft 1 temp 1 loss 4.28 i_con 4.22 plddt 0.36 ptm 0.89 i_ptm 0.25
76 models [1] recycles 0 hard 0 soft 1 temp 1 loss 4.40 i_con 4.33 plddt 0.35 ptm 0.88 i_ptm 0.24
77 models [1] recycles 0 hard 0 soft 1 temp 1 loss 4.20 i_con 4.13 plddt 0.36 ptm 0.89 i_ptm 0.28
78 models [1] recycles 0 hard 0 soft 1 temp 1 loss 4.52 i_con 4.45 plddt 0.34 ptm 0.88 i_ptm 0.20
79 models [0] recycles 0 hard 0 soft 1 temp 1 loss 4.24 i_con 4.17 plddt 0.38 ptm 0.87 i_ptm 0.22
80 models [1] recycles 0 hard 0 soft 1 temp 1 loss 4.21 i_con 4.14 plddt 0.39 ptm 0.88 i_ptm 0.25
81 models [0] recycles 0 hard 0 soft 1 temp 1 loss 4.25 i_con 4.19 plddt 0.39 ptm 0.87 i_ptm 0.21
82 models [0] recycles 0 hard 0 soft 1 temp 1 loss 4.19 i_con 4.13 plddt 0.45 ptm 0.87 i_ptm 0.24
83 models [1] recycles 0 hard 0 soft 1 temp 1 loss 4.36 i_con 4.30 plddt 0.36 ptm 0.88 i_ptm 0.23
84 models [1] recycles 0 hard 0 soft 1 temp 1 loss 4.00 i_con 3.94 plddt 0.39 ptm 0.89 i_ptm 0.29
85 models [1] recycles 0 hard 0 soft 1 temp 1 loss 4.18 i_con 4.11 plddt 0.35 ptm 0.89 i_ptm 0.24
86 models [1] recycles 0 hard 0 soft 1 temp 1 loss 4.03 i_con 3.96 plddt 0.38 ptm 0.89 i_ptm 0.29
87 models [1] recycles 0 hard 0 soft 1 temp 1 loss 3.89 i_con 3.83 plddt 0.43 ptm 0.89 i_ptm 0.33
88 models [0] recycles 0 hard 0 soft 1 temp 1 loss 3.84 i_con 3.78 plddt 0.42 ptm 0.88 i_ptm 0.36
89 models [1] recycles 0 hard 0 soft 1 temp 1 loss 4.19 i_con 4.13 plddt 0.37 ptm 0.89 i_ptm 0.25
90 models [1] recycles 0 hard 0 soft 1 temp 1 loss 4.03 i_con 3.96 plddt 0.36 ptm 0.89 i_ptm 0.31
91 models [0] recycles 0 hard 0 soft 1 temp 1 loss 3.91 i_con 3.85 plddt 0.38 ptm 0.88 i_ptm 0.32
92 models [1] recycles 0 hard 0 soft 1 temp 1 loss 3.94 i_con 3.88 plddt 0.38 ptm 0.89 i_ptm 0.33
93 models [1] recycles 0 hard 0 soft 1 temp 1 loss 4.12 i_con 4.06 plddt 0.38 ptm 0.89 i_ptm 0.27
94 models [1] recycles 0 hard 0 soft 1 temp 1 loss 3.99 i_con 3.93 plddt 0.41 ptm 0.89 i_ptm 0.33
95 models [0] recycles 0 hard 0 soft 1 temp 1 loss 3.97 i_con 3.91 plddt 0.44 ptm 0.87 i_ptm 0.34
96 models [1] recycles 0 hard 0 soft 1 temp 1 loss 3.90 i_con 3.84 plddt 0.43 ptm 0.89 i_ptm 0.34
97 models [0] recycles 0 hard 0 soft 1 temp 1 loss 3.77 i_con 3.71 plddt 0.47 ptm 0.88 i_ptm 0.43
98 models [1] recycles 0 hard 0 soft 1 temp 1 loss 4.00 i_con 3.94 plddt 0.36 ptm 0.89 i_ptm 0.32
99 models [1] recycles 0 hard 0 soft 1 temp 1 loss 4.06 i_con 4.00 plddt 0.38 ptm 0.89 i_ptm 0.30
100 models [1] recycles 0 hard 0 soft 1 temp 1 loss 3.97 i_con 3.91 plddt 0.39 ptm 0.89 i_ptm 0.35
101 models [0] recycles 0 hard 0 soft 0 temp 1 loss 5.03 i_con 4.97 plddt 0.39 ptm 0.87 i_ptm 0.20
102 models [0] recycles 0 hard 0 soft 0 temp 0.98 loss 4.35 i_con 4.29 plddt 0.39 ptm 0.87 i_ptm 0.24
103 models [0] recycles 0 hard 0 soft 0 temp 0.96 loss 4.08 i_con 4.02 plddt 0.40 ptm 0.87 i_ptm 0.34
104 models [0] recycles 0 hard 0 soft 0 temp 0.94 loss 4.05 i_con 3.99 plddt 0.40 ptm 0.87 i_ptm 0.32
105 models [1] recycles 0 hard 0 soft 0 temp 0.92 loss 4.06 i_con 4.00 plddt 0.40 ptm 0.89 i_ptm 0.29
106 models [1] recycles 0 hard 0 soft 0 temp 0.90 loss 3.64 i_con 3.58 plddt 0.46 ptm 0.89 i_ptm 0.45
107 models [1] recycles 0 hard 0 soft 0 temp 0.88 loss 3.89 i_con 3.84 plddt 0.45 ptm 0.89 i_ptm 0.37
108 models [0] recycles 0 hard 0 soft 0 temp 0.86 loss 3.67 i_con 3.62 plddt 0.45 ptm 0.88 i_ptm 0.47
109 models [1] recycles 0 hard 0 soft 0 temp 0.84 loss 3.69 i_con 3.64 plddt 0.44 ptm 0.90 i_ptm 0.44
110 models [0] recycles 0 hard 0 soft 0 temp 0.82 loss 3.91 i_con 3.85 plddt 0.38 ptm 0.87 i_ptm 0.34
111 models [1] recycles 0 hard 0 soft 0 temp 0.80 loss 3.34 i_con 3.30 plddt 0.56 ptm 0.90 i_ptm 0.59
112 models [0] recycles 0 hard 0 soft 0 temp 0.78 loss 3.72 i_con 3.66 plddt 0.43 ptm 0.87 i_ptm 0.39
113 models [0] recycles 0 hard 0 soft 0 temp 0.76 loss 3.72 i_con 3.67 plddt 0.45 ptm 0.88 i_ptm 0.43
114 models [1] recycles 0 hard 0 soft 0 temp 0.74 loss 3.32 i_con 3.28 plddt 0.55 ptm 0.90 i_ptm 0.61
115 models [0] recycles 0 hard 0 soft 0 temp 0.72 loss 3.68 i_con 3.62 plddt 0.43 ptm 0.88 i_ptm 0.42
116 models [1] recycles 0 hard 0 soft 0 temp 0.70 loss 3.52 i_con 3.47 plddt 0.50 ptm 0.90 i_ptm 0.53
117 models [0] recycles 0 hard 0 soft 0 temp 0.68 loss 3.44 i_con 3.40 plddt 0.51 ptm 0.88 i_ptm 0.57
118 models [1] recycles 0 hard 0 soft 0 temp 0.66 loss 3.30 i_con 3.26 plddt 0.59 ptm 0.91 i_ptm 0.65
119 models [1] recycles 0 hard 0 soft 0 temp 0.64 loss 3.12 i_con 3.08 plddt 0.60 ptm 0.90 i_ptm 0.69
120 models [0] recycles 0 hard 0 soft 0 temp 0.62 loss 3.53 i_con 3.48 plddt 0.51 ptm 0.88 i_ptm 0.53
121 models [0] recycles 0 hard 0 soft 0 temp 0.60 loss 3.53 i_con 3.49 plddt 0.52 ptm 0.89 i_ptm 0.53
122 models [1] recycles 0 hard 0 soft 0 temp 0.58 loss 2.81 i_con 2.77 plddt 0.66 ptm 0.91 i_ptm 0.74
123 models [0] recycles 0 hard 0 soft 0 temp 0.56 loss 3.28 i_con 3.24 plddt 0.59 ptm 0.89 i_ptm 0.65
124 models [1] recycles 0 hard 0 soft 0 temp 0.54 loss 2.90 i_con 2.86 plddt 0.66 ptm 0.91 i_ptm 0.74
125 models [1] recycles 0 hard 0 soft 0 temp 0.52 loss 2.80 i_con 2.77 plddt 0.67 ptm 0.91 i_ptm 0.76
126 models [0] recycles 0 hard 0 soft 0 temp 0.50 loss 3.37 i_con 3.33 plddt 0.57 ptm 0.89 i_ptm 0.61
127 models [1] recycles 0 hard 0 soft 0 temp 0.48 loss 2.64 i_con 2.61 plddt 0.68 ptm 0.91 i_ptm 0.79
128 models [1] recycles 0 hard 0 soft 0 temp 0.46 loss 2.88 i_con 2.84 plddt 0.65 ptm 0.90 i_ptm 0.74
129 models [0] recycles 0 hard 0 soft 0 temp 0.44 loss 3.13 i_con 3.09 plddt 0.61 ptm 0.89 i_ptm 0.66
130 models [1] recycles 0 hard 0 soft 0 temp 0.42 loss 2.89 i_con 2.86 plddt 0.66 ptm 0.91 i_ptm 0.73
131 models [0] recycles 0 hard 0 soft 0 temp 0.40 loss 3.45 i_con 3.41 plddt 0.54 ptm 0.88 i_ptm 0.58
132 models [1] recycles 0 hard 0 soft 0 temp 0.38 loss 2.57 i_con 2.54 plddt 0.71 ptm 0.91 i_ptm 0.80
133 models [0] recycles 0 hard 0 soft 0 temp 0.36 loss 3.00 i_con 2.97 plddt 0.64 ptm 0.89 i_ptm 0.70
134 models [1] recycles 0 hard 0 soft 0 temp 0.34 loss 2.65 i_con 2.62 plddt 0.71 ptm 0.91 i_ptm 0.78
135 models [0] recycles 0 hard 0 soft 0 temp 0.32 loss 3.01 i_con 2.98 plddt 0.64 ptm 0.89 i_ptm 0.72
136 models [0] recycles 0 hard 0 soft 0 temp 0.30 loss 3.25 i_con 3.21 plddt 0.58 ptm 0.89 i_ptm 0.64
137 models [0] recycles 0 hard 0 soft 0 temp 0.28 loss 3.04 i_con 3.01 plddt 0.65 ptm 0.89 i_ptm 0.70
138 models [0] recycles 0 hard 0 soft 0 temp 0.26 loss 3.00 i_con 2.96 plddt 0.66 ptm 0.90 i_ptm 0.72
139 models [0] recycles 0 hard 0 soft 0 temp 0.24 loss 3.02 i_con 2.98 plddt 0.65 ptm 0.89 i_ptm 0.71
140 models [0] recycles 0 hard 0 soft 0 temp 0.22 loss 2.77 i_con 2.74 plddt 0.70 ptm 0.89 i_ptm 0.77
141 models [0] recycles 0 hard 0 soft 0 temp 0.20 loss 2.79 i_con 2.75 plddt 0.68 ptm 0.89 i_ptm 0.76
142 models [1] recycles 0 hard 0 soft 0 temp 0.18 loss 2.64 i_con 2.61 plddt 0.71 ptm 0.91 i_ptm 0.79
143 models [1] recycles 0 hard 0 soft 0 temp 0.16 loss 2.47 i_con 2.44 plddt 0.72 ptm 0.91 i_ptm 0.80
144 models [0] recycles 0 hard 0 soft 0 temp 0.14 loss 2.76 i_con 2.73 plddt 0.70 ptm 0.89 i_ptm 0.74
145 models [0] recycles 0 hard 0 soft 0 temp 0.12 loss 2.99 i_con 2.96 plddt 0.65 ptm 0.89 i_ptm 0.69
146 models [1] recycles 0 hard 0 soft 0 temp 0.10 loss 2.30 i_con 2.28 plddt 0.76 ptm 0.91 i_ptm 0.83
147 models [1] recycles 0 hard 0 soft 0 temp 0.08 loss 2.38 i_con 2.35 plddt 0.75 ptm 0.91 i_ptm 0.81
148 models [0] recycles 0 hard 0 soft 0 temp 0.06 loss 2.63 i_con 2.60 plddt 0.71 ptm 0.89 i_ptm 0.76
149 models [0] recycles 0 hard 0 soft 0 temp 0.04 loss 2.62 i_con 2.60 plddt 0.72 ptm 0.90 i_ptm 0.80
150 models [1] recycles 0 hard 0 soft 0 temp 0.02 loss 2.46 i_con 2.43 plddt 0.73 ptm 0.91 i_ptm 0.82
151 models [0] recycles 0 hard 1 soft 0 temp 0.00 loss 3.90 i_con 3.84 plddt 0.38 ptm 0.88 i_ptm 0.35
152 models [0] recycles 0 hard 1 soft 0 temp 0.00 loss 3.90 i_con 3.84 plddt 0.38 ptm 0.88 i_ptm 0.35
153 models [0] recycles 0 hard 1 soft 0 temp 0.00 loss 3.90 i_con 3.84 plddt 0.38 ptm 0.88 i_ptm 0.35
154 models [1] recycles 0 hard 1 soft 0 temp 0.00 loss 3.65 i_con 3.59 plddt 0.42 ptm 0.90 i_ptm 0.48
155 models [1] recycles 0 hard 1 soft 0 temp 0.00 loss 3.65 i_con 3.59 plddt 0.42 ptm 0.90 i_ptm 0.48
156 models [1] recycles 0 hard 1 soft 0 temp 0.00 loss 3.65 i_con 3.59 plddt 0.42 ptm 0.90 i_ptm 0.48
157 models [0] recycles 0 hard 1 soft 0 temp 0.00 loss 3.90 i_con 3.84 plddt 0.38 ptm 0.88 i_ptm 0.35
158 models [1] recycles 0 hard 1 soft 0 temp 0.00 loss 3.65 i_con 3.59 plddt 0.42 ptm 0.90 i_ptm 0.48
159 models [0] recycles 0 hard 1 soft 0 temp 0.00 loss 3.90 i_con 3.84 plddt 0.38 ptm 0.88 i_ptm 0.35
160 models [0] recycles 0 hard 1 soft 0 temp 0.00 loss 3.90 i_con 3.84 plddt 0.38 ptm 0.88 i_ptm 0.35
161 models [0] recycles 0 hard 1 soft 0 temp 0.00 loss 3.90 i_con 3.84 plddt 0.38 ptm 0.88 i_ptm 0.35
162 models [1] recycles 0 hard 1 soft 0 temp 0.00 loss 3.65 i_con 3.59 plddt 0.42 ptm 0.90 i_ptm 0.48
163 models [0] recycles 0 hard 1 soft 0 temp 0.00 loss 3.90 i_con 3.84 plddt 0.38 ptm 0.88 i_ptm 0.35
164 models [1] recycles 0 hard 1 soft 0 temp 0.00 loss 3.65 i_con 3.59 plddt 0.42 ptm 0.90 i_ptm 0.48
165 models [1] recycles 0 hard 1 soft 0 temp 0.00 loss 3.65 i_con 3.59 plddt 0.42 ptm 0.90 i_ptm 0.48
166 models [1] recycles 0 hard 1 soft 0 temp 0.00 loss 3.65 i_con 3.59 plddt 0.42 ptm 0.90 i_ptm 0.48
167 models [0] recycles 0 hard 1 soft 0 temp 0.00 loss 3.90 i_con 3.84 plddt 0.38 ptm 0.88 i_ptm 0.35
168 models [0] recycles 0 hard 1 soft 0 temp 0.00 loss 3.90 i_con 3.84 plddt 0.38 ptm 0.88 i_ptm 0.35
169 models [1] recycles 0 hard 1 soft 0 temp 0.00 loss 3.65 i_con 3.59 plddt 0.42 ptm 0.90 i_ptm 0.48
170 models [0] recycles 0 hard 1 soft 0 temp 0.00 loss 3.90 i_con 3.84 plddt 0.38 ptm 0.88 i_ptm 0.35
171 models [1] recycles 0 hard 1 soft 0 temp 0.00 loss 3.65 i_con 3.59 plddt 0.42 ptm 0.90 i_ptm 0.48
172 models [1] recycles 0 hard 1 soft 0 temp 0.00 loss 3.65 i_con 3.59 plddt 0.42 ptm 0.90 i_ptm 0.48
173 models [0] recycles 0 hard 1 soft 0 temp 0.00 loss 3.90 i_con 3.84 plddt 0.38 ptm 0.88 i_ptm 0.35
174 models [1] recycles 0 hard 1 soft 0 temp 0.00 loss 3.65 i_con 3.59 plddt 0.42 ptm 0.90 i_ptm 0.48
175 models [1] recycles 0 hard 1 soft 0 temp 0.00 loss 3.65 i_con 3.59 plddt 0.42 ptm 0.90 i_ptm 0.48
176 models [1] recycles 0 hard 1 soft 0 temp 0.00 loss 3.65 i_con 3.59 plddt 0.42 ptm 0.90 i_ptm 0.48
177 models [0] recycles 0 hard 1 soft 0 temp 0.00 loss 3.90 i_con 3.84 plddt 0.38 ptm 0.88 i_ptm 0.35
178 models [1] recycles 0 hard 1 soft 0 temp 0.00 loss 3.65 i_con 3.59 plddt 0.42 ptm 0.90 i_ptm 0.48
179 models [1] recycles 0 hard 1 soft 0 temp 0.00 loss 3.65 i_con 3.59 plddt 0.42 ptm 0.90 i_ptm 0.48
180 models [0] recycles 0 hard 1 soft 0 temp 0.00 loss 3.90 i_con 3.84 plddt 0.38 ptm 0.88 i_ptm 0.35
  seq=SSGGALGDALLVMLN  loss=3.9020  loss_af=3.9020  energy=12.6126  i_ptm=0.3488
[3/3] seed=2 ...
1 models [0] recycles 0 hard 0 soft 1 temp 1 loss 7.57 i_con 7.52 plddt 0.55 ptm 0.87 i_ptm 0.12
2 models [1] recycles 0 hard 0 soft 1 temp 1 loss 7.39 i_con 7.34 plddt 0.54 ptm 0.88 i_ptm 0.10
3 models [0] recycles 0 hard 0 soft 1 temp 1 loss 7.59 i_con 7.55 plddt 0.57 ptm 0.86 i_ptm 0.12
4 models [1] recycles 0 hard 0 soft 1 temp 1 loss 7.37 i_con 7.33 plddt 0.57 ptm 0.88 i_ptm 0.09
5 models [0] recycles 0 hard 0 soft 1 temp 1 loss 7.29 i_con 7.25 plddt 0.58 ptm 0.86 i_ptm 0.12
6 models [1] recycles 0 hard 0 soft 1 temp 1 loss 7.02 i_con 6.97 plddt 0.52 ptm 0.88 i_ptm 0.09
7 models [0] recycles 0 hard 0 soft 1 temp 1 loss 6.83 i_con 6.77 plddt 0.45 ptm 0.86 i_ptm 0.12
8 models [1] recycles 0 hard 0 soft 1 temp 1 loss 6.61 i_con 6.56 plddt 0.52 ptm 0.88 i_ptm 0.09
9 models [0] recycles 0 hard 0 soft 1 temp 1 loss 5.76 i_con 5.70 plddt 0.45 ptm 0.86 i_ptm 0.13
10 models [0] recycles 0 hard 0 soft 1 temp 1 loss 5.28 i_con 5.22 plddt 0.40 ptm 0.87 i_ptm 0.14
11 models [1] recycles 0 hard 0 soft 1 temp 1 loss 5.76 i_con 5.71 plddt 0.45 ptm 0.88 i_ptm 0.09
12 models [0] recycles 0 hard 0 soft 1 temp 1 loss 5.30 i_con 5.24 plddt 0.41 ptm 0.86 i_ptm 0.12
13 models [0] recycles 0 hard 0 soft 1 temp 1 loss 5.00 i_con 4.94 plddt 0.37 ptm 0.86 i_ptm 0.15
14 models [0] recycles 0 hard 0 soft 1 temp 1 loss 5.15 i_con 5.09 plddt 0.41 ptm 0.87 i_ptm 0.11
15 models [0] recycles 0 hard 0 soft 1 temp 1 loss 5.02 i_con 4.95 plddt 0.38 ptm 0.86 i_ptm 0.13
16 models [1] recycles 0 hard 0 soft 1 temp 1 loss 5.62 i_con 5.56 plddt 0.42 ptm 0.88 i_ptm 0.09
17 models [1] recycles 0 hard 0 soft 1 temp 1 loss 5.00 i_con 4.94 plddt 0.36 ptm 0.88 i_ptm 0.15
18 models [0] recycles 0 hard 0 soft 1 temp 1 loss 4.80 i_con 4.74 plddt 0.41 ptm 0.87 i_ptm 0.16
19 models [0] recycles 0 hard 0 soft 1 temp 1 loss 4.71 i_con 4.65 plddt 0.37 ptm 0.87 i_ptm 0.13
20 models [0] recycles 0 hard 0 soft 1 temp 1 loss 4.95 i_con 4.89 plddt 0.39 ptm 0.87 i_ptm 0.16
21 models [0] recycles 0 hard 0 soft 1 temp 1 loss 4.66 i_con 4.60 plddt 0.36 ptm 0.86 i_ptm 0.19
22 models [0] recycles 0 hard 0 soft 1 temp 1 loss 4.77 i_con 4.71 plddt 0.37 ptm 0.87 i_ptm 0.17
23 models [1] recycles 0 hard 0 soft 1 temp 1 loss 5.17 i_con 5.11 plddt 0.40 ptm 0.88 i_ptm 0.11
24 models [1] recycles 0 hard 0 soft 1 temp 1 loss 5.64 i_con 5.58 plddt 0.42 ptm 0.88 i_ptm 0.09
25 models [0] recycles 0 hard 0 soft 1 temp 1 loss 4.65 i_con 4.59 plddt 0.36 ptm 0.87 i_ptm 0.18
26 models [1] recycles 0 hard 0 soft 1 temp 1 loss 5.51 i_con 5.45 plddt 0.40 ptm 0.88 i_ptm 0.10
27 models [0] recycles 0 hard 0 soft 1 temp 1 loss 4.45 i_con 4.39 plddt 0.40 ptm 0.87 i_ptm 0.26
28 models [0] recycles 0 hard 0 soft 1 temp 1 loss 4.59 i_con 4.53 plddt 0.40 ptm 0.87 i_ptm 0.20
29 models [0] recycles 0 hard 0 soft 1 temp 1 loss 4.82 i_con 4.75 plddt 0.38 ptm 0.86 i_ptm 0.16
30 models [0] recycles 0 hard 0 soft 1 temp 1 loss 4.46 i_con 4.40 plddt 0.38 ptm 0.87 i_ptm 0.23
31 models [1] recycles 0 hard 0 soft 1 temp 1 loss 5.14 i_con 5.08 plddt 0.36 ptm 0.88 i_ptm 0.16
32 models [1] recycles 0 hard 0 soft 1 temp 1 loss 4.95 i_con 4.88 plddt 0.34 ptm 0.88 i_ptm 0.20
33 models [0] recycles 0 hard 0 soft 1 temp 1 loss 4.48 i_con 4.42 plddt 0.41 ptm 0.87 i_ptm 0.22
34 models [1] recycles 0 hard 0 soft 1 temp 1 loss 5.68 i_con 5.63 plddt 0.43 ptm 0.88 i_ptm 0.09
35 models [1] recycles 0 hard 0 soft 1 temp 1 loss 5.20 i_con 5.13 plddt 0.35 ptm 0.88 i_ptm 0.13
36 models [0] recycles 0 hard 0 soft 1 temp 1 loss 5.19 i_con 5.13 plddt 0.41 ptm 0.86 i_ptm 0.13
37 models [0] recycles 0 hard 0 soft 1 temp 1 loss 4.54 i_con 4.48 plddt 0.40 ptm 0.87 i_ptm 0.22
38 models [0] recycles 0 hard 0 soft 1 temp 1 loss 4.43 i_con 4.37 plddt 0.39 ptm 0.87 i_ptm 0.23
39 models [0] recycles 0 hard 0 soft 1 temp 1 loss 4.46 i_con 4.40 plddt 0.40 ptm 0.87 i_ptm 0.26
40 models [1] recycles 0 hard 0 soft 1 temp 1 loss 5.06 i_con 5.00 plddt 0.35 ptm 0.88 i_ptm 0.13
41 models [0] recycles 0 hard 0 soft 1 temp 1 loss 4.80 i_con 4.74 plddt 0.36 ptm 0.87 i_ptm 0.19
42 models [1] recycles 0 hard 0 soft 1 temp 1 loss 5.09 i_con 5.03 plddt 0.37 ptm 0.88 i_ptm 0.14
43 models [0] recycles 0 hard 0 soft 1 temp 1 loss 4.58 i_con 4.52 plddt 0.38 ptm 0.87 i_ptm 0.25
44 models [1] recycles 0 hard 0 soft 1 temp 1 loss 4.98 i_con 4.92 plddt 0.36 ptm 0.88 i_ptm 0.18
45 models [0] recycles 0 hard 0 soft 1 temp 1 loss 4.40 i_con 4.33 plddt 0.38 ptm 0.87 i_ptm 0.27
46 models [0] recycles 0 hard 0 soft 1 temp 1 loss 4.54 i_con 4.48 plddt 0.40 ptm 0.87 i_ptm 0.21
47 models [1] recycles 0 hard 0 soft 1 temp 1 loss 4.85 i_con 4.79 plddt 0.34 ptm 0.88 i_ptm 0.18
48 models [1] recycles 0 hard 0 soft 1 temp 1 loss 4.73 i_con 4.67 plddt 0.36 ptm 0.88 i_ptm 0.22
49 models [1] recycles 0 hard 0 soft 1 temp 1 loss 4.90 i_con 4.84 plddt 0.36 ptm 0.88 i_ptm 0.21
50 models [1] recycles 0 hard 0 soft 1 temp 1 loss 5.03 i_con 4.97 plddt 0.40 ptm 0.88 i_ptm 0.20
51 models [0] recycles 0 hard 0 soft 1 temp 1 loss 4.58 i_con 4.52 plddt 0.39 ptm 0.87 i_ptm 0.23
52 models [0] recycles 0 hard 0 soft 1 temp 1 loss 4.69 i_con 4.63 plddt 0.40 ptm 0.86 i_ptm 0.19
53 models [1] recycles 0 hard 0 soft 1 temp 1 loss 4.83 i_con 4.77 plddt 0.35 ptm 0.88 i_ptm 0.18
54 models [1] recycles 0 hard 0 soft 1 temp 1 loss 4.65 i_con 4.59 plddt 0.36 ptm 0.88 i_ptm 0.20
55 models [0] recycles 0 hard 0 soft 1 temp 1 loss 4.52 i_con 4.46 plddt 0.40 ptm 0.87 i_ptm 0.23
56 models [1] recycles 0 hard 0 soft 1 temp 1 loss 5.20 i_con 5.14 plddt 0.37 ptm 0.88 i_ptm 0.14
57 models [1] recycles 0 hard 0 soft 1 temp 1 loss 5.06 i_con 5.00 plddt 0.37 ptm 0.88 i_ptm 0.14
58 models [0] recycles 0 hard 0 soft 1 temp 1 loss 4.23 i_con 4.17 plddt 0.40 ptm 0.87 i_ptm 0.26
59 models [0] recycles 0 hard 0 soft 1 temp 1 loss 4.39 i_con 4.33 plddt 0.40 ptm 0.87 i_ptm 0.24
60 models [1] recycles 0 hard 0 soft 1 temp 1 loss 4.94 i_con 4.88 plddt 0.38 ptm 0.88 i_ptm 0.19
61 models [1] recycles 0 hard 0 soft 1 temp 1 loss 4.74 i_con 4.68 plddt 0.39 ptm 0.88 i_ptm 0.21
62 models [1] recycles 0 hard 0 soft 1 temp 1 loss 4.76 i_con 4.69 plddt 0.38 ptm 0.88 i_ptm 0.17
63 models [0] recycles 0 hard 0 soft 1 temp 1 loss 4.54 i_con 4.48 plddt 0.39 ptm 0.87 i_ptm 0.23
64 models [1] recycles 0 hard 0 soft 1 temp 1 loss 4.92 i_con 4.86 plddt 0.40 ptm 0.88 i_ptm 0.17
65 models [1] recycles 0 hard 0 soft 1 temp 1 loss 4.77 i_con 4.71 plddt 0.36 ptm 0.88 i_ptm 0.17
66 models [0] recycles 0 hard 0 soft 1 temp 1 loss 4.17 i_con 4.10 plddt 0.38 ptm 0.87 i_ptm 0.27
67 models [0] recycles 0 hard 0 soft 1 temp 1 loss 4.38 i_con 4.32 plddt 0.41 ptm 0.87 i_ptm 0.24
68 models [1] recycles 0 hard 0 soft 1 temp 1 loss 4.54 i_con 4.48 plddt 0.35 ptm 0.88 i_ptm 0.21
69 models [0] recycles 0 hard 0 soft 1 temp 1 loss 4.22 i_con 4.16 plddt 0.44 ptm 0.87 i_ptm 0.29
70 models [1] recycles 0 hard 0 soft 1 temp 1 loss 4.76 i_con 4.70 plddt 0.37 ptm 0.88 i_ptm 0.18
71 models [1] recycles 0 hard 0 soft 1 temp 1 loss 4.40 i_con 4.34 plddt 0.35 ptm 0.89 i_ptm 0.24
72 models [1] recycles 0 hard 0 soft 1 temp 1 loss 4.52 i_con 4.45 plddt 0.36 ptm 0.88 i_ptm 0.23
73 models [1] recycles 0 hard 0 soft 1 temp 1 loss 4.29 i_con 4.23 plddt 0.37 ptm 0.89 i_ptm 0.25
74 models [1] recycles 0 hard 0 soft 1 temp 1 loss 4.50 i_con 4.43 plddt 0.35 ptm 0.88 i_ptm 0.23
75 models [0] recycles 0 hard 0 soft 1 temp 1 loss 4.22 i_con 4.16 plddt 0.39 ptm 0.87 i_ptm 0.26
76 models [1] recycles 0 hard 0 soft 1 temp 1 loss 4.57 i_con 4.50 plddt 0.34 ptm 0.88 i_ptm 0.22
77 models [0] recycles 0 hard 0 soft 1 temp 1 loss 4.23 i_con 4.17 plddt 0.37 ptm 0.87 i_ptm 0.28
78 models [0] recycles 0 hard 0 soft 1 temp 1 loss 4.21 i_con 4.15 plddt 0.38 ptm 0.87 i_ptm 0.26
79 models [0] recycles 0 hard 0 soft 1 temp 1 loss 4.08 i_con 4.02 plddt 0.40 ptm 0.87 i_ptm 0.30
80 models [1] recycles 0 hard 0 soft 1 temp 1 loss 4.07 i_con 4.01 plddt 0.36 ptm 0.89 i_ptm 0.29
81 models [1] recycles 0 hard 0 soft 1 temp 1 loss 4.22 i_con 4.16 plddt 0.36 ptm 0.89 i_ptm 0.25
82 models [1] recycles 0 hard 0 soft 1 temp 1 loss 4.23 i_con 4.16 plddt 0.36 ptm 0.88 i_ptm 0.26
83 models [0] recycles 0 hard 0 soft 1 temp 1 loss 4.20 i_con 4.14 plddt 0.39 ptm 0.87 i_ptm 0.25
84 models [1] recycles 0 hard 0 soft 1 temp 1 loss 4.34 i_con 4.27 plddt 0.36 ptm 0.88 i_ptm 0.24
85 models [0] recycles 0 hard 0 soft 1 temp 1 loss 3.98 i_con 3.92 plddt 0.39 ptm 0.87 i_ptm 0.30
86 models [0] recycles 0 hard 0 soft 1 temp 1 loss 4.19 i_con 4.13 plddt 0.39 ptm 0.87 i_ptm 0.28
87 models [0] recycles 0 hard 0 soft 1 temp 1 loss 4.32 i_con 4.27 plddt 0.41 ptm 0.87 i_ptm 0.24
88 models [0] recycles 0 hard 0 soft 1 temp 1 loss 3.93 i_con 3.87 plddt 0.41 ptm 0.88 i_ptm 0.34
89 models [1] recycles 0 hard 0 soft 1 temp 1 loss 4.03 i_con 3.97 plddt 0.39 ptm 0.89 i_ptm 0.30
90 models [1] recycles 0 hard 0 soft 1 temp 1 loss 3.88 i_con 3.82 plddt 0.42 ptm 0.89 i_ptm 0.35
91 models [1] recycles 0 hard 0 soft 1 temp 1 loss 3.98 i_con 3.92 plddt 0.39 ptm 0.89 i_ptm 0.31
92 models [0] recycles 0 hard 0 soft 1 temp 1 loss 3.92 i_con 3.86 plddt 0.40 ptm 0.88 i_ptm 0.37
93 models [1] recycles 0 hard 0 soft 1 temp 1 loss 4.00 i_con 3.94 plddt 0.42 ptm 0.89 i_ptm 0.33
94 models [0] recycles 0 hard 0 soft 1 temp 1 loss 3.95 i_con 3.90 plddt 0.41 ptm 0.87 i_ptm 0.33
95 models [0] recycles 0 hard 0 soft 1 temp 1 loss 4.04 i_con 3.98 plddt 0.40 ptm 0.87 i_ptm 0.29
96 models [1] recycles 0 hard 0 soft 1 temp 1 loss 3.79 i_con 3.73 plddt 0.45 ptm 0.89 i_ptm 0.37
97 models [1] recycles 0 hard 0 soft 1 temp 1 loss 4.04 i_con 3.98 plddt 0.39 ptm 0.89 i_ptm 0.29
98 models [0] recycles 0 hard 0 soft 1 temp 1 loss 4.42 i_con 4.36 plddt 0.35 ptm 0.87 i_ptm 0.22
99 models [1] recycles 0 hard 0 soft 1 temp 1 loss 3.94 i_con 3.88 plddt 0.43 ptm 0.89 i_ptm 0.33
100 models [1] recycles 0 hard 0 soft 1 temp 1 loss 4.01 i_con 3.96 plddt 0.41 ptm 0.89 i_ptm 0.30
101 models [1] recycles 0 hard 0 soft 0 temp 1 loss 7.48 i_con 7.43 plddt 0.52 ptm 0.88 i_ptm 0.10
102 models [0] recycles 0 hard 0 soft 0 temp 0.98 loss 4.87 i_con 4.81 plddt 0.39 ptm 0.87 i_ptm 0.22
103 models [0] recycles 0 hard 0 soft 0 temp 0.96 loss 4.69 i_con 4.63 plddt 0.41 ptm 0.87 i_ptm 0.24
104 models [1] recycles 0 hard 0 soft 0 temp 0.94 loss 4.32 i_con 4.27 plddt 0.43 ptm 0.89 i_ptm 0.25
105 models [1] recycles 0 hard 0 soft 0 temp 0.92 loss 3.80 i_con 3.74 plddt 0.46 ptm 0.89 i_ptm 0.40
106 models [0] recycles 0 hard 0 soft 0 temp 0.90 loss 3.68 i_con 3.63 plddt 0.48 ptm 0.88 i_ptm 0.46
107 models [0] recycles 0 hard 0 soft 0 temp 0.88 loss 3.76 i_con 3.70 plddt 0.44 ptm 0.88 i_ptm 0.39
108 models [0] recycles 0 hard 0 soft 0 temp 0.86 loss 3.76 i_con 3.70 plddt 0.44 ptm 0.88 i_ptm 0.40
109 models [0] recycles 0 hard 0 soft 0 temp 0.84 loss 3.79 i_con 3.73 plddt 0.44 ptm 0.88 i_ptm 0.42
110 models [0] recycles 0 hard 0 soft 0 temp 0.82 loss 3.48 i_con 3.43 plddt 0.51 ptm 0.88 i_ptm 0.53
111 models [1] recycles 0 hard 0 soft 0 temp 0.80 loss 3.42 i_con 3.37 plddt 0.52 ptm 0.90 i_ptm 0.56
112 models [1] recycles 0 hard 0 soft 0 temp 0.78 loss 3.46 i_con 3.41 plddt 0.51 ptm 0.90 i_ptm 0.55
113 models [1] recycles 0 hard 0 soft 0 temp 0.76 loss 3.29 i_con 3.24 plddt 0.55 ptm 0.90 i_ptm 0.60
114 models [1] recycles 0 hard 0 soft 0 temp 0.74 loss 3.05 i_con 3.00 plddt 0.57 ptm 0.90 i_ptm 0.68
115 models [1] recycles 0 hard 0 soft 0 temp 0.72 loss 3.32 i_con 3.28 plddt 0.55 ptm 0.90 i_ptm 0.63
116 models [0] recycles 0 hard 0 soft 0 temp 0.70 loss 3.57 i_con 3.52 plddt 0.47 ptm 0.88 i_ptm 0.49
117 models [1] recycles 0 hard 0 soft 0 temp 0.68 loss 3.08 i_con 3.04 plddt 0.58 ptm 0.91 i_ptm 0.68
118 models [1] recycles 0 hard 0 soft 0 temp 0.66 loss 3.25 i_con 3.20 plddt 0.55 ptm 0.90 i_ptm 0.63
119 models [1] recycles 0 hard 0 soft 0 temp 0.64 loss 3.03 i_con 2.99 plddt 0.57 ptm 0.91 i_ptm 0.67
120 models [1] recycles 0 hard 0 soft 0 temp 0.62 loss 3.10 i_con 3.05 plddt 0.57 ptm 0.91 i_ptm 0.67
121 models [0] recycles 0 hard 0 soft 0 temp 0.60 loss 3.56 i_con 3.50 plddt 0.47 ptm 0.88 i_ptm 0.48
122 models [0] recycles 0 hard 0 soft 0 temp 0.58 loss 3.67 i_con 3.62 plddt 0.47 ptm 0.88 i_ptm 0.46
123 models [0] recycles 0 hard 0 soft 0 temp 0.56 loss 3.36 i_con 3.31 plddt 0.51 ptm 0.88 i_ptm 0.58
124 models [0] recycles 0 hard 0 soft 0 temp 0.54 loss 3.24 i_con 3.20 plddt 0.54 ptm 0.89 i_ptm 0.61
125 models [1] recycles 0 hard 0 soft 0 temp 0.52 loss 3.18 i_con 3.13 plddt 0.53 ptm 0.90 i_ptm 0.63
126 models [1] recycles 0 hard 0 soft 0 temp 0.50 loss 2.95 i_con 2.91 plddt 0.62 ptm 0.91 i_ptm 0.71
127 models [1] recycles 0 hard 0 soft 0 temp 0.48 loss 3.11 i_con 3.07 plddt 0.57 ptm 0.91 i_ptm 0.68
128 models [1] recycles 0 hard 0 soft 0 temp 0.46 loss 2.82 i_con 2.78 plddt 0.60 ptm 0.91 i_ptm 0.70
129 models [0] recycles 0 hard 0 soft 0 temp 0.44 loss 3.41 i_con 3.36 plddt 0.51 ptm 0.88 i_ptm 0.54
130 models [1] recycles 0 hard 0 soft 0 temp 0.42 loss 3.23 i_con 3.19 plddt 0.54 ptm 0.90 i_ptm 0.64
131 models [1] recycles 0 hard 0 soft 0 temp 0.40 loss 2.98 i_con 2.95 plddt 0.62 ptm 0.91 i_ptm 0.71
132 models [1] recycles 0 hard 0 soft 0 temp 0.38 loss 3.07 i_con 3.02 plddt 0.56 ptm 0.91 i_ptm 0.65
133 models [0] recycles 0 hard 0 soft 0 temp 0.36 loss 3.26 i_con 3.22 plddt 0.55 ptm 0.89 i_ptm 0.62
134 models [1] recycles 0 hard 0 soft 0 temp 0.34 loss 3.05 i_con 3.01 plddt 0.57 ptm 0.90 i_ptm 0.69
135 models [0] recycles 0 hard 0 soft 0 temp 0.32 loss 3.10 i_con 3.06 plddt 0.58 ptm 0.89 i_ptm 0.65
136 models [0] recycles 0 hard 0 soft 0 temp 0.30 loss 3.14 i_con 3.10 plddt 0.56 ptm 0.89 i_ptm 0.63
137 models [1] recycles 0 hard 0 soft 0 temp 0.28 loss 2.84 i_con 2.80 plddt 0.59 ptm 0.91 i_ptm 0.70
138 models [0] recycles 0 hard 0 soft 0 temp 0.26 loss 2.84 i_con 2.80 plddt 0.59 ptm 0.89 i_ptm 0.68
139 models [0] recycles 0 hard 0 soft 0 temp 0.24 loss 3.05 i_con 3.01 plddt 0.57 ptm 0.89 i_ptm 0.65
140 models [0] recycles 0 hard 0 soft 0 temp 0.22 loss 2.87 i_con 2.83 plddt 0.61 ptm 0.89 i_ptm 0.68
141 models [1] recycles 0 hard 0 soft 0 temp 0.20 loss 2.74 i_con 2.70 plddt 0.62 ptm 0.91 i_ptm 0.73
142 models [1] recycles 0 hard 0 soft 0 temp 0.18 loss 3.23 i_con 3.18 plddt 0.55 ptm 0.90 i_ptm 0.62
143 models [1] recycles 0 hard 0 soft 0 temp 0.16 loss 3.16 i_con 3.12 plddt 0.55 ptm 0.90 i_ptm 0.62
144 models [0] recycles 0 hard 0 soft 0 temp 0.14 loss 3.29 i_con 3.25 plddt 0.53 ptm 0.88 i_ptm 0.60
145 models [0] recycles 0 hard 0 soft 0 temp 0.12 loss 2.96 i_con 2.92 plddt 0.57 ptm 0.89 i_ptm 0.67
146 models [1] recycles 0 hard 0 soft 0 temp 0.10 loss 3.10 i_con 3.06 plddt 0.58 ptm 0.91 i_ptm 0.66
147 models [1] recycles 0 hard 0 soft 0 temp 0.08 loss 2.76 i_con 2.72 plddt 0.62 ptm 0.91 i_ptm 0.77
148 models [1] recycles 0 hard 0 soft 0 temp 0.06 loss 2.78 i_con 2.74 plddt 0.61 ptm 0.91 i_ptm 0.74
149 models [0] recycles 0 hard 0 soft 0 temp 0.04 loss 2.91 i_con 2.87 plddt 0.59 ptm 0.89 i_ptm 0.68
150 models [1] recycles 0 hard 0 soft 0 temp 0.02 loss 2.64 i_con 2.60 plddt 0.64 ptm 0.91 i_ptm 0.73
151 models [0] recycles 0 hard 1 soft 0 temp 0.00 loss 3.78 i_con 3.72 plddt 0.38 ptm 0.88 i_ptm 0.38
152 models [0] recycles 0 hard 1 soft 0 temp 0.00 loss 3.78 i_con 3.72 plddt 0.38 ptm 0.88 i_ptm 0.38
153 models [0] recycles 0 hard 1 soft 0 temp 0.00 loss 3.78 i_con 3.72 plddt 0.38 ptm 0.88 i_ptm 0.38
154 models [0] recycles 0 hard 1 soft 0 temp 0.00 loss 3.78 i_con 3.72 plddt 0.38 ptm 0.88 i_ptm 0.38
155 models [0] recycles 0 hard 1 soft 0 temp 0.00 loss 3.78 i_con 3.72 plddt 0.38 ptm 0.88 i_ptm 0.38
156 models [0] recycles 0 hard 1 soft 0 temp 0.00 loss 3.78 i_con 3.72 plddt 0.38 ptm 0.88 i_ptm 0.38
157 models [0] recycles 0 hard 1 soft 0 temp 0.00 loss 3.78 i_con 3.72 plddt 0.38 ptm 0.88 i_ptm 0.38
158 models [0] recycles 0 hard 1 soft 0 temp 0.00 loss 3.78 i_con 3.72 plddt 0.38 ptm 0.88 i_ptm 0.38
159 models [0] recycles 0 hard 1 soft 0 temp 0.00 loss 3.78 i_con 3.72 plddt 0.38 ptm 0.88 i_ptm 0.38
160 models [0] recycles 0 hard 1 soft 0 temp 0.00 loss 3.78 i_con 3.72 plddt 0.38 ptm 0.88 i_ptm 0.38
161 models [1] recycles 0 hard 1 soft 0 temp 0.00 loss 3.65 i_con 3.59 plddt 0.41 ptm 0.90 i_ptm 0.49
162 models [1] recycles 0 hard 1 soft 0 temp 0.00 loss 3.65 i_con 3.59 plddt 0.41 ptm 0.90 i_ptm 0.49
163 models [1] recycles 0 hard 1 soft 0 temp 0.00 loss 3.65 i_con 3.59 plddt 0.41 ptm 0.90 i_ptm 0.49
164 models [1] recycles 0 hard 1 soft 0 temp 0.00 loss 3.65 i_con 3.59 plddt 0.41 ptm 0.90 i_ptm 0.49
165 models [0] recycles 0 hard 1 soft 0 temp 0.00 loss 3.78 i_con 3.72 plddt 0.38 ptm 0.88 i_ptm 0.38
166 models [1] recycles 0 hard 1 soft 0 temp 0.00 loss 3.65 i_con 3.59 plddt 0.41 ptm 0.90 i_ptm 0.49
167 models [1] recycles 0 hard 1 soft 0 temp 0.00 loss 3.65 i_con 3.59 plddt 0.41 ptm 0.90 i_ptm 0.49
168 models [0] recycles 0 hard 1 soft 0 temp 0.00 loss 3.78 i_con 3.72 plddt 0.38 ptm 0.88 i_ptm 0.38
169 models [1] recycles 0 hard 1 soft 0 temp 0.00 loss 3.65 i_con 3.59 plddt 0.41 ptm 0.90 i_ptm 0.49
170 models [1] recycles 0 hard 1 soft 0 temp 0.00 loss 3.65 i_con 3.59 plddt 0.41 ptm 0.90 i_ptm 0.49
171 models [0] recycles 0 hard 1 soft 0 temp 0.00 loss 3.78 i_con 3.72 plddt 0.38 ptm 0.88 i_ptm 0.38
172 models [1] recycles 0 hard 1 soft 0 temp 0.00 loss 3.65 i_con 3.59 plddt 0.41 ptm 0.90 i_ptm 0.49
173 models [1] recycles 0 hard 1 soft 0 temp 0.00 loss 3.65 i_con 3.59 plddt 0.41 ptm 0.90 i_ptm 0.49
174 models [1] recycles 0 hard 1 soft 0 temp 0.00 loss 3.65 i_con 3.59 plddt 0.41 ptm 0.90 i_ptm 0.49
175 models [0] recycles 0 hard 1 soft 0 temp 0.00 loss 3.78 i_con 3.72 plddt 0.38 ptm 0.88 i_ptm 0.38
176 models [1] recycles 0 hard 1 soft 0 temp 0.00 loss 3.65 i_con 3.59 plddt 0.41 ptm 0.90 i_ptm 0.49
177 models [1] recycles 0 hard 1 soft 0 temp 0.00 loss 3.65 i_con 3.59 plddt 0.41 ptm 0.90 i_ptm 0.49
178 models [1] recycles 0 hard 1 soft 0 temp 0.00 loss 3.65 i_con 3.59 plddt 0.41 ptm 0.90 i_ptm 0.49
179 models [0] recycles 0 hard 1 soft 0 temp 0.00 loss 3.78 i_con 3.72 plddt 0.38 ptm 0.88 i_ptm 0.38
180 models [0] recycles 0 hard 1 soft 0 temp 0.00 loss 3.78 i_con 3.72 plddt 0.38 ptm 0.88 i_ptm 0.38
  seq=AAGGGDALLCLLMLD  loss=3.7791  loss_af=3.7791  energy=5.4219  i_ptm=0.3762

Saved 3 results to /home/share_nfs/342-Projets_BGE/342.3-Gen-Chem/342.3.2-BioInfo/342.3.2.8-SeqModels/protein_design/colabdesign_energy_guidance/prg/PA_PB1/sweep_results/sweep_ewlow0.00_ewhigh0.00.json

================================================================================
SUMMARY
================================================================================
 seed  loss_total   loss_af    energy   i_ptm     ptm   plddt  seq
--------------------------------------------------------------------------------
    0      3.8294    3.8294    5.0295  0.3948  0.8977  0.3910  AAGGPAALVLLLCLD
    1      3.9020    3.9020   12.6126  0.3488  0.8787  0.3771  SSGGALGDALLVMLN
    2      3.7791    3.7791    5.4219  0.3762  0.8795  0.3776  AAGGGDALLCLLMLD
---------------------------------------------
End time : Tue Mar 10 15:39:41 CET 2026
