Job ID       : 277748
Array task   : 2
Node         : aar114
Start time   : Wed Mar 11 18:11:55 CET 2026
ew_low       : 0.05
ew_high      : 0.10
---------------------------------------------
Wed Mar 11 18:11:56 2026       
+-----------------------------------------------------------------------------------------+
| NVIDIA-SMI 550.54.14              Driver Version: 550.54.14      CUDA Version: 12.4     |
|-----------------------------------------+------------------------+----------------------+
| GPU  Name                 Persistence-M | Bus-Id          Disp.A | Volatile Uncorr. ECC |
| Fan  Temp   Perf          Pwr:Usage/Cap |           Memory-Usage | GPU-Util  Compute M. |
|                                         |                        |               MIG M. |
|=========================================+========================+======================|
|   0  Tesla V100-PCIE-32GB           Off |   00000000:3B:00.0 Off |                    0 |
| N/A   52C    P0             42W /  250W |    4123MiB /  32768MiB |      0%      Default |
|                                         |                        |                  N/A |
+-----------------------------------------+------------------------+----------------------+
                                                                                         
+-----------------------------------------------------------------------------------------+
| Processes:                                                                              |
---------------------------------------------
JAX devices: [cuda(id=0)]
GPU check passed: cuda:0
Output file  : /home/share_nfs/342-Projets_BGE/342.3-Gen-Chem/342.3.2-BioInfo/342.3.2.8-SeqModels/protein_design/colabdesign_energy_guidance/prg/PA_PB1/sweep_results/sweep_ewlow0.05_ewhigh0.10.json
Running generate_sequences.py ...
py3Dmol not installed
/home/share_nfs/342-Projets_BGE/342.3-Gen-Chem/342.3.2-BioInfo/342.3.2.8-SeqModels/protein_design/energy_model_params/PNB_2R_3lay_negbinom_energy_model_weights.json
[1/3] seed=0 ...
1 models [1] recycles 0 hard 0 soft 1 temp 1 loss 7.80 i_con 7.38 plddt 0.48 ptm 0.88 i_ptm 0.09 energy 7.38
2 models [1] recycles 0 hard 0 soft 1 temp 1 loss 7.87 i_con 7.48 plddt 0.55 ptm 0.88 i_ptm 0.10 energy 7.06
3 models [0] recycles 0 hard 0 soft 1 temp 1 loss 7.93 i_con 7.55 plddt 0.55 ptm 0.86 i_ptm 0.12 energy 6.66
4 models [0] recycles 0 hard 0 soft 1 temp 1 loss 7.52 i_con 7.16 plddt 0.60 ptm 0.86 i_ptm 0.14 energy 6.33
5 models [1] recycles 0 hard 0 soft 1 temp 1 loss 7.68 i_con 7.32 plddt 0.52 ptm 0.88 i_ptm 0.09 energy 6.06
6 models [1] recycles 0 hard 0 soft 1 temp 1 loss 6.92 i_con 6.59 plddt 0.51 ptm 0.88 i_ptm 0.09 energy 5.61
7 models [1] recycles 0 hard 0 soft 1 temp 1 loss 7.17 i_con 6.85 plddt 0.49 ptm 0.88 i_ptm 0.09 energy 5.31
8 models [0] recycles 0 hard 0 soft 1 temp 1 loss 6.45 i_con 6.15 plddt 0.50 ptm 0.86 i_ptm 0.11 energy 4.96
9 models [1] recycles 0 hard 0 soft 1 temp 1 loss 6.50 i_con 6.21 plddt 0.47 ptm 0.88 i_ptm 0.09 energy 4.73
10 models [0] recycles 0 hard 0 soft 1 temp 1 loss 5.68 i_con 5.40 plddt 0.41 ptm 0.87 i_ptm 0.10 energy 4.52
11 models [1] recycles 0 hard 0 soft 1 temp 1 loss 5.98 i_con 5.71 plddt 0.42 ptm 0.88 i_ptm 0.08 energy 4.41
12 models [1] recycles 0 hard 0 soft 1 temp 1 loss 6.09 i_con 5.82 plddt 0.44 ptm 0.88 i_ptm 0.09 energy 4.18
13 models [0] recycles 0 hard 0 soft 1 temp 1 loss 5.34 i_con 5.09 plddt 0.39 ptm 0.86 i_ptm 0.10 energy 3.76
14 models [1] recycles 0 hard 0 soft 1 temp 1 loss 5.99 i_con 5.75 plddt 0.45 ptm 0.88 i_ptm 0.08 energy 3.79
15 models [1] recycles 0 hard 0 soft 1 temp 1 loss 5.62 i_con 5.38 plddt 0.37 ptm 0.88 i_ptm 0.09 energy 3.58
16 models [1] recycles 0 hard 0 soft 1 temp 1 loss 5.66 i_con 5.41 plddt 0.37 ptm 0.88 i_ptm 0.09 energy 3.65
17 models [0] recycles 0 hard 0 soft 1 temp 1 loss 5.17 i_con 4.92 plddt 0.33 ptm 0.87 i_ptm 0.14 energy 3.72
18 models [0] recycles 0 hard 0 soft 1 temp 1 loss 5.09 i_con 4.87 plddt 0.36 ptm 0.87 i_ptm 0.18 energy 3.16
19 models [1] recycles 0 hard 0 soft 1 temp 1 loss 5.75 i_con 5.55 plddt 0.39 ptm 0.88 i_ptm 0.09 energy 2.80
20 models [1] recycles 0 hard 0 soft 1 temp 1 loss 5.42 i_con 5.22 plddt 0.38 ptm 0.88 i_ptm 0.10 energy 2.80
21 models [1] recycles 0 hard 0 soft 1 temp 1 loss 5.40 i_con 5.21 plddt 0.40 ptm 0.88 i_ptm 0.11 energy 2.48
22 models [0] recycles 0 hard 0 soft 1 temp 1 loss 4.96 i_con 4.78 plddt 0.37 ptm 0.87 i_ptm 0.22 energy 2.26
23 models [1] recycles 0 hard 0 soft 1 temp 1 loss 5.02 i_con 4.86 plddt 0.37 ptm 0.88 i_ptm 0.16 energy 1.93
24 models [1] recycles 0 hard 0 soft 1 temp 1 loss 5.15 i_con 5.01 plddt 0.34 ptm 0.88 i_ptm 0.17 energy 1.40
25 models [0] recycles 0 hard 0 soft 1 temp 1 loss 4.57 i_con 4.45 plddt 0.38 ptm 0.87 i_ptm 0.23 energy 1.20
26 models [1] recycles 0 hard 0 soft 1 temp 1 loss 5.52 i_con 5.41 plddt 0.39 ptm 0.88 i_ptm 0.10 energy 1.03
27 models [0] recycles 0 hard 0 soft 1 temp 1 loss 4.62 i_con 4.51 plddt 0.40 ptm 0.87 i_ptm 0.22 energy 1.00
28 models [1] recycles 0 hard 0 soft 1 temp 1 loss 5.23 i_con 5.12 plddt 0.37 ptm 0.88 i_ptm 0.12 energy 1.03
29 models [1] recycles 0 hard 0 soft 1 temp 1 loss 4.89 i_con 4.79 plddt 0.36 ptm 0.88 i_ptm 0.20 energy 0.76
30 models [0] recycles 0 hard 0 soft 1 temp 1 loss 4.44 i_con 4.37 plddt 0.41 ptm 0.87 i_ptm 0.25 energy 0.23
31 models [0] recycles 0 hard 0 soft 1 temp 1 loss 4.59 i_con 4.52 plddt 0.38 ptm 0.87 i_ptm 0.21 energy 0.09
32 models [1] recycles 0 hard 0 soft 1 temp 1 loss 4.55 i_con 4.49 plddt 0.37 ptm 0.89 i_ptm 0.24 energy -0.19
33 models [1] recycles 0 hard 0 soft 1 temp 1 loss 4.93 i_con 4.92 plddt 0.38 ptm 0.88 i_ptm 0.16 energy -0.86
34 models [0] recycles 0 hard 0 soft 1 temp 1 loss 4.41 i_con 4.40 plddt 0.41 ptm 0.87 i_ptm 0.24 energy -0.91
35 models [0] recycles 0 hard 0 soft 1 temp 1 loss 4.37 i_con 4.37 plddt 0.45 ptm 0.87 i_ptm 0.28 energy -1.11
36 models [0] recycles 0 hard 0 soft 1 temp 1 loss 4.47 i_con 4.46 plddt 0.40 ptm 0.87 i_ptm 0.25 energy -1.00
37 models [1] recycles 0 hard 0 soft 1 temp 1 loss 4.94 i_con 4.96 plddt 0.36 ptm 0.88 i_ptm 0.17 energy -1.74
38 models [1] recycles 0 hard 0 soft 1 temp 1 loss 4.99 i_con 5.03 plddt 0.36 ptm 0.88 i_ptm 0.19 energy -2.07
39 models [1] recycles 0 hard 0 soft 1 temp 1 loss 4.93 i_con 4.98 plddt 0.34 ptm 0.88 i_ptm 0.19 energy -2.31
40 models [1] recycles 0 hard 0 soft 1 temp 1 loss 4.42 i_con 4.48 plddt 0.38 ptm 0.88 i_ptm 0.26 energy -2.45
41 models [1] recycles 0 hard 0 soft 1 temp 1 loss 4.70 i_con 4.76 plddt 0.38 ptm 0.88 i_ptm 0.23 energy -2.53
42 models [0] recycles 0 hard 0 soft 1 temp 1 loss 4.29 i_con 4.37 plddt 0.41 ptm 0.87 i_ptm 0.25 energy -2.68
43 models [1] recycles 0 hard 0 soft 1 temp 1 loss 4.57 i_con 4.63 plddt 0.38 ptm 0.88 i_ptm 0.22 energy -2.60
44 models [1] recycles 0 hard 0 soft 1 temp 1 loss 4.58 i_con 4.65 plddt 0.36 ptm 0.88 i_ptm 0.23 energy -2.64
45 models [1] recycles 0 hard 0 soft 1 temp 1 loss 4.40 i_con 4.46 plddt 0.37 ptm 0.89 i_ptm 0.25 energy -2.61
46 models [1] recycles 0 hard 0 soft 1 temp 1 loss 4.60 i_con 4.68 plddt 0.36 ptm 0.88 i_ptm 0.22 energy -2.84
47 models [1] recycles 0 hard 0 soft 1 temp 1 loss 4.50 i_con 4.58 plddt 0.38 ptm 0.88 i_ptm 0.22 energy -2.91
48 models [0] recycles 0 hard 0 soft 1 temp 1 loss 4.57 i_con 4.66 plddt 0.41 ptm 0.87 i_ptm 0.24 energy -3.02
49 models [0] recycles 0 hard 0 soft 1 temp 1 loss 4.57 i_con 4.65 plddt 0.41 ptm 0.87 i_ptm 0.23 energy -2.88
50 models [0] recycles 0 hard 0 soft 1 temp 1 loss 4.24 i_con 4.32 plddt 0.41 ptm 0.87 i_ptm 0.26 energy -2.80
51 models [0] recycles 0 hard 0 soft 1 temp 1 loss 4.17 i_con 4.37 plddt 0.41 ptm 0.87 i_ptm 0.27 energy -2.59
52 models [0] recycles 0 hard 0 soft 1 temp 1 loss 3.95 i_con 4.13 plddt 0.40 ptm 0.87 i_ptm 0.33 energy -2.41
53 models [1] recycles 0 hard 0 soft 1 temp 1 loss 4.24 i_con 4.46 plddt 0.42 ptm 0.88 i_ptm 0.24 energy -2.70
54 models [1] recycles 0 hard 0 soft 1 temp 1 loss 4.64 i_con 4.87 plddt 0.36 ptm 0.88 i_ptm 0.20 energy -2.95
55 models [0] recycles 0 hard 0 soft 1 temp 1 loss 4.07 i_con 4.33 plddt 0.40 ptm 0.87 i_ptm 0.25 energy -3.22
56 models [0] recycles 0 hard 0 soft 1 temp 1 loss 4.25 i_con 4.52 plddt 0.40 ptm 0.87 i_ptm 0.26 energy -3.29
57 models [0] recycles 0 hard 0 soft 1 temp 1 loss 4.12 i_con 4.40 plddt 0.38 ptm 0.87 i_ptm 0.27 energy -3.36
58 models [0] recycles 0 hard 0 soft 1 temp 1 loss 3.92 i_con 4.21 plddt 0.39 ptm 0.87 i_ptm 0.29 energy -3.49
59 models [0] recycles 0 hard 0 soft 1 temp 1 loss 4.11 i_con 4.38 plddt 0.40 ptm 0.87 i_ptm 0.25 energy -3.25
60 models [0] recycles 0 hard 0 soft 1 temp 1 loss 3.86 i_con 4.15 plddt 0.40 ptm 0.87 i_ptm 0.28 energy -3.50
61 models [0] recycles 0 hard 0 soft 1 temp 1 loss 4.02 i_con 4.32 plddt 0.39 ptm 0.87 i_ptm 0.27 energy -3.58
62 models [0] recycles 0 hard 0 soft 1 temp 1 loss 3.85 i_con 4.14 plddt 0.40 ptm 0.87 i_ptm 0.29 energy -3.40
63 models [1] recycles 0 hard 0 soft 1 temp 1 loss 4.48 i_con 4.79 plddt 0.37 ptm 0.88 i_ptm 0.21 energy -3.64
64 models [1] recycles 0 hard 0 soft 1 temp 1 loss 4.24 i_con 4.55 plddt 0.39 ptm 0.88 i_ptm 0.23 energy -3.72
65 models [1] recycles 0 hard 0 soft 1 temp 1 loss 4.09 i_con 4.41 plddt 0.36 ptm 0.89 i_ptm 0.27 energy -3.85
66 models [0] recycles 0 hard 0 soft 1 temp 1 loss 4.06 i_con 4.38 plddt 0.41 ptm 0.87 i_ptm 0.26 energy -3.85
67 models [0] recycles 0 hard 0 soft 1 temp 1 loss 3.92 i_con 4.25 plddt 0.41 ptm 0.87 i_ptm 0.28 energy -3.88
68 models [0] recycles 0 hard 0 soft 1 temp 1 loss 4.01 i_con 4.35 plddt 0.41 ptm 0.87 i_ptm 0.26 energy -3.96
69 models [0] recycles 0 hard 0 soft 1 temp 1 loss 3.76 i_con 4.12 plddt 0.39 ptm 0.87 i_ptm 0.30 energy -4.15
70 models [1] recycles 0 hard 0 soft 1 temp 1 loss 4.14 i_con 4.50 plddt 0.35 ptm 0.89 i_ptm 0.24 energy -4.22
71 models [1] recycles 0 hard 0 soft 1 temp 1 loss 3.94 i_con 4.28 plddt 0.37 ptm 0.89 i_ptm 0.27 energy -4.05
72 models [0] recycles 0 hard 0 soft 1 temp 1 loss 3.63 i_con 3.99 plddt 0.42 ptm 0.87 i_ptm 0.32 energy -4.20
73 models [1] recycles 0 hard 0 soft 1 temp 1 loss 3.87 i_con 4.24 plddt 0.39 ptm 0.88 i_ptm 0.24 energy -4.32
74 models [0] recycles 0 hard 0 soft 1 temp 1 loss 3.98 i_con 4.35 plddt 0.43 ptm 0.87 i_ptm 0.29 energy -4.28
75 models [0] recycles 0 hard 0 soft 1 temp 1 loss 3.89 i_con 4.27 plddt 0.41 ptm 0.87 i_ptm 0.27 energy -4.43
76 models [0] recycles 0 hard 0 soft 1 temp 1 loss 3.72 i_con 4.11 plddt 0.39 ptm 0.87 i_ptm 0.26 energy -4.56
77 models [0] recycles 0 hard 0 soft 1 temp 1 loss 3.84 i_con 4.25 plddt 0.41 ptm 0.87 i_ptm 0.30 energy -4.68
78 models [0] recycles 0 hard 0 soft 1 temp 1 loss 3.83 i_con 4.23 plddt 0.38 ptm 0.87 i_ptm 0.27 energy -4.58
79 models [1] recycles 0 hard 0 soft 1 temp 1 loss 3.79 i_con 4.19 plddt 0.37 ptm 0.88 i_ptm 0.27 energy -4.59
80 models [1] recycles 0 hard 0 soft 1 temp 1 loss 3.85 i_con 4.24 plddt 0.36 ptm 0.89 i_ptm 0.25 energy -4.54
81 models [1] recycles 0 hard 0 soft 1 temp 1 loss 3.92 i_con 4.31 plddt 0.37 ptm 0.89 i_ptm 0.26 energy -4.52
82 models [1] recycles 0 hard 0 soft 1 temp 1 loss 3.79 i_con 4.18 plddt 0.36 ptm 0.89 i_ptm 0.28 energy -4.49
83 models [0] recycles 0 hard 0 soft 1 temp 1 loss 3.76 i_con 4.16 plddt 0.39 ptm 0.87 i_ptm 0.27 energy -4.62
84 models [1] recycles 0 hard 0 soft 1 temp 1 loss 3.75 i_con 4.15 plddt 0.38 ptm 0.89 i_ptm 0.31 energy -4.69
85 models [1] recycles 0 hard 0 soft 1 temp 1 loss 3.89 i_con 4.27 plddt 0.37 ptm 0.89 i_ptm 0.27 energy -4.41
86 models [1] recycles 0 hard 0 soft 1 temp 1 loss 3.71 i_con 4.10 plddt 0.40 ptm 0.89 i_ptm 0.28 energy -4.50
87 models [1] recycles 0 hard 0 soft 1 temp 1 loss 4.07 i_con 4.46 plddt 0.36 ptm 0.88 i_ptm 0.23 energy -4.59
88 models [0] recycles 0 hard 0 soft 1 temp 1 loss 3.71 i_con 4.11 plddt 0.42 ptm 0.87 i_ptm 0.28 energy -4.54
89 models [0] recycles 0 hard 0 soft 1 temp 1 loss 3.80 i_con 4.22 plddt 0.41 ptm 0.87 i_ptm 0.26 energy -4.82
90 models [0] recycles 0 hard 0 soft 1 temp 1 loss 3.69 i_con 4.11 plddt 0.39 ptm 0.87 i_ptm 0.27 energy -4.77
91 models [0] recycles 0 hard 0 soft 1 temp 1 loss 3.60 i_con 4.02 plddt 0.37 ptm 0.88 i_ptm 0.30 energy -4.88
92 models [0] recycles 0 hard 0 soft 1 temp 1 loss 3.71 i_con 4.14 plddt 0.38 ptm 0.87 i_ptm 0.29 energy -4.93
93 models [1] recycles 0 hard 0 soft 1 temp 1 loss 3.72 i_con 4.15 plddt 0.37 ptm 0.89 i_ptm 0.29 energy -4.94
94 models [0] recycles 0 hard 0 soft 1 temp 1 loss 3.69 i_con 4.12 plddt 0.38 ptm 0.87 i_ptm 0.29 energy -4.92
95 models [1] recycles 0 hard 0 soft 1 temp 1 loss 3.87 i_con 4.30 plddt 0.36 ptm 0.89 i_ptm 0.26 energy -4.99
96 models [1] recycles 0 hard 0 soft 1 temp 1 loss 3.77 i_con 4.20 plddt 0.37 ptm 0.89 i_ptm 0.27 energy -4.95
97 models [0] recycles 0 hard 0 soft 1 temp 1 loss 3.65 i_con 4.08 plddt 0.40 ptm 0.87 i_ptm 0.28 energy -4.95
98 models [0] recycles 0 hard 0 soft 1 temp 1 loss 3.68 i_con 4.12 plddt 0.38 ptm 0.87 i_ptm 0.27 energy -5.10
99 models [0] recycles 0 hard 0 soft 1 temp 1 loss 3.67 i_con 4.12 plddt 0.39 ptm 0.87 i_ptm 0.27 energy -5.04
100 models [0] recycles 0 hard 0 soft 1 temp 1 loss 3.55 i_con 4.00 plddt 0.40 ptm 0.87 i_ptm 0.32 energy -5.10
101 models [0] recycles 0 hard 0 soft 0 temp 1 loss 5.63 i_con 6.95 plddt 0.47 ptm 0.87 i_ptm 0.14 energy -27.51
102 models [1] recycles 0 hard 0 soft 0 temp 0.98 loss 5.58 i_con 6.92 plddt 0.61 ptm 0.88 i_ptm 0.09 energy -27.51
103 models [1] recycles 0 hard 0 soft 0 temp 0.96 loss 4.54 i_con 5.86 plddt 0.48 ptm 0.88 i_ptm 0.09 energy -27.42
104 models [0] recycles 0 hard 0 soft 0 temp 0.94 loss 2.97 i_con 4.28 plddt 0.42 ptm 0.87 i_ptm 0.30 energy -27.42
105 models [1] recycles 0 hard 0 soft 0 temp 0.92 loss 2.65 i_con 3.96 plddt 0.41 ptm 0.89 i_ptm 0.35 energy -27.52
106 models [1] recycles 0 hard 0 soft 0 temp 0.90 loss 2.62 i_con 3.93 plddt 0.40 ptm 0.89 i_ptm 0.35 energy -27.41
107 models [0] recycles 0 hard 0 soft 0 temp 0.88 loss 2.63 i_con 4.02 plddt 0.42 ptm 0.87 i_ptm 0.33 energy -29.05
108 models [0] recycles 0 hard 0 soft 0 temp 0.86 loss 2.42 i_con 3.89 plddt 0.43 ptm 0.88 i_ptm 0.38 energy -30.48
109 models [0] recycles 0 hard 0 soft 0 temp 0.84 loss 2.16 i_con 3.71 plddt 0.44 ptm 0.88 i_ptm 0.45 energy -32.02
110 models [1] recycles 0 hard 0 soft 0 temp 0.82 loss 2.42 i_con 3.98 plddt 0.38 ptm 0.89 i_ptm 0.33 energy -32.56
111 models [1] recycles 0 hard 0 soft 0 temp 0.80 loss 2.15 i_con 3.77 plddt 0.38 ptm 0.89 i_ptm 0.41 energy -33.58
112 models [0] recycles 0 hard 0 soft 0 temp 0.78 loss 2.09 i_con 3.74 plddt 0.41 ptm 0.88 i_ptm 0.41 energy -34.19
113 models [0] recycles 0 hard 0 soft 0 temp 0.76 loss 2.10 i_con 3.86 plddt 0.42 ptm 0.87 i_ptm 0.38 energy -36.18
114 models [1] recycles 0 hard 0 soft 0 temp 0.74 loss 2.01 i_con 3.83 plddt 0.41 ptm 0.90 i_ptm 0.37 energy -37.63
115 models [1] recycles 0 hard 0 soft 0 temp 0.72 loss 1.97 i_con 3.81 plddt 0.42 ptm 0.89 i_ptm 0.40 energy -37.99
116 models [1] recycles 0 hard 0 soft 0 temp 0.70 loss 1.90 i_con 3.81 plddt 0.44 ptm 0.89 i_ptm 0.39 energy -39.36
117 models [0] recycles 0 hard 0 soft 0 temp 0.68 loss 1.88 i_con 3.86 plddt 0.42 ptm 0.87 i_ptm 0.36 energy -40.76
118 models [0] recycles 0 hard 0 soft 0 temp 0.66 loss 1.77 i_con 3.81 plddt 0.42 ptm 0.87 i_ptm 0.40 energy -41.86
119 models [1] recycles 0 hard 0 soft 0 temp 0.64 loss 1.53 i_con 3.67 plddt 0.46 ptm 0.89 i_ptm 0.45 energy -43.88
120 models [0] recycles 0 hard 0 soft 0 temp 0.62 loss 1.61 i_con 3.81 plddt 0.42 ptm 0.88 i_ptm 0.41 energy -45.17
121 models [1] recycles 0 hard 0 soft 0 temp 0.60 loss 1.48 i_con 3.77 plddt 0.40 ptm 0.89 i_ptm 0.41 energy -47.01
122 models [0] recycles 0 hard 0 soft 0 temp 0.58 loss 1.33 i_con 3.69 plddt 0.39 ptm 0.88 i_ptm 0.43 energy -48.43
123 models [1] recycles 0 hard 0 soft 0 temp 0.56 loss 1.34 i_con 3.78 plddt 0.38 ptm 0.90 i_ptm 0.43 energy -49.97
124 models [0] recycles 0 hard 0 soft 0 temp 0.54 loss 1.19 i_con 3.67 plddt 0.42 ptm 0.88 i_ptm 0.46 energy -50.62
125 models [0] recycles 0 hard 0 soft 0 temp 0.52 loss 1.24 i_con 3.79 plddt 0.40 ptm 0.87 i_ptm 0.38 energy -52.31
126 models [0] recycles 0 hard 0 soft 0 temp 0.50 loss 1.03 i_con 3.68 plddt 0.43 ptm 0.88 i_ptm 0.44 energy -54.11
127 models [0] recycles 0 hard 0 soft 0 temp 0.48 loss 0.98 i_con 3.70 plddt 0.42 ptm 0.88 i_ptm 0.43 energy -55.43
128 models [1] recycles 0 hard 0 soft 0 temp 0.46 loss 0.90 i_con 3.70 plddt 0.40 ptm 0.89 i_ptm 0.44 energy -57.17
129 models [1] recycles 0 hard 0 soft 0 temp 0.44 loss 0.93 i_con 3.80 plddt 0.39 ptm 0.89 i_ptm 0.40 energy -58.55
130 models [1] recycles 0 hard 0 soft 0 temp 0.42 loss 0.81 i_con 3.74 plddt 0.39 ptm 0.89 i_ptm 0.40 energy -59.89
131 models [0] recycles 0 hard 0 soft 0 temp 0.40 loss 0.85 i_con 3.86 plddt 0.38 ptm 0.87 i_ptm 0.36 energy -61.60
132 models [0] recycles 0 hard 0 soft 0 temp 0.38 loss 0.68 i_con 3.80 plddt 0.42 ptm 0.87 i_ptm 0.39 energy -63.40
133 models [0] recycles 0 hard 0 soft 0 temp 0.36 loss 0.61 i_con 3.78 plddt 0.38 ptm 0.88 i_ptm 0.39 energy -64.68
134 models [0] recycles 0 hard 0 soft 0 temp 0.34 loss 0.58 i_con 3.75 plddt 0.42 ptm 0.88 i_ptm 0.46 energy -64.63
135 models [1] recycles 0 hard 0 soft 0 temp 0.32 loss 0.47 i_con 3.72 plddt 0.42 ptm 0.90 i_ptm 0.44 energy -66.07
136 models [1] recycles 0 hard 0 soft 0 temp 0.30 loss 0.12 i_con 3.44 plddt 0.46 ptm 0.90 i_ptm 0.51 energy -67.52
137 models [1] recycles 0 hard 0 soft 0 temp 0.28 loss 0.22 i_con 3.59 plddt 0.42 ptm 0.90 i_ptm 0.47 energy -68.46
138 models [1] recycles 0 hard 0 soft 0 temp 0.26 loss -0.12 i_con 3.34 plddt 0.48 ptm 0.90 i_ptm 0.57 energy -70.10
139 models [1] recycles 0 hard 0 soft 0 temp 0.24 loss 0.29 i_con 3.75 plddt 0.44 ptm 0.90 i_ptm 0.44 energy -70.20
140 models [1] recycles 0 hard 0 soft 0 temp 0.22 loss 0.13 i_con 3.63 plddt 0.46 ptm 0.90 i_ptm 0.46 energy -71.20
141 models [0] recycles 0 hard 0 soft 0 temp 0.20 loss 0.23 i_con 3.77 plddt 0.41 ptm 0.88 i_ptm 0.42 energy -72.12
142 models [0] recycles 0 hard 0 soft 0 temp 0.18 loss 0.01 i_con 3.64 plddt 0.45 ptm 0.88 i_ptm 0.48 energy -73.80
143 models [1] recycles 0 hard 0 soft 0 temp 0.16 loss -0.17 i_con 3.51 plddt 0.47 ptm 0.90 i_ptm 0.49 energy -74.64
144 models [0] recycles 0 hard 0 soft 0 temp 0.14 loss 0.00 i_con 3.71 plddt 0.42 ptm 0.88 i_ptm 0.42 energy -75.27
145 models [1] recycles 0 hard 0 soft 0 temp 0.12 loss -0.43 i_con 3.32 plddt 0.47 ptm 0.90 i_ptm 0.55 energy -76.00
146 models [1] recycles 0 hard 0 soft 0 temp 0.10 loss -0.54 i_con 3.30 plddt 0.52 ptm 0.90 i_ptm 0.56 energy -77.68
147 models [0] recycles 0 hard 0 soft 0 temp 0.08 loss -0.07 i_con 3.80 plddt 0.42 ptm 0.87 i_ptm 0.42 energy -78.65
148 models [1] recycles 0 hard 0 soft 0 temp 0.06 loss -0.67 i_con 3.25 plddt 0.50 ptm 0.90 i_ptm 0.59 energy -79.41
149 models [0] recycles 0 hard 0 soft 0 temp 0.04 loss -0.18 i_con 3.77 plddt 0.45 ptm 0.88 i_ptm 0.43 energy -80.10
150 models [1] recycles 0 hard 0 soft 0 temp 0.02 loss -0.50 i_con 3.50 plddt 0.48 ptm 0.90 i_ptm 0.50 energy -81.02
151 models [1] recycles 0 hard 1 soft 0 temp 0.00 loss 3.66 i_con 4.14 plddt 0.37 ptm 0.89 i_ptm 0.29 energy -5.44
152 models [1] recycles 0 hard 1 soft 0 temp 0.00 loss 3.66 i_con 4.14 plddt 0.37 ptm 0.89 i_ptm 0.29 energy -5.44
153 models [1] recycles 0 hard 1 soft 0 temp 0.00 loss 3.66 i_con 4.14 plddt 0.37 ptm 0.89 i_ptm 0.29 energy -5.44
154 models [0] recycles 0 hard 1 soft 0 temp 0.00 loss 3.54 i_con 4.02 plddt 0.37 ptm 0.88 i_ptm 0.31 energy -5.44
155 models [1] recycles 0 hard 1 soft 0 temp 0.00 loss 3.66 i_con 4.14 plddt 0.37 ptm 0.89 i_ptm 0.29 energy -5.44
156 models [1] recycles 0 hard 1 soft 0 temp 0.00 loss 3.66 i_con 4.14 plddt 0.37 ptm 0.89 i_ptm 0.29 energy -5.44
157 models [0] recycles 0 hard 1 soft 0 temp 0.00 loss 3.54 i_con 4.02 plddt 0.37 ptm 0.88 i_ptm 0.31 energy -5.44
158 models [0] recycles 0 hard 1 soft 0 temp 0.00 loss 3.54 i_con 4.02 plddt 0.37 ptm 0.88 i_ptm 0.31 energy -5.44
159 models [1] recycles 0 hard 1 soft 0 temp 0.00 loss 3.66 i_con 4.14 plddt 0.37 ptm 0.89 i_ptm 0.29 energy -5.44
160 models [1] recycles 0 hard 1 soft 0 temp 0.00 loss 3.66 i_con 4.14 plddt 0.37 ptm 0.89 i_ptm 0.29 energy -5.44
161 models [0] recycles 0 hard 1 soft 0 temp 0.00 loss 3.54 i_con 4.02 plddt 0.37 ptm 0.88 i_ptm 0.31 energy -5.44
162 models [1] recycles 0 hard 1 soft 0 temp 0.00 loss 3.66 i_con 4.14 plddt 0.37 ptm 0.89 i_ptm 0.29 energy -5.44
163 models [0] recycles 0 hard 1 soft 0 temp 0.00 loss 3.54 i_con 4.02 plddt 0.37 ptm 0.88 i_ptm 0.31 energy -5.44
164 models [1] recycles 0 hard 1 soft 0 temp 0.00 loss 3.66 i_con 4.14 plddt 0.37 ptm 0.89 i_ptm 0.29 energy -5.44
165 models [0] recycles 0 hard 1 soft 0 temp 0.00 loss 3.54 i_con 4.02 plddt 0.37 ptm 0.88 i_ptm 0.31 energy -5.44
166 models [1] recycles 0 hard 1 soft 0 temp 0.00 loss 3.66 i_con 4.14 plddt 0.37 ptm 0.89 i_ptm 0.29 energy -5.44
167 models [0] recycles 0 hard 1 soft 0 temp 0.00 loss 3.54 i_con 4.02 plddt 0.37 ptm 0.88 i_ptm 0.31 energy -5.44
168 models [0] recycles 0 hard 1 soft 0 temp 0.00 loss 3.54 i_con 4.02 plddt 0.37 ptm 0.88 i_ptm 0.31 energy -5.44
169 models [0] recycles 0 hard 1 soft 0 temp 0.00 loss 3.54 i_con 4.02 plddt 0.37 ptm 0.88 i_ptm 0.31 energy -5.44
170 models [1] recycles 0 hard 1 soft 0 temp 0.00 loss 3.66 i_con 4.14 plddt 0.37 ptm 0.89 i_ptm 0.29 energy -5.44
171 models [0] recycles 0 hard 1 soft 0 temp 0.00 loss 3.54 i_con 4.02 plddt 0.37 ptm 0.88 i_ptm 0.31 energy -5.44
172 models [1] recycles 0 hard 1 soft 0 temp 0.00 loss 3.66 i_con 4.14 plddt 0.37 ptm 0.89 i_ptm 0.29 energy -5.44
173 models [0] recycles 0 hard 1 soft 0 temp 0.00 loss 3.54 i_con 4.02 plddt 0.37 ptm 0.88 i_ptm 0.31 energy -5.44
174 models [0] recycles 0 hard 1 soft 0 temp 0.00 loss 3.54 i_con 4.02 plddt 0.37 ptm 0.88 i_ptm 0.31 energy -5.44
175 models [1] recycles 0 hard 1 soft 0 temp 0.00 loss 3.66 i_con 4.14 plddt 0.37 ptm 0.89 i_ptm 0.29 energy -5.44
176 models [1] recycles 0 hard 1 soft 0 temp 0.00 loss 3.66 i_con 4.14 plddt 0.37 ptm 0.89 i_ptm 0.29 energy -5.44
177 models [1] recycles 0 hard 1 soft 0 temp 0.00 loss 3.66 i_con 4.14 plddt 0.37 ptm 0.89 i_ptm 0.29 energy -5.44
178 models [0] recycles 0 hard 1 soft 0 temp 0.00 loss 3.54 i_con 4.02 plddt 0.37 ptm 0.88 i_ptm 0.31 energy -5.44
179 models [0] recycles 0 hard 1 soft 0 temp 0.00 loss 3.54 i_con 4.02 plddt 0.37 ptm 0.88 i_ptm 0.31 energy -5.44
180 models [1] recycles 0 hard 1 soft 0 temp 0.00 loss 3.66 i_con 4.14 plddt 0.37 ptm 0.89 i_ptm 0.29 energy -5.44
  seq=LWGSPAALLLFMCTC  loss=3.6643  loss_af=4.2082  energy=-5.4391  i_ptm=0.2913
[2/3] seed=1 ...
1 models [0] recycles 0 hard 0 soft 1 temp 1 loss 8.30 i_con 7.89 plddt 0.57 ptm 0.86 i_ptm 0.13 energy 7.40
2 models [1] recycles 0 hard 0 soft 1 temp 1 loss 7.64 i_con 7.23 plddt 0.54 ptm 0.88 i_ptm 0.08 energy 7.17
3 models [0] recycles 0 hard 0 soft 1 temp 1 loss 7.61 i_con 7.22 plddt 0.52 ptm 0.86 i_ptm 0.12 energy 6.85
4 models [1] recycles 0 hard 0 soft 1 temp 1 loss 7.28 i_con 6.91 plddt 0.53 ptm 0.88 i_ptm 0.09 energy 6.59
5 models [0] recycles 0 hard 0 soft 1 temp 1 loss 7.12 i_con 6.77 plddt 0.57 ptm 0.86 i_ptm 0.13 energy 6.29
6 models [1] recycles 0 hard 0 soft 1 temp 1 loss 7.54 i_con 7.19 plddt 0.50 ptm 0.88 i_ptm 0.09 energy 6.06
7 models [1] recycles 0 hard 0 soft 1 temp 1 loss 7.26 i_con 6.92 plddt 0.52 ptm 0.88 i_ptm 0.08 energy 5.69
8 models [1] recycles 0 hard 0 soft 1 temp 1 loss 7.10 i_con 6.79 plddt 0.52 ptm 0.88 i_ptm 0.09 energy 5.41
9 models [1] recycles 0 hard 0 soft 1 temp 1 loss 6.56 i_con 6.26 plddt 0.51 ptm 0.88 i_ptm 0.08 energy 5.15
10 models [0] recycles 0 hard 0 soft 1 temp 1 loss 5.86 i_con 5.55 plddt 0.42 ptm 0.86 i_ptm 0.11 energy 5.03
11 models [1] recycles 0 hard 0 soft 1 temp 1 loss 6.44 i_con 6.14 plddt 0.48 ptm 0.88 i_ptm 0.07 energy 4.90
12 models [1] recycles 0 hard 0 soft 1 temp 1 loss 6.36 i_con 6.07 plddt 0.48 ptm 0.88 i_ptm 0.08 energy 4.79
13 models [1] recycles 0 hard 0 soft 1 temp 1 loss 6.21 i_con 5.94 plddt 0.51 ptm 0.88 i_ptm 0.08 energy 4.44
14 models [0] recycles 0 hard 0 soft 1 temp 1 loss 5.56 i_con 5.29 plddt 0.40 ptm 0.86 i_ptm 0.11 energy 4.25
15 models [0] recycles 0 hard 0 soft 1 temp 1 loss 5.15 i_con 4.86 plddt 0.34 ptm 0.86 i_ptm 0.13 energy 4.35
16 models [0] recycles 0 hard 0 soft 1 temp 1 loss 4.82 i_con 4.54 plddt 0.41 ptm 0.87 i_ptm 0.21 energy 4.36
17 models [0] recycles 0 hard 0 soft 1 temp 1 loss 4.80 i_con 4.54 plddt 0.35 ptm 0.86 i_ptm 0.19 energy 3.94
18 models [1] recycles 0 hard 0 soft 1 temp 1 loss 5.69 i_con 5.43 plddt 0.46 ptm 0.88 i_ptm 0.09 energy 4.03
19 models [1] recycles 0 hard 0 soft 1 temp 1 loss 5.98 i_con 5.70 plddt 0.43 ptm 0.88 i_ptm 0.08 energy 4.46
20 models [1] recycles 0 hard 0 soft 1 temp 1 loss 5.41 i_con 5.13 plddt 0.40 ptm 0.88 i_ptm 0.11 energy 4.49
21 models [0] recycles 0 hard 0 soft 1 temp 1 loss 4.81 i_con 4.49 plddt 0.38 ptm 0.87 i_ptm 0.19 energy 5.19
22 models [1] recycles 0 hard 0 soft 1 temp 1 loss 5.33 i_con 5.05 plddt 0.36 ptm 0.88 i_ptm 0.14 energy 4.20
23 models [1] recycles 0 hard 0 soft 1 temp 1 loss 5.33 i_con 5.08 plddt 0.35 ptm 0.88 i_ptm 0.13 energy 3.64
24 models [1] recycles 0 hard 0 soft 1 temp 1 loss 5.37 i_con 5.16 plddt 0.35 ptm 0.88 i_ptm 0.12 energy 2.88
25 models [0] recycles 0 hard 0 soft 1 temp 1 loss 4.74 i_con 4.50 plddt 0.41 ptm 0.87 i_ptm 0.23 energy 3.43
26 models [0] recycles 0 hard 0 soft 1 temp 1 loss 5.02 i_con 4.81 plddt 0.37 ptm 0.87 i_ptm 0.18 energy 3.08
27 models [1] recycles 0 hard 0 soft 1 temp 1 loss 5.55 i_con 5.35 plddt 0.37 ptm 0.88 i_ptm 0.09 energy 2.60
28 models [1] recycles 0 hard 0 soft 1 temp 1 loss 5.14 i_con 4.93 plddt 0.35 ptm 0.88 i_ptm 0.16 energy 2.79
29 models [1] recycles 0 hard 0 soft 1 temp 1 loss 5.28 i_con 5.09 plddt 0.42 ptm 0.88 i_ptm 0.12 energy 2.58
30 models [0] recycles 0 hard 0 soft 1 temp 1 loss 4.61 i_con 4.42 plddt 0.40 ptm 0.87 i_ptm 0.21 energy 2.58
31 models [0] recycles 0 hard 0 soft 1 temp 1 loss 4.81 i_con 4.64 plddt 0.39 ptm 0.87 i_ptm 0.20 energy 2.19
32 models [1] recycles 0 hard 0 soft 1 temp 1 loss 5.23 i_con 5.04 plddt 0.39 ptm 0.88 i_ptm 0.13 energy 2.46
33 models [0] recycles 0 hard 0 soft 1 temp 1 loss 4.57 i_con 4.40 plddt 0.40 ptm 0.87 i_ptm 0.25 energy 2.14
34 models [0] recycles 0 hard 0 soft 1 temp 1 loss 4.56 i_con 4.41 plddt 0.43 ptm 0.87 i_ptm 0.23 energy 1.91
35 models [0] recycles 0 hard 0 soft 1 temp 1 loss 4.80 i_con 4.66 plddt 0.39 ptm 0.87 i_ptm 0.19 energy 1.62
36 models [0] recycles 0 hard 0 soft 1 temp 1 loss 4.47 i_con 4.33 plddt 0.38 ptm 0.87 i_ptm 0.24 energy 1.52
37 models [0] recycles 0 hard 0 soft 1 temp 1 loss 4.40 i_con 4.29 plddt 0.38 ptm 0.87 i_ptm 0.25 energy 0.93
38 models [0] recycles 0 hard 0 soft 1 temp 1 loss 4.45 i_con 4.37 plddt 0.39 ptm 0.87 i_ptm 0.25 energy 0.40
39 models [1] recycles 0 hard 0 soft 1 temp 1 loss 5.32 i_con 5.24 plddt 0.41 ptm 0.88 i_ptm 0.09 energy 0.31
40 models [0] recycles 0 hard 0 soft 1 temp 1 loss 4.41 i_con 4.36 plddt 0.42 ptm 0.87 i_ptm 0.24 energy 0.03
41 models [0] recycles 0 hard 0 soft 1 temp 1 loss 4.64 i_con 4.60 plddt 0.42 ptm 0.87 i_ptm 0.21 energy -0.37
42 models [1] recycles 0 hard 0 soft 1 temp 1 loss 4.89 i_con 4.84 plddt 0.37 ptm 0.88 i_ptm 0.18 energy -0.13
43 models [1] recycles 0 hard 0 soft 1 temp 1 loss 5.21 i_con 5.18 plddt 0.39 ptm 0.88 i_ptm 0.13 energy -0.54
44 models [0] recycles 0 hard 0 soft 1 temp 1 loss 4.94 i_con 4.92 plddt 0.38 ptm 0.86 i_ptm 0.13 energy -0.79
45 models [0] recycles 0 hard 0 soft 1 temp 1 loss 4.19 i_con 4.17 plddt 0.41 ptm 0.87 i_ptm 0.26 energy -0.75
46 models [0] recycles 0 hard 0 soft 1 temp 1 loss 4.48 i_con 4.49 plddt 0.39 ptm 0.87 i_ptm 0.20 energy -1.27
47 models [0] recycles 0 hard 0 soft 1 temp 1 loss 4.16 i_con 4.17 plddt 0.39 ptm 0.87 i_ptm 0.21 energy -1.36
48 models [0] recycles 0 hard 0 soft 1 temp 1 loss 4.05 i_con 4.07 plddt 0.43 ptm 0.87 i_ptm 0.28 energy -1.64
49 models [0] recycles 0 hard 0 soft 1 temp 1 loss 4.32 i_con 4.35 plddt 0.40 ptm 0.87 i_ptm 0.23 energy -1.91
50 models [1] recycles 0 hard 0 soft 1 temp 1 loss 4.65 i_con 4.69 plddt 0.39 ptm 0.88 i_ptm 0.19 energy -2.02
51 models [1] recycles 0 hard 0 soft 1 temp 1 loss 3.93 i_con 4.10 plddt 0.41 ptm 0.89 i_ptm 0.30 energy -2.26
52 models [1] recycles 0 hard 0 soft 1 temp 1 loss 4.16 i_con 4.37 plddt 0.38 ptm 0.89 i_ptm 0.23 energy -2.65
53 models [1] recycles 0 hard 0 soft 1 temp 1 loss 3.98 i_con 4.21 plddt 0.39 ptm 0.89 i_ptm 0.26 energy -2.90
54 models [0] recycles 0 hard 0 soft 1 temp 1 loss 3.88 i_con 4.12 plddt 0.41 ptm 0.87 i_ptm 0.28 energy -3.00
55 models [0] recycles 0 hard 0 soft 1 temp 1 loss 3.78 i_con 4.03 plddt 0.43 ptm 0.88 i_ptm 0.30 energy -3.05
56 models [0] recycles 0 hard 0 soft 1 temp 1 loss 3.74 i_con 4.00 plddt 0.41 ptm 0.87 i_ptm 0.30 energy -3.16
57 models [0] recycles 0 hard 0 soft 1 temp 1 loss 3.76 i_con 4.03 plddt 0.43 ptm 0.87 i_ptm 0.28 energy -3.29
58 models [0] recycles 0 hard 0 soft 1 temp 1 loss 3.68 i_con 3.95 plddt 0.43 ptm 0.87 i_ptm 0.33 energy -3.29
59 models [0] recycles 0 hard 0 soft 1 temp 1 loss 3.66 i_con 3.94 plddt 0.44 ptm 0.87 i_ptm 0.32 energy -3.36
60 models [1] recycles 0 hard 0 soft 1 temp 1 loss 4.10 i_con 4.39 plddt 0.41 ptm 0.88 i_ptm 0.24 energy -3.47
61 models [1] recycles 0 hard 0 soft 1 temp 1 loss 3.80 i_con 4.09 plddt 0.42 ptm 0.89 i_ptm 0.31 energy -3.52
62 models [0] recycles 0 hard 0 soft 1 temp 1 loss 3.64 i_con 3.94 plddt 0.44 ptm 0.88 i_ptm 0.33 energy -3.59
63 models [0] recycles 0 hard 0 soft 1 temp 1 loss 3.71 i_con 4.00 plddt 0.42 ptm 0.87 i_ptm 0.34 energy -3.52
64 models [0] recycles 0 hard 0 soft 1 temp 1 loss 3.56 i_con 3.86 plddt 0.45 ptm 0.88 i_ptm 0.36 energy -3.54
65 models [1] recycles 0 hard 0 soft 1 temp 1 loss 3.62 i_con 3.92 plddt 0.44 ptm 0.89 i_ptm 0.34 energy -3.53
66 models [1] recycles 0 hard 0 soft 1 temp 1 loss 3.69 i_con 3.99 plddt 0.41 ptm 0.89 i_ptm 0.30 energy -3.60
67 models [0] recycles 0 hard 0 soft 1 temp 1 loss 3.51 i_con 3.82 plddt 0.43 ptm 0.88 i_ptm 0.38 energy -3.67
68 models [0] recycles 0 hard 0 soft 1 temp 1 loss 3.55 i_con 3.85 plddt 0.43 ptm 0.88 i_ptm 0.35 energy -3.65
69 models [1] recycles 0 hard 0 soft 1 temp 1 loss 3.76 i_con 4.06 plddt 0.41 ptm 0.89 i_ptm 0.31 energy -3.68
70 models [1] recycles 0 hard 0 soft 1 temp 1 loss 3.60 i_con 3.91 plddt 0.45 ptm 0.89 i_ptm 0.37 energy -3.66
71 models [1] recycles 0 hard 0 soft 1 temp 1 loss 4.02 i_con 4.33 plddt 0.38 ptm 0.88 i_ptm 0.23 energy -3.70
72 models [1] recycles 0 hard 0 soft 1 temp 1 loss 3.63 i_con 3.94 plddt 0.42 ptm 0.89 i_ptm 0.37 energy -3.69
73 models [0] recycles 0 hard 0 soft 1 temp 1 loss 3.65 i_con 3.98 plddt 0.42 ptm 0.87 i_ptm 0.30 energy -3.81
74 models [0] recycles 0 hard 0 soft 1 temp 1 loss 3.76 i_con 4.09 plddt 0.42 ptm 0.87 i_ptm 0.29 energy -3.93
75 models [1] recycles 0 hard 0 soft 1 temp 1 loss 3.48 i_con 3.82 plddt 0.45 ptm 0.89 i_ptm 0.42 energy -3.96
76 models [1] recycles 0 hard 0 soft 1 temp 1 loss 3.71 i_con 4.04 plddt 0.41 ptm 0.89 i_ptm 0.32 energy -3.90
77 models [1] recycles 0 hard 0 soft 1 temp 1 loss 3.53 i_con 3.85 plddt 0.43 ptm 0.89 i_ptm 0.41 energy -3.76
78 models [1] recycles 0 hard 0 soft 1 temp 1 loss 3.98 i_con 4.31 plddt 0.38 ptm 0.89 i_ptm 0.26 energy -3.91
79 models [0] recycles 0 hard 0 soft 1 temp 1 loss 3.73 i_con 4.05 plddt 0.41 ptm 0.88 i_ptm 0.30 energy -3.83
80 models [1] recycles 0 hard 0 soft 1 temp 1 loss 3.70 i_con 4.04 plddt 0.43 ptm 0.89 i_ptm 0.32 energy -3.95
81 models [0] recycles 0 hard 0 soft 1 temp 1 loss 3.66 i_con 3.98 plddt 0.40 ptm 0.88 i_ptm 0.30 energy -3.73
82 models [0] recycles 0 hard 0 soft 1 temp 1 loss 3.74 i_con 4.07 plddt 0.45 ptm 0.87 i_ptm 0.28 energy -3.86
83 models [1] recycles 0 hard 0 soft 1 temp 1 loss 3.60 i_con 3.94 plddt 0.43 ptm 0.89 i_ptm 0.37 energy -3.96
84 models [1] recycles 0 hard 0 soft 1 temp 1 loss 3.53 i_con 3.88 plddt 0.44 ptm 0.90 i_ptm 0.40 energy -4.10
85 models [1] recycles 0 hard 0 soft 1 temp 1 loss 3.56 i_con 3.93 plddt 0.44 ptm 0.89 i_ptm 0.36 energy -4.32
86 models [1] recycles 0 hard 0 soft 1 temp 1 loss 3.64 i_con 4.01 plddt 0.42 ptm 0.89 i_ptm 0.34 energy -4.36
87 models [1] recycles 0 hard 0 soft 1 temp 1 loss 3.51 i_con 3.88 plddt 0.45 ptm 0.89 i_ptm 0.38 energy -4.31
88 models [0] recycles 0 hard 0 soft 1 temp 1 loss 3.52 i_con 3.91 plddt 0.41 ptm 0.87 i_ptm 0.35 energy -4.46
89 models [1] recycles 0 hard 0 soft 1 temp 1 loss 3.89 i_con 4.27 plddt 0.39 ptm 0.89 i_ptm 0.29 energy -4.42
90 models [1] recycles 0 hard 0 soft 1 temp 1 loss 3.52 i_con 3.90 plddt 0.43 ptm 0.89 i_ptm 0.39 energy -4.36
91 models [0] recycles 0 hard 0 soft 1 temp 1 loss 3.54 i_con 3.93 plddt 0.42 ptm 0.88 i_ptm 0.34 energy -4.53
92 models [1] recycles 0 hard 0 soft 1 temp 1 loss 3.43 i_con 3.83 plddt 0.44 ptm 0.89 i_ptm 0.42 energy -4.52
93 models [1] recycles 0 hard 0 soft 1 temp 1 loss 3.87 i_con 4.26 plddt 0.37 ptm 0.89 i_ptm 0.27 energy -4.55
94 models [1] recycles 0 hard 0 soft 1 temp 1 loss 3.62 i_con 4.02 plddt 0.45 ptm 0.89 i_ptm 0.35 energy -4.54
95 models [0] recycles 0 hard 0 soft 1 temp 1 loss 3.56 i_con 3.97 plddt 0.46 ptm 0.87 i_ptm 0.36 energy -4.64
96 models [1] recycles 0 hard 0 soft 1 temp 1 loss 3.50 i_con 3.92 plddt 0.45 ptm 0.89 i_ptm 0.37 energy -4.72
97 models [0] recycles 0 hard 0 soft 1 temp 1 loss 3.46 i_con 3.87 plddt 0.44 ptm 0.87 i_ptm 0.38 energy -4.65
98 models [1] recycles 0 hard 0 soft 1 temp 1 loss 3.61 i_con 4.00 plddt 0.40 ptm 0.89 i_ptm 0.34 energy -4.50
99 models [1] recycles 0 hard 0 soft 1 temp 1 loss 3.62 i_con 4.02 plddt 0.42 ptm 0.89 i_ptm 0.32 energy -4.64
100 models [1] recycles 0 hard 0 soft 1 temp 1 loss 3.44 i_con 3.86 plddt 0.44 ptm 0.89 i_ptm 0.41 energy -4.74
101 models [0] recycles 0 hard 0 soft 0 temp 1 loss 5.34 i_con 6.47 plddt 0.48 ptm 0.87 i_ptm 0.12 energy -23.67
102 models [0] recycles 0 hard 0 soft 0 temp 0.98 loss 3.65 i_con 4.77 plddt 0.45 ptm 0.87 i_ptm 0.23 energy -23.63
103 models [0] recycles 0 hard 0 soft 0 temp 0.96 loss 3.49 i_con 4.62 plddt 0.40 ptm 0.87 i_ptm 0.26 energy -23.75
104 models [0] recycles 0 hard 0 soft 0 temp 0.94 loss 3.20 i_con 4.33 plddt 0.42 ptm 0.87 i_ptm 0.28 energy -23.78
105 models [1] recycles 0 hard 0 soft 0 temp 0.92 loss 3.99 i_con 5.15 plddt 0.39 ptm 0.88 i_ptm 0.13 energy -24.34
106 models [1] recycles 0 hard 0 soft 0 temp 0.90 loss 2.94 i_con 4.10 plddt 0.44 ptm 0.89 i_ptm 0.31 energy -24.34
107 models [1] recycles 0 hard 0 soft 0 temp 0.88 loss 2.98 i_con 4.16 plddt 0.44 ptm 0.89 i_ptm 0.30 energy -24.60
108 models [0] recycles 0 hard 0 soft 0 temp 0.86 loss 2.54 i_con 3.76 plddt 0.44 ptm 0.87 i_ptm 0.42 energy -25.59
109 models [1] recycles 0 hard 0 soft 0 temp 0.84 loss 2.58 i_con 3.86 plddt 0.43 ptm 0.89 i_ptm 0.40 energy -26.78
110 models [0] recycles 0 hard 0 soft 0 temp 0.82 loss 2.54 i_con 3.87 plddt 0.44 ptm 0.88 i_ptm 0.37 energy -27.84
111 models [1] recycles 0 hard 0 soft 0 temp 0.80 loss 2.26 i_con 3.64 plddt 0.49 ptm 0.90 i_ptm 0.49 energy -28.71
112 models [0] recycles 0 hard 0 soft 0 temp 0.78 loss 2.58 i_con 3.99 plddt 0.42 ptm 0.87 i_ptm 0.35 energy -29.48
113 models [0] recycles 0 hard 0 soft 0 temp 0.76 loss 2.28 i_con 3.74 plddt 0.46 ptm 0.88 i_ptm 0.42 energy -30.43
114 models [1] recycles 0 hard 0 soft 0 temp 0.74 loss 2.01 i_con 3.55 plddt 0.49 ptm 0.90 i_ptm 0.53 energy -31.85
115 models [0] recycles 0 hard 0 soft 0 temp 0.72 loss 2.23 i_con 3.78 plddt 0.45 ptm 0.88 i_ptm 0.41 energy -32.26
116 models [1] recycles 0 hard 0 soft 0 temp 0.70 loss 2.18 i_con 3.80 plddt 0.44 ptm 0.89 i_ptm 0.42 energy -33.42
117 models [0] recycles 0 hard 0 soft 0 temp 0.68 loss 2.01 i_con 3.68 plddt 0.46 ptm 0.88 i_ptm 0.49 energy -34.47
118 models [1] recycles 0 hard 0 soft 0 temp 0.66 loss 1.94 i_con 3.66 plddt 0.49 ptm 0.90 i_ptm 0.51 energy -35.26
119 models [1] recycles 0 hard 0 soft 0 temp 0.64 loss 1.86 i_con 3.61 plddt 0.48 ptm 0.90 i_ptm 0.54 energy -35.94
120 models [0] recycles 0 hard 0 soft 0 temp 0.62 loss 1.73 i_con 3.54 plddt 0.53 ptm 0.89 i_ptm 0.58 energy -36.99
121 models [0] recycles 0 hard 0 soft 0 temp 0.60 loss 1.81 i_con 3.64 plddt 0.47 ptm 0.88 i_ptm 0.49 energy -37.67
122 models [1] recycles 0 hard 0 soft 0 temp 0.58 loss 1.71 i_con 3.57 plddt 0.51 ptm 0.90 i_ptm 0.50 energy -38.23
123 models [0] recycles 0 hard 0 soft 0 temp 0.56 loss 1.60 i_con 3.51 plddt 0.52 ptm 0.88 i_ptm 0.53 energy -39.08
124 models [1] recycles 0 hard 0 soft 0 temp 0.54 loss 1.60 i_con 3.54 plddt 0.48 ptm 0.90 i_ptm 0.52 energy -39.81
125 models [1] recycles 0 hard 0 soft 0 temp 0.52 loss 1.35 i_con 3.33 plddt 0.54 ptm 0.90 i_ptm 0.60 energy -40.40
126 models [0] recycles 0 hard 0 soft 0 temp 0.50 loss 1.55 i_con 3.56 plddt 0.50 ptm 0.88 i_ptm 0.55 energy -41.24
127 models [1] recycles 0 hard 0 soft 0 temp 0.48 loss 1.27 i_con 3.32 plddt 0.54 ptm 0.90 i_ptm 0.61 energy -42.00
128 models [1] recycles 0 hard 0 soft 0 temp 0.46 loss 0.98 i_con 3.08 plddt 0.58 ptm 0.90 i_ptm 0.69 energy -42.91
129 models [0] recycles 0 hard 0 soft 0 temp 0.44 loss 1.05 i_con 3.19 plddt 0.59 ptm 0.89 i_ptm 0.67 energy -43.53
130 models [1] recycles 0 hard 0 soft 0 temp 0.42 loss 1.18 i_con 3.32 plddt 0.54 ptm 0.90 i_ptm 0.62 energy -43.59
131 models [0] recycles 0 hard 0 soft 0 temp 0.40 loss 1.13 i_con 3.33 plddt 0.54 ptm 0.89 i_ptm 0.63 energy -44.76
132 models [1] recycles 0 hard 0 soft 0 temp 0.38 loss 0.92 i_con 3.15 plddt 0.58 ptm 0.91 i_ptm 0.68 energy -45.57
133 models [0] recycles 0 hard 0 soft 0 temp 0.36 loss 1.25 i_con 3.49 plddt 0.52 ptm 0.88 i_ptm 0.57 energy -45.89
134 models [1] recycles 0 hard 0 soft 0 temp 0.34 loss 0.87 i_con 3.17 plddt 0.60 ptm 0.91 i_ptm 0.66 energy -46.86
135 models [0] recycles 0 hard 0 soft 0 temp 0.32 loss 1.29 i_con 3.62 plddt 0.48 ptm 0.88 i_ptm 0.51 energy -47.70
136 models [0] recycles 0 hard 0 soft 0 temp 0.30 loss 0.94 i_con 3.29 plddt 0.56 ptm 0.89 i_ptm 0.64 energy -47.84
137 models [0] recycles 0 hard 0 soft 0 temp 0.28 loss 0.64 i_con 3.03 plddt 0.62 ptm 0.89 i_ptm 0.69 energy -48.52
138 models [0] recycles 0 hard 0 soft 0 temp 0.26 loss 0.86 i_con 3.27 plddt 0.59 ptm 0.89 i_ptm 0.65 energy -48.98
139 models [0] recycles 0 hard 0 soft 0 temp 0.24 loss 0.79 i_con 3.23 plddt 0.58 ptm 0.89 i_ptm 0.67 energy -49.65
140 models [0] recycles 0 hard 0 soft 0 temp 0.22 loss 0.48 i_con 2.96 plddt 0.61 ptm 0.89 i_ptm 0.71 energy -50.45
141 models [0] recycles 0 hard 0 soft 0 temp 0.20 loss 0.73 i_con 3.23 plddt 0.59 ptm 0.89 i_ptm 0.66 energy -50.86
142 models [1] recycles 0 hard 0 soft 0 temp 0.18 loss 0.42 i_con 2.97 plddt 0.64 ptm 0.91 i_ptm 0.72 energy -51.85
143 models [1] recycles 0 hard 0 soft 0 temp 0.16 loss 0.14 i_con 2.73 plddt 0.67 ptm 0.91 i_ptm 0.79 energy -52.48
144 models [0] recycles 0 hard 0 soft 0 temp 0.14 loss 0.21 i_con 2.80 plddt 0.68 ptm 0.89 i_ptm 0.77 energy -52.45
145 models [0] recycles 0 hard 0 soft 0 temp 0.12 loss 0.69 i_con 3.31 plddt 0.57 ptm 0.89 i_ptm 0.64 energy -53.31
146 models [1] recycles 0 hard 0 soft 0 temp 0.10 loss 0.34 i_con 3.01 plddt 0.62 ptm 0.91 i_ptm 0.69 energy -54.20
147 models [1] recycles 0 hard 0 soft 0 temp 0.08 loss 0.16 i_con 2.84 plddt 0.66 ptm 0.91 i_ptm 0.76 energy -54.22
148 models [0] recycles 0 hard 0 soft 0 temp 0.06 loss 0.30 i_con 2.98 plddt 0.62 ptm 0.89 i_ptm 0.71 energy -54.49
149 models [0] recycles 0 hard 0 soft 0 temp 0.04 loss 0.11 i_con 2.84 plddt 0.66 ptm 0.90 i_ptm 0.76 energy -55.16
150 models [1] recycles 0 hard 0 soft 0 temp 0.02 loss 0.00 i_con 2.77 plddt 0.65 ptm 0.91 i_ptm 0.76 energy -56.00
151 models [0] recycles 0 hard 1 soft 0 temp 0.00 loss 3.18 i_con 3.67 plddt 0.44 ptm 0.88 i_ptm 0.50 energy -5.47
152 models [0] recycles 0 hard 1 soft 0 temp 0.00 loss 3.18 i_con 3.67 plddt 0.44 ptm 0.88 i_ptm 0.50 energy -5.47
153 models [0] recycles 0 hard 1 soft 0 temp 0.00 loss 3.18 i_con 3.67 plddt 0.44 ptm 0.88 i_ptm 0.50 energy -5.47
154 models [1] recycles 0 hard 1 soft 0 temp 0.00 loss 2.87 i_con 3.37 plddt 0.51 ptm 0.91 i_ptm 0.63 energy -5.47
155 models [1] recycles 0 hard 1 soft 0 temp 0.00 loss 2.87 i_con 3.37 plddt 0.51 ptm 0.91 i_ptm 0.63 energy -5.47
156 models [1] recycles 0 hard 1 soft 0 temp 0.00 loss 2.87 i_con 3.37 plddt 0.51 ptm 0.91 i_ptm 0.63 energy -5.47
157 models [0] recycles 0 hard 1 soft 0 temp 0.00 loss 3.18 i_con 3.67 plddt 0.44 ptm 0.88 i_ptm 0.50 energy -5.47
158 models [1] recycles 0 hard 1 soft 0 temp 0.00 loss 2.87 i_con 3.37 plddt 0.51 ptm 0.91 i_ptm 0.63 energy -5.47
159 models [0] recycles 0 hard 1 soft 0 temp 0.00 loss 3.18 i_con 3.67 plddt 0.44 ptm 0.88 i_ptm 0.50 energy -5.47
160 models [0] recycles 0 hard 1 soft 0 temp 0.00 loss 3.18 i_con 3.67 plddt 0.44 ptm 0.88 i_ptm 0.50 energy -5.47
161 models [0] recycles 0 hard 1 soft 0 temp 0.00 loss 3.18 i_con 3.67 plddt 0.44 ptm 0.88 i_ptm 0.50 energy -5.47
162 models [1] recycles 0 hard 1 soft 0 temp 0.00 loss 2.87 i_con 3.37 plddt 0.51 ptm 0.91 i_ptm 0.63 energy -5.47
163 models [0] recycles 0 hard 1 soft 0 temp 0.00 loss 3.18 i_con 3.67 plddt 0.44 ptm 0.88 i_ptm 0.50 energy -5.47
164 models [1] recycles 0 hard 1 soft 0 temp 0.00 loss 2.87 i_con 3.37 plddt 0.51 ptm 0.91 i_ptm 0.63 energy -5.47
165 models [1] recycles 0 hard 1 soft 0 temp 0.00 loss 2.87 i_con 3.37 plddt 0.51 ptm 0.91 i_ptm 0.63 energy -5.47
166 models [1] recycles 0 hard 1 soft 0 temp 0.00 loss 2.87 i_con 3.37 plddt 0.51 ptm 0.91 i_ptm 0.63 energy -5.47
167 models [0] recycles 0 hard 1 soft 0 temp 0.00 loss 3.18 i_con 3.67 plddt 0.44 ptm 0.88 i_ptm 0.50 energy -5.47
168 models [0] recycles 0 hard 1 soft 0 temp 0.00 loss 3.18 i_con 3.67 plddt 0.44 ptm 0.88 i_ptm 0.50 energy -5.47
169 models [1] recycles 0 hard 1 soft 0 temp 0.00 loss 2.87 i_con 3.37 plddt 0.51 ptm 0.91 i_ptm 0.63 energy -5.47
170 models [0] recycles 0 hard 1 soft 0 temp 0.00 loss 3.18 i_con 3.67 plddt 0.44 ptm 0.88 i_ptm 0.50 energy -5.47
171 models [1] recycles 0 hard 1 soft 0 temp 0.00 loss 2.87 i_con 3.37 plddt 0.51 ptm 0.91 i_ptm 0.63 energy -5.47
172 models [1] recycles 0 hard 1 soft 0 temp 0.00 loss 2.87 i_con 3.37 plddt 0.51 ptm 0.91 i_ptm 0.63 energy -5.47
173 models [0] recycles 0 hard 1 soft 0 temp 0.00 loss 3.18 i_con 3.67 plddt 0.44 ptm 0.88 i_ptm 0.50 energy -5.47
174 models [1] recycles 0 hard 1 soft 0 temp 0.00 loss 2.87 i_con 3.37 plddt 0.51 ptm 0.91 i_ptm 0.63 energy -5.47
175 models [1] recycles 0 hard 1 soft 0 temp 0.00 loss 2.87 i_con 3.37 plddt 0.51 ptm 0.91 i_ptm 0.63 energy -5.47
176 models [1] recycles 0 hard 1 soft 0 temp 0.00 loss 2.87 i_con 3.37 plddt 0.51 ptm 0.91 i_ptm 0.63 energy -5.47
177 models [0] recycles 0 hard 1 soft 0 temp 0.00 loss 3.18 i_con 3.67 plddt 0.44 ptm 0.88 i_ptm 0.50 energy -5.47
178 models [1] recycles 0 hard 1 soft 0 temp 0.00 loss 2.87 i_con 3.37 plddt 0.51 ptm 0.91 i_ptm 0.63 energy -5.47
179 models [1] recycles 0 hard 1 soft 0 temp 0.00 loss 2.87 i_con 3.37 plddt 0.51 ptm 0.91 i_ptm 0.63 energy -5.47
180 models [0] recycles 0 hard 1 soft 0 temp 0.00 loss 3.18 i_con 3.67 plddt 0.44 ptm 0.88 i_ptm 0.50 energy -5.47
  seq=NISGPALEVLYQIFC  loss=3.1758  loss_af=3.7229  energy=-5.4710  i_ptm=0.4960
[3/3] seed=2 ...
1 models [0] recycles 0 hard 0 soft 1 temp 1 loss 7.94 i_con 7.52 plddt 0.56 ptm 0.87 i_ptm 0.12 energy 7.37
2 models [1] recycles 0 hard 0 soft 1 temp 1 loss 7.75 i_con 7.34 plddt 0.54 ptm 0.88 i_ptm 0.10 energy 7.15
3 models [0] recycles 0 hard 0 soft 1 temp 1 loss 7.96 i_con 7.57 plddt 0.57 ptm 0.86 i_ptm 0.12 energy 6.87
4 models [1] recycles 0 hard 0 soft 1 temp 1 loss 7.73 i_con 7.35 plddt 0.56 ptm 0.88 i_ptm 0.09 energy 6.61
5 models [0] recycles 0 hard 0 soft 1 temp 1 loss 7.64 i_con 7.28 plddt 0.59 ptm 0.86 i_ptm 0.12 energy 6.27
6 models [1] recycles 0 hard 0 soft 1 temp 1 loss 7.36 i_con 7.01 plddt 0.51 ptm 0.88 i_ptm 0.09 energy 6.03
7 models [0] recycles 0 hard 0 soft 1 temp 1 loss 7.20 i_con 6.86 plddt 0.45 ptm 0.86 i_ptm 0.12 energy 5.77
8 models [1] recycles 0 hard 0 soft 1 temp 1 loss 6.97 i_con 6.64 plddt 0.50 ptm 0.88 i_ptm 0.09 energy 5.61
9 models [0] recycles 0 hard 0 soft 1 temp 1 loss 6.13 i_con 5.81 plddt 0.46 ptm 0.86 i_ptm 0.13 energy 5.47
10 models [0] recycles 0 hard 0 soft 1 temp 1 loss 5.54 i_con 5.21 plddt 0.39 ptm 0.87 i_ptm 0.14 energy 5.48
11 models [1] recycles 0 hard 0 soft 1 temp 1 loss 6.06 i_con 5.73 plddt 0.46 ptm 0.88 i_ptm 0.09 energy 5.47
12 models [0] recycles 0 hard 0 soft 1 temp 1 loss 5.32 i_con 4.99 plddt 0.38 ptm 0.86 i_ptm 0.12 energy 5.44
13 models [0] recycles 0 hard 0 soft 1 temp 1 loss 5.21 i_con 4.86 plddt 0.36 ptm 0.86 i_ptm 0.16 energy 5.60
14 models [0] recycles 0 hard 0 soft 1 temp 1 loss 5.23 i_con 4.93 plddt 0.41 ptm 0.87 i_ptm 0.12 energy 4.75
15 models [0] recycles 0 hard 0 soft 1 temp 1 loss 5.27 i_con 4.98 plddt 0.38 ptm 0.86 i_ptm 0.12 energy 4.65
16 models [1] recycles 0 hard 0 soft 1 temp 1 loss 5.88 i_con 5.59 plddt 0.42 ptm 0.88 i_ptm 0.09 energy 4.71
17 models [1] recycles 0 hard 0 soft 1 temp 1 loss 5.35 i_con 5.05 plddt 0.38 ptm 0.88 i_ptm 0.13 energy 4.80
18 models [0] recycles 0 hard 0 soft 1 temp 1 loss 4.78 i_con 4.49 plddt 0.43 ptm 0.87 i_ptm 0.18 energy 4.70
19 models [0] recycles 0 hard 0 soft 1 temp 1 loss 4.89 i_con 4.63 plddt 0.39 ptm 0.86 i_ptm 0.13 energy 3.98
20 models [0] recycles 0 hard 0 soft 1 temp 1 loss 5.08 i_con 4.83 plddt 0.38 ptm 0.87 i_ptm 0.15 energy 3.73
21 models [0] recycles 0 hard 0 soft 1 temp 1 loss 4.79 i_con 4.56 plddt 0.36 ptm 0.86 i_ptm 0.18 energy 3.44
22 models [0] recycles 0 hard 0 soft 1 temp 1 loss 4.91 i_con 4.68 plddt 0.35 ptm 0.87 i_ptm 0.16 energy 3.19
23 models [1] recycles 0 hard 0 soft 1 temp 1 loss 5.49 i_con 5.29 plddt 0.41 ptm 0.88 i_ptm 0.10 energy 2.80
24 models [1] recycles 0 hard 0 soft 1 temp 1 loss 5.79 i_con 5.61 plddt 0.45 ptm 0.88 i_ptm 0.08 energy 2.51
25 models [0] recycles 0 hard 0 soft 1 temp 1 loss 4.76 i_con 4.58 plddt 0.36 ptm 0.87 i_ptm 0.18 energy 2.28
26 models [1] recycles 0 hard 0 soft 1 temp 1 loss 5.82 i_con 5.66 plddt 0.43 ptm 0.88 i_ptm 0.09 energy 1.90
27 models [0] recycles 0 hard 0 soft 1 temp 1 loss 4.61 i_con 4.47 plddt 0.39 ptm 0.87 i_ptm 0.22 energy 1.66
28 models [0] recycles 0 hard 0 soft 1 temp 1 loss 4.61 i_con 4.48 plddt 0.36 ptm 0.87 i_ptm 0.18 energy 1.14
29 models [0] recycles 0 hard 0 soft 1 temp 1 loss 4.85 i_con 4.74 plddt 0.37 ptm 0.86 i_ptm 0.15 energy 0.88
30 models [0] recycles 0 hard 0 soft 1 temp 1 loss 4.48 i_con 4.39 plddt 0.37 ptm 0.87 i_ptm 0.21 energy 0.44
31 models [1] recycles 0 hard 0 soft 1 temp 1 loss 5.51 i_con 5.44 plddt 0.38 ptm 0.88 i_ptm 0.09 energy 0.16
32 models [1] recycles 0 hard 0 soft 1 temp 1 loss 5.20 i_con 5.12 plddt 0.34 ptm 0.88 i_ptm 0.12 energy 0.28
33 models [0] recycles 0 hard 0 soft 1 temp 1 loss 4.43 i_con 4.36 plddt 0.41 ptm 0.87 i_ptm 0.21 energy 0.25
34 models [1] recycles 0 hard 0 soft 1 temp 1 loss 5.76 i_con 5.71 plddt 0.47 ptm 0.88 i_ptm 0.09 energy -0.13
35 models [1] recycles 0 hard 0 soft 1 temp 1 loss 5.23 i_con 5.16 plddt 0.38 ptm 0.88 i_ptm 0.10 energy 0.11
36 models [0] recycles 0 hard 0 soft 1 temp 1 loss 4.96 i_con 4.93 plddt 0.38 ptm 0.86 i_ptm 0.13 energy -0.67
37 models [0] recycles 0 hard 0 soft 1 temp 1 loss 4.51 i_con 4.49 plddt 0.39 ptm 0.87 i_ptm 0.19 energy -0.89
38 models [0] recycles 0 hard 0 soft 1 temp 1 loss 4.43 i_con 4.41 plddt 0.37 ptm 0.87 i_ptm 0.19 energy -0.94
39 models [0] recycles 0 hard 0 soft 1 temp 1 loss 4.51 i_con 4.49 plddt 0.38 ptm 0.87 i_ptm 0.22 energy -1.00
40 models [1] recycles 0 hard 0 soft 1 temp 1 loss 5.41 i_con 5.42 plddt 0.39 ptm 0.88 i_ptm 0.09 energy -1.41
41 models [0] recycles 0 hard 0 soft 1 temp 1 loss 4.64 i_con 4.64 plddt 0.36 ptm 0.87 i_ptm 0.17 energy -1.26
42 models [1] recycles 0 hard 0 soft 1 temp 1 loss 5.07 i_con 5.08 plddt 0.37 ptm 0.88 i_ptm 0.10 energy -1.56
43 models [0] recycles 0 hard 0 soft 1 temp 1 loss 4.44 i_con 4.46 plddt 0.37 ptm 0.87 i_ptm 0.20 energy -1.70
44 models [1] recycles 0 hard 0 soft 1 temp 1 loss 4.75 i_con 4.78 plddt 0.34 ptm 0.88 i_ptm 0.15 energy -2.05
45 models [0] recycles 0 hard 0 soft 1 temp 1 loss 4.14 i_con 4.19 plddt 0.35 ptm 0.87 i_ptm 0.25 energy -2.30
46 models [0] recycles 0 hard 0 soft 1 temp 1 loss 4.15 i_con 4.21 plddt 0.38 ptm 0.87 i_ptm 0.23 energy -2.29
47 models [1] recycles 0 hard 0 soft 1 temp 1 loss 4.53 i_con 4.58 plddt 0.34 ptm 0.88 i_ptm 0.18 energy -2.44
48 models [1] recycles 0 hard 0 soft 1 temp 1 loss 4.50 i_con 4.56 plddt 0.35 ptm 0.88 i_ptm 0.21 energy -2.51
49 models [1] recycles 0 hard 0 soft 1 temp 1 loss 4.44 i_con 4.51 plddt 0.36 ptm 0.88 i_ptm 0.21 energy -2.61
50 models [1] recycles 0 hard 0 soft 1 temp 1 loss 4.40 i_con 4.47 plddt 0.39 ptm 0.88 i_ptm 0.21 energy -2.73
51 models [0] recycles 0 hard 0 soft 1 temp 1 loss 4.06 i_con 4.28 plddt 0.38 ptm 0.87 i_ptm 0.22 energy -2.91
52 models [0] recycles 0 hard 0 soft 1 temp 1 loss 4.01 i_con 4.27 plddt 0.39 ptm 0.87 i_ptm 0.22 energy -3.19
53 models [1] recycles 0 hard 0 soft 1 temp 1 loss 4.09 i_con 4.35 plddt 0.36 ptm 0.88 i_ptm 0.23 energy -3.31
54 models [1] recycles 0 hard 0 soft 1 temp 1 loss 4.06 i_con 4.34 plddt 0.36 ptm 0.88 i_ptm 0.20 energy -3.42
55 models [0] recycles 0 hard 0 soft 1 temp 1 loss 4.01 i_con 4.29 plddt 0.38 ptm 0.87 i_ptm 0.22 energy -3.45
56 models [1] recycles 0 hard 0 soft 1 temp 1 loss 4.45 i_con 4.73 plddt 0.34 ptm 0.88 i_ptm 0.17 energy -3.47
57 models [1] recycles 0 hard 0 soft 1 temp 1 loss 4.41 i_con 4.71 plddt 0.36 ptm 0.88 i_ptm 0.16 energy -3.60
58 models [0] recycles 0 hard 0 soft 1 temp 1 loss 3.64 i_con 3.96 plddt 0.40 ptm 0.87 i_ptm 0.26 energy -3.74
59 models [0] recycles 0 hard 0 soft 1 temp 1 loss 3.80 i_con 4.13 plddt 0.40 ptm 0.87 i_ptm 0.26 energy -3.91
60 models [1] recycles 0 hard 0 soft 1 temp 1 loss 4.01 i_con 4.34 plddt 0.38 ptm 0.88 i_ptm 0.23 energy -3.93
61 models [1] recycles 0 hard 0 soft 1 temp 1 loss 3.90 i_con 4.23 plddt 0.37 ptm 0.89 i_ptm 0.24 energy -3.94
62 models [1] recycles 0 hard 0 soft 1 temp 1 loss 3.94 i_con 4.27 plddt 0.36 ptm 0.89 i_ptm 0.20 energy -3.99
63 models [0] recycles 0 hard 0 soft 1 temp 1 loss 3.91 i_con 4.26 plddt 0.37 ptm 0.87 i_ptm 0.22 energy -4.10
64 models [1] recycles 0 hard 0 soft 1 temp 1 loss 3.76 i_con 4.12 plddt 0.39 ptm 0.89 i_ptm 0.27 energy -4.19
65 models [1] recycles 0 hard 0 soft 1 temp 1 loss 3.82 i_con 4.17 plddt 0.37 ptm 0.89 i_ptm 0.22 energy -4.19
66 models [0] recycles 0 hard 0 soft 1 temp 1 loss 3.70 i_con 4.08 plddt 0.34 ptm 0.87 i_ptm 0.24 energy -4.44
67 models [0] recycles 0 hard 0 soft 1 temp 1 loss 3.90 i_con 4.31 plddt 0.40 ptm 0.87 i_ptm 0.23 energy -4.64
68 models [1] recycles 0 hard 0 soft 1 temp 1 loss 3.71 i_con 4.12 plddt 0.37 ptm 0.89 i_ptm 0.24 energy -4.72
69 models [0] recycles 0 hard 0 soft 1 temp 1 loss 3.78 i_con 4.20 plddt 0.39 ptm 0.87 i_ptm 0.24 energy -4.79
70 models [1] recycles 0 hard 0 soft 1 temp 1 loss 4.14 i_con 4.57 plddt 0.36 ptm 0.88 i_ptm 0.17 energy -4.87
71 models [1] recycles 0 hard 0 soft 1 temp 1 loss 3.78 i_con 4.19 plddt 0.36 ptm 0.89 i_ptm 0.25 energy -4.76
72 models [1] recycles 0 hard 0 soft 1 temp 1 loss 3.80 i_con 4.22 plddt 0.35 ptm 0.88 i_ptm 0.23 energy -4.84
73 models [1] recycles 0 hard 0 soft 1 temp 1 loss 3.85 i_con 4.29 plddt 0.34 ptm 0.88 i_ptm 0.20 energy -5.04
74 models [1] recycles 0 hard 0 soft 1 temp 1 loss 3.83 i_con 4.26 plddt 0.35 ptm 0.88 i_ptm 0.22 energy -4.96
75 models [0] recycles 0 hard 0 soft 1 temp 1 loss 3.75 i_con 4.19 plddt 0.36 ptm 0.87 i_ptm 0.24 energy -5.08
76 models [1] recycles 0 hard 0 soft 1 temp 1 loss 3.98 i_con 4.42 plddt 0.36 ptm 0.88 i_ptm 0.23 energy -5.05
77 models [0] recycles 0 hard 0 soft 1 temp 1 loss 3.62 i_con 4.08 plddt 0.34 ptm 0.87 i_ptm 0.24 energy -5.20
78 models [0] recycles 0 hard 0 soft 1 temp 1 loss 3.59 i_con 4.07 plddt 0.35 ptm 0.87 i_ptm 0.26 energy -5.41
79 models [0] recycles 0 hard 0 soft 1 temp 1 loss 3.60 i_con 4.11 plddt 0.36 ptm 0.87 i_ptm 0.26 energy -5.75
80 models [1] recycles 0 hard 0 soft 1 temp 1 loss 3.51 i_con 4.03 plddt 0.35 ptm 0.89 i_ptm 0.28 energy -5.83
81 models [1] recycles 0 hard 0 soft 1 temp 1 loss 3.73 i_con 4.24 plddt 0.34 ptm 0.89 i_ptm 0.22 energy -5.84
82 models [1] recycles 0 hard 0 soft 1 temp 1 loss 3.41 i_con 3.95 plddt 0.36 ptm 0.89 i_ptm 0.31 energy -5.97
83 models [0] recycles 0 hard 0 soft 1 temp 1 loss 3.46 i_con 3.99 plddt 0.34 ptm 0.87 i_ptm 0.27 energy -6.03
84 models [1] recycles 0 hard 0 soft 1 temp 1 loss 3.48 i_con 4.05 plddt 0.36 ptm 0.89 i_ptm 0.27 energy -6.33
85 models [0] recycles 0 hard 0 soft 1 temp 1 loss 3.39 i_con 3.93 plddt 0.34 ptm 0.87 i_ptm 0.31 energy -6.10
86 models [0] recycles 0 hard 0 soft 1 temp 1 loss 3.45 i_con 4.02 plddt 0.37 ptm 0.87 i_ptm 0.29 energy -6.35
87 models [0] recycles 0 hard 0 soft 1 temp 1 loss 3.46 i_con 4.02 plddt 0.37 ptm 0.87 i_ptm 0.28 energy -6.30
88 models [0] recycles 0 hard 0 soft 1 temp 1 loss 3.42 i_con 3.97 plddt 0.36 ptm 0.87 i_ptm 0.30 energy -6.16
89 models [1] recycles 0 hard 0 soft 1 temp 1 loss 3.64 i_con 4.22 plddt 0.35 ptm 0.89 i_ptm 0.24 energy -6.49
90 models [1] recycles 0 hard 0 soft 1 temp 1 loss 3.33 i_con 3.90 plddt 0.40 ptm 0.89 i_ptm 0.32 energy -6.31
91 models [1] recycles 0 hard 0 soft 1 temp 1 loss 3.33 i_con 3.90 plddt 0.38 ptm 0.89 i_ptm 0.32 energy -6.29
92 models [0] recycles 0 hard 0 soft 1 temp 1 loss 3.57 i_con 4.09 plddt 0.35 ptm 0.87 i_ptm 0.26 energy -5.92
93 models [1] recycles 0 hard 0 soft 1 temp 1 loss 3.23 i_con 3.81 plddt 0.41 ptm 0.89 i_ptm 0.36 energy -6.31
94 models [0] recycles 0 hard 0 soft 1 temp 1 loss 3.33 i_con 3.88 plddt 0.38 ptm 0.87 i_ptm 0.31 energy -6.06
95 models [0] recycles 0 hard 0 soft 1 temp 1 loss 3.54 i_con 4.12 plddt 0.36 ptm 0.87 i_ptm 0.25 energy -6.42
96 models [1] recycles 0 hard 0 soft 1 temp 1 loss 3.28 i_con 3.87 plddt 0.41 ptm 0.89 i_ptm 0.33 energy -6.50
97 models [1] recycles 0 hard 0 soft 1 temp 1 loss 3.50 i_con 4.09 plddt 0.36 ptm 0.89 i_ptm 0.27 energy -6.54
98 models [0] recycles 0 hard 0 soft 1 temp 1 loss 3.68 i_con 4.29 plddt 0.32 ptm 0.87 i_ptm 0.24 energy -6.72
99 models [1] recycles 0 hard 0 soft 1 temp 1 loss 3.45 i_con 4.06 plddt 0.39 ptm 0.89 i_ptm 0.28 energy -6.70
100 models [1] recycles 0 hard 0 soft 1 temp 1 loss 3.54 i_con 4.16 plddt 0.39 ptm 0.89 i_ptm 0.26 energy -6.85
101 models [1] recycles 0 hard 0 soft 0 temp 1 loss 4.98 i_con 6.56 plddt 0.58 ptm 0.88 i_ptm 0.09 energy -32.45
102 models [0] recycles 0 hard 0 soft 0 temp 0.98 loss 2.80 i_con 4.37 plddt 0.40 ptm 0.87 i_ptm 0.25 energy -32.54
103 models [0] recycles 0 hard 0 soft 0 temp 0.96 loss 2.69 i_con 4.28 plddt 0.38 ptm 0.87 i_ptm 0.25 energy -33.10
104 models [1] recycles 0 hard 0 soft 0 temp 0.94 loss 2.58 i_con 4.22 plddt 0.41 ptm 0.89 i_ptm 0.27 energy -33.88
105 models [1] recycles 0 hard 0 soft 0 temp 0.92 loss 2.13 i_con 3.76 plddt 0.43 ptm 0.89 i_ptm 0.40 energy -33.80
106 models [0] recycles 0 hard 0 soft 0 temp 0.90 loss 2.12 i_con 3.79 plddt 0.43 ptm 0.87 i_ptm 0.38 energy -34.45
107 models [0] recycles 0 hard 0 soft 0 temp 0.88 loss 2.02 i_con 3.75 plddt 0.41 ptm 0.87 i_ptm 0.36 energy -35.93
108 models [0] recycles 0 hard 0 soft 0 temp 0.86 loss 1.93 i_con 3.75 plddt 0.42 ptm 0.87 i_ptm 0.38 energy -37.42
109 models [0] recycles 0 hard 0 soft 0 temp 0.84 loss 1.53 i_con 3.45 plddt 0.50 ptm 0.89 i_ptm 0.52 energy -39.43
110 models [0] recycles 0 hard 0 soft 0 temp 0.82 loss 1.67 i_con 3.66 plddt 0.43 ptm 0.88 i_ptm 0.41 energy -41.06
111 models [1] recycles 0 hard 0 soft 0 temp 0.80 loss 1.54 i_con 3.63 plddt 0.48 ptm 0.90 i_ptm 0.46 energy -42.97
112 models [1] recycles 0 hard 0 soft 0 temp 0.78 loss 1.15 i_con 3.29 plddt 0.55 ptm 0.90 i_ptm 0.57 energy -43.81
113 models [1] recycles 0 hard 0 soft 0 temp 0.76 loss 1.35 i_con 3.56 plddt 0.48 ptm 0.89 i_ptm 0.45 energy -45.27
114 models [1] recycles 0 hard 0 soft 0 temp 0.74 loss 1.11 i_con 3.35 plddt 0.50 ptm 0.90 i_ptm 0.53 energy -45.76
115 models [1] recycles 0 hard 0 soft 0 temp 0.72 loss 0.93 i_con 3.21 plddt 0.56 ptm 0.91 i_ptm 0.62 energy -46.48
116 models [0] recycles 0 hard 0 soft 0 temp 0.70 loss 1.06 i_con 3.39 plddt 0.51 ptm 0.88 i_ptm 0.54 energy -47.58
117 models [1] recycles 0 hard 0 soft 0 temp 0.68 loss 0.76 i_con 3.17 plddt 0.54 ptm 0.90 i_ptm 0.60 energy -48.99
118 models [1] recycles 0 hard 0 soft 0 temp 0.66 loss 0.92 i_con 3.39 plddt 0.51 ptm 0.90 i_ptm 0.51 energy -50.47
119 models [1] recycles 0 hard 0 soft 0 temp 0.64 loss 0.79 i_con 3.28 plddt 0.52 ptm 0.90 i_ptm 0.58 energy -50.72
120 models [1] recycles 0 hard 0 soft 0 temp 0.62 loss 0.67 i_con 3.23 plddt 0.53 ptm 0.90 i_ptm 0.57 energy -52.27
121 models [0] recycles 0 hard 0 soft 0 temp 0.60 loss 0.65 i_con 3.25 plddt 0.52 ptm 0.89 i_ptm 0.57 energy -52.97
122 models [0] recycles 0 hard 0 soft 0 temp 0.58 loss 0.75 i_con 3.43 plddt 0.51 ptm 0.88 i_ptm 0.53 energy -54.56
123 models [0] recycles 0 hard 0 soft 0 temp 0.56 loss 0.73 i_con 3.49 plddt 0.49 ptm 0.88 i_ptm 0.51 energy -56.34
124 models [0] recycles 0 hard 0 soft 0 temp 0.54 loss 0.45 i_con 3.29 plddt 0.52 ptm 0.89 i_ptm 0.55 energy -57.72
125 models [1] recycles 0 hard 0 soft 0 temp 0.52 loss 0.04 i_con 2.95 plddt 0.60 ptm 0.91 i_ptm 0.67 energy -59.16
126 models [1] recycles 0 hard 0 soft 0 temp 0.50 loss 0.03 i_con 2.98 plddt 0.60 ptm 0.91 i_ptm 0.68 energy -59.88
127 models [1] recycles 0 hard 0 soft 0 temp 0.48 loss -0.06 i_con 2.96 plddt 0.61 ptm 0.91 i_ptm 0.69 energy -61.11
128 models [1] recycles 0 hard 0 soft 0 temp 0.46 loss 0.00 i_con 3.03 plddt 0.57 ptm 0.90 i_ptm 0.64 energy -61.41
129 models [0] recycles 0 hard 0 soft 0 temp 0.44 loss 0.34 i_con 3.44 plddt 0.49 ptm 0.88 i_ptm 0.49 energy -63.09
130 models [1] recycles 0 hard 0 soft 0 temp 0.42 loss -0.20 i_con 3.01 plddt 0.62 ptm 0.90 i_ptm 0.66 energy -64.82
131 models [1] recycles 0 hard 0 soft 0 temp 0.40 loss -0.48 i_con 2.79 plddt 0.66 ptm 0.91 i_ptm 0.72 energy -66.07
132 models [1] recycles 0 hard 0 soft 0 temp 0.38 loss -0.25 i_con 3.03 plddt 0.59 ptm 0.91 i_ptm 0.68 energy -66.43
133 models [0] recycles 0 hard 0 soft 0 temp 0.36 loss -0.02 i_con 3.30 plddt 0.53 ptm 0.88 i_ptm 0.57 energy -67.19
134 models [1] recycles 0 hard 0 soft 0 temp 0.34 loss -0.14 i_con 3.22 plddt 0.57 ptm 0.90 i_ptm 0.62 energy -68.11
135 models [0] recycles 0 hard 0 soft 0 temp 0.32 loss 0.17 i_con 3.57 plddt 0.49 ptm 0.88 i_ptm 0.46 energy -69.08
136 models [0] recycles 0 hard 0 soft 0 temp 0.30 loss 0.04 i_con 3.49 plddt 0.53 ptm 0.88 i_ptm 0.56 energy -69.88
137 models [1] recycles 0 hard 0 soft 0 temp 0.28 loss -0.66 i_con 2.86 plddt 0.61 ptm 0.91 i_ptm 0.69 energy -71.04
138 models [0] recycles 0 hard 0 soft 0 temp 0.26 loss -0.06 i_con 3.48 plddt 0.47 ptm 0.88 i_ptm 0.51 energy -71.90
139 models [0] recycles 0 hard 0 soft 0 temp 0.24 loss -0.33 i_con 3.30 plddt 0.54 ptm 0.88 i_ptm 0.57 energy -73.44
140 models [0] recycles 0 hard 0 soft 0 temp 0.22 loss -0.53 i_con 3.16 plddt 0.55 ptm 0.89 i_ptm 0.62 energy -74.69
141 models [1] recycles 0 hard 0 soft 0 temp 0.20 loss -0.72 i_con 3.06 plddt 0.61 ptm 0.91 i_ptm 0.69 energy -76.33
142 models [1] recycles 0 hard 0 soft 0 temp 0.18 loss -0.80 i_con 2.98 plddt 0.61 ptm 0.91 i_ptm 0.66 energy -76.39
143 models [1] recycles 0 hard 0 soft 0 temp 0.16 loss -0.72 i_con 3.09 plddt 0.58 ptm 0.91 i_ptm 0.65 energy -77.01
144 models [0] recycles 0 hard 0 soft 0 temp 0.14 loss -0.51 i_con 3.37 plddt 0.53 ptm 0.89 i_ptm 0.58 energy -78.57
145 models [0] recycles 0 hard 0 soft 0 temp 0.12 loss -0.58 i_con 3.37 plddt 0.49 ptm 0.88 i_ptm 0.53 energy -80.06
146 models [1] recycles 0 hard 0 soft 0 temp 0.10 loss -1.21 i_con 2.77 plddt 0.67 ptm 0.91 i_ptm 0.74 energy -80.23
147 models [1] recycles 0 hard 0 soft 0 temp 0.08 loss -1.51 i_con 2.51 plddt 0.71 ptm 0.91 i_ptm 0.78 energy -81.07
148 models [1] recycles 0 hard 0 soft 0 temp 0.06 loss -1.49 i_con 2.57 plddt 0.70 ptm 0.91 i_ptm 0.79 energy -81.83
149 models [0] recycles 0 hard 0 soft 0 temp 0.04 loss -0.60 i_con 3.50 plddt 0.51 ptm 0.88 i_ptm 0.54 energy -82.78
150 models [1] recycles 0 hard 0 soft 0 temp 0.02 loss -1.63 i_con 2.57 plddt 0.71 ptm 0.91 i_ptm 0.78 energy -84.50
151 models [0] recycles 0 hard 1 soft 0 temp 0.00 loss 3.43 i_con 4.23 plddt 0.31 ptm 0.87 i_ptm 0.23 energy -8.73
152 models [0] recycles 0 hard 1 soft 0 temp 0.00 loss 3.43 i_con 4.23 plddt 0.31 ptm 0.87 i_ptm 0.23 energy -8.73
153 models [0] recycles 0 hard 1 soft 0 temp 0.00 loss 3.43 i_con 4.23 plddt 0.31 ptm 0.87 i_ptm 0.23 energy -8.73
154 models [0] recycles 0 hard 1 soft 0 temp 0.00 loss 3.43 i_con 4.23 plddt 0.31 ptm 0.87 i_ptm 0.23 energy -8.73
155 models [0] recycles 0 hard 1 soft 0 temp 0.00 loss 3.43 i_con 4.23 plddt 0.31 ptm 0.87 i_ptm 0.23 energy -8.73
156 models [0] recycles 0 hard 1 soft 0 temp 0.00 loss 3.43 i_con 4.23 plddt 0.31 ptm 0.87 i_ptm 0.23 energy -8.73
157 models [0] recycles 0 hard 1 soft 0 temp 0.00 loss 3.43 i_con 4.23 plddt 0.31 ptm 0.87 i_ptm 0.23 energy -8.73
158 models [0] recycles 0 hard 1 soft 0 temp 0.00 loss 3.43 i_con 4.23 plddt 0.31 ptm 0.87 i_ptm 0.23 energy -8.73
159 models [0] recycles 0 hard 1 soft 0 temp 0.00 loss 3.43 i_con 4.23 plddt 0.31 ptm 0.87 i_ptm 0.23 energy -8.73
160 models [0] recycles 0 hard 1 soft 0 temp 0.00 loss 3.43 i_con 4.23 plddt 0.31 ptm 0.87 i_ptm 0.23 energy -8.73
161 models [1] recycles 0 hard 1 soft 0 temp 0.00 loss 3.56 i_con 4.37 plddt 0.37 ptm 0.89 i_ptm 0.24 energy -8.73
162 models [1] recycles 0 hard 1 soft 0 temp 0.00 loss 3.56 i_con 4.37 plddt 0.37 ptm 0.89 i_ptm 0.24 energy -8.73
163 models [1] recycles 0 hard 1 soft 0 temp 0.00 loss 3.56 i_con 4.37 plddt 0.37 ptm 0.89 i_ptm 0.24 energy -8.73
164 models [1] recycles 0 hard 1 soft 0 temp 0.00 loss 3.56 i_con 4.37 plddt 0.37 ptm 0.89 i_ptm 0.24 energy -8.73
165 models [0] recycles 0 hard 1 soft 0 temp 0.00 loss 3.43 i_con 4.23 plddt 0.31 ptm 0.87 i_ptm 0.23 energy -8.73
166 models [1] recycles 0 hard 1 soft 0 temp 0.00 loss 3.56 i_con 4.37 plddt 0.37 ptm 0.89 i_ptm 0.24 energy -8.73
167 models [1] recycles 0 hard 1 soft 0 temp 0.00 loss 3.56 i_con 4.37 plddt 0.37 ptm 0.89 i_ptm 0.24 energy -8.73
168 models [0] recycles 0 hard 1 soft 0 temp 0.00 loss 3.43 i_con 4.23 plddt 0.31 ptm 0.87 i_ptm 0.23 energy -8.73
169 models [1] recycles 0 hard 1 soft 0 temp 0.00 loss 3.56 i_con 4.37 plddt 0.37 ptm 0.89 i_ptm 0.24 energy -8.73
170 models [1] recycles 0 hard 1 soft 0 temp 0.00 loss 3.56 i_con 4.37 plddt 0.37 ptm 0.89 i_ptm 0.24 energy -8.73
171 models [0] recycles 0 hard 1 soft 0 temp 0.00 loss 3.43 i_con 4.23 plddt 0.31 ptm 0.87 i_ptm 0.23 energy -8.73
172 models [1] recycles 0 hard 1 soft 0 temp 0.00 loss 3.56 i_con 4.37 plddt 0.37 ptm 0.89 i_ptm 0.24 energy -8.73
173 models [1] recycles 0 hard 1 soft 0 temp 0.00 loss 3.56 i_con 4.37 plddt 0.37 ptm 0.89 i_ptm 0.24 energy -8.73
174 models [1] recycles 0 hard 1 soft 0 temp 0.00 loss 3.56 i_con 4.37 plddt 0.37 ptm 0.89 i_ptm 0.24 energy -8.73
175 models [0] recycles 0 hard 1 soft 0 temp 0.00 loss 3.43 i_con 4.23 plddt 0.31 ptm 0.87 i_ptm 0.23 energy -8.73
176 models [1] recycles 0 hard 1 soft 0 temp 0.00 loss 3.56 i_con 4.37 plddt 0.37 ptm 0.89 i_ptm 0.24 energy -8.73
177 models [1] recycles 0 hard 1 soft 0 temp 0.00 loss 3.56 i_con 4.37 plddt 0.37 ptm 0.89 i_ptm 0.24 energy -8.73
178 models [1] recycles 0 hard 1 soft 0 temp 0.00 loss 3.56 i_con 4.37 plddt 0.37 ptm 0.89 i_ptm 0.24 energy -8.73
179 models [0] recycles 0 hard 1 soft 0 temp 0.00 loss 3.43 i_con 4.23 plddt 0.31 ptm 0.87 i_ptm 0.23 energy -8.73
180 models [0] recycles 0 hard 1 soft 0 temp 0.00 loss 3.43 i_con 4.23 plddt 0.31 ptm 0.87 i_ptm 0.23 energy -8.73
  seq=AIIGPCVQLNYLLFC  loss=3.4261  loss_af=4.2996  energy=-8.7342  i_ptm=0.2252

Saved 3 results to /home/share_nfs/342-Projets_BGE/342.3-Gen-Chem/342.3.2-BioInfo/342.3.2.8-SeqModels/protein_design/colabdesign_energy_guidance/prg/PA_PB1/sweep_results/sweep_ewlow0.05_ewhigh0.10.json

================================================================================
SUMMARY
================================================================================
 seed  loss_total   loss_af    energy   i_ptm     ptm   plddt  seq
--------------------------------------------------------------------------------
    0      3.6643    4.2082   -5.4391  0.2913  0.8928  0.3658  LWGSPAALLLFMCTC
    1      3.1758    3.7229   -5.4710  0.4960  0.8842  0.4415  NISGPALEVLYQIFC
    2      3.4261    4.2996   -8.7342  0.2252  0.8745  0.3105  AIIGPCVQLNYLLFC
---------------------------------------------
End time : Wed Mar 11 19:11:24 CET 2026
