Job ID       : 277631
Array task   : 0
Node         : aar018
Start time   : Wed Mar 11 16:34:02 CET 2026
ew_low       : 0.00
ew_high      : 0.05
---------------------------------------------
Wed Mar 11 16:34:02 2026       
+-----------------------------------------------------------------------------------------+
| NVIDIA-SMI 560.35.03              Driver Version: 560.35.03      CUDA Version: 12.6     |
|-----------------------------------------+------------------------+----------------------+
| GPU  Name                 Persistence-M | Bus-Id          Disp.A | Volatile Uncorr. ECC |
| Fan  Temp   Perf          Pwr:Usage/Cap |           Memory-Usage | GPU-Util  Compute M. |
|                                         |                        |               MIG M. |
|=========================================+========================+======================|
|   0  NVIDIA A30                     Off |   00000000:E3:00.0 Off |                    0 |
| N/A   29C    P0             31W /  165W |       1MiB /  24576MiB |      0%      Default |
|                                         |                        |             Disabled |
+-----------------------------------------+------------------------+----------------------+
                                                                                         
+-----------------------------------------------------------------------------------------+
| Processes:                                                                              |
---------------------------------------------
JAX devices: [cuda(id=0)]
GPU check passed: cuda:0
Output file  : /home/share_nfs/342-Projets_BGE/342.3-Gen-Chem/342.3.2-BioInfo/342.3.2.8-SeqModels/protein_design/colabdesign_energy_guidance/prg/PA_PB1/sweep_results/sweep_ewlow0.00_ewhigh0.05.json
Running generate_sequences.py ...
py3Dmol not installed
/home/share_nfs/342-Projets_BGE/342.3-Gen-Chem/342.3.2-BioInfo/342.3.2.8-SeqModels/protein_design/energy_model_params/PNB_2R_3lay_negbinom_energy_model_weights.json
[1/3] seed=0 ...
1 models [1] recycles 0 hard 0 soft 1 temp 1 loss 7.43 i_con 7.38 plddt 0.47 ptm 0.88 i_ptm 0.09
2 models [1] recycles 0 hard 0 soft 1 temp 1 loss 7.51 i_con 7.46 plddt 0.57 ptm 0.88 i_ptm 0.10
3 models [0] recycles 0 hard 0 soft 1 temp 1 loss 7.59 i_con 7.55 plddt 0.54 ptm 0.87 i_ptm 0.12
4 models [0] recycles 0 hard 0 soft 1 temp 1 loss 7.18 i_con 7.14 plddt 0.60 ptm 0.86 i_ptm 0.14
5 models [1] recycles 0 hard 0 soft 1 temp 1 loss 7.34 i_con 7.29 plddt 0.52 ptm 0.88 i_ptm 0.09
6 models [1] recycles 0 hard 0 soft 1 temp 1 loss 6.55 i_con 6.50 plddt 0.51 ptm 0.88 i_ptm 0.09
7 models [1] recycles 0 hard 0 soft 1 temp 1 loss 6.81 i_con 6.76 plddt 0.49 ptm 0.88 i_ptm 0.09
8 models [0] recycles 0 hard 0 soft 1 temp 1 loss 6.00 i_con 5.95 plddt 0.47 ptm 0.86 i_ptm 0.11
9 models [1] recycles 0 hard 0 soft 1 temp 1 loss 6.08 i_con 6.03 plddt 0.46 ptm 0.88 i_ptm 0.09
10 models [0] recycles 0 hard 0 soft 1 temp 1 loss 5.12 i_con 5.06 plddt 0.38 ptm 0.87 i_ptm 0.10
11 models [1] recycles 0 hard 0 soft 1 temp 1 loss 5.64 i_con 5.57 plddt 0.39 ptm 0.88 i_ptm 0.08
12 models [1] recycles 0 hard 0 soft 1 temp 1 loss 5.74 i_con 5.68 plddt 0.44 ptm 0.88 i_ptm 0.09
13 models [0] recycles 0 hard 0 soft 1 temp 1 loss 4.96 i_con 4.90 plddt 0.39 ptm 0.87 i_ptm 0.11
14 models [1] recycles 0 hard 0 soft 1 temp 1 loss 5.58 i_con 5.53 plddt 0.43 ptm 0.88 i_ptm 0.09
15 models [1] recycles 0 hard 0 soft 1 temp 1 loss 5.16 i_con 5.09 plddt 0.37 ptm 0.88 i_ptm 0.12
16 models [1] recycles 0 hard 0 soft 1 temp 1 loss 5.21 i_con 5.14 plddt 0.36 ptm 0.88 i_ptm 0.11
17 models [0] recycles 0 hard 0 soft 1 temp 1 loss 4.89 i_con 4.83 plddt 0.35 ptm 0.87 i_ptm 0.13
18 models [0] recycles 0 hard 0 soft 1 temp 1 loss 4.77 i_con 4.71 plddt 0.37 ptm 0.87 i_ptm 0.20
19 models [1] recycles 0 hard 0 soft 1 temp 1 loss 5.31 i_con 5.24 plddt 0.37 ptm 0.88 i_ptm 0.09
20 models [1] recycles 0 hard 0 soft 1 temp 1 loss 5.31 i_con 5.25 plddt 0.40 ptm 0.88 i_ptm 0.09
21 models [1] recycles 0 hard 0 soft 1 temp 1 loss 5.20 i_con 5.14 plddt 0.40 ptm 0.88 i_ptm 0.12
22 models [0] recycles 0 hard 0 soft 1 temp 1 loss 4.95 i_con 4.89 plddt 0.37 ptm 0.87 i_ptm 0.18
23 models [1] recycles 0 hard 0 soft 1 temp 1 loss 4.97 i_con 4.90 plddt 0.35 ptm 0.88 i_ptm 0.14
24 models [1] recycles 0 hard 0 soft 1 temp 1 loss 5.12 i_con 5.06 plddt 0.34 ptm 0.88 i_ptm 0.15
25 models [0] recycles 0 hard 0 soft 1 temp 1 loss 4.66 i_con 4.60 plddt 0.37 ptm 0.87 i_ptm 0.17
26 models [1] recycles 0 hard 0 soft 1 temp 1 loss 5.22 i_con 5.15 plddt 0.38 ptm 0.88 i_ptm 0.10
27 models [0] recycles 0 hard 0 soft 1 temp 1 loss 4.88 i_con 4.82 plddt 0.38 ptm 0.87 i_ptm 0.18
28 models [1] recycles 0 hard 0 soft 1 temp 1 loss 5.49 i_con 5.42 plddt 0.38 ptm 0.88 i_ptm 0.09
29 models [1] recycles 0 hard 0 soft 1 temp 1 loss 4.89 i_con 4.82 plddt 0.35 ptm 0.88 i_ptm 0.19
30 models [0] recycles 0 hard 0 soft 1 temp 1 loss 4.54 i_con 4.48 plddt 0.40 ptm 0.87 i_ptm 0.23
31 models [0] recycles 0 hard 0 soft 1 temp 1 loss 4.79 i_con 4.72 plddt 0.36 ptm 0.87 i_ptm 0.19
32 models [1] recycles 0 hard 0 soft 1 temp 1 loss 4.73 i_con 4.67 plddt 0.36 ptm 0.88 i_ptm 0.22
33 models [1] recycles 0 hard 0 soft 1 temp 1 loss 5.42 i_con 5.36 plddt 0.39 ptm 0.88 i_ptm 0.10
34 models [0] recycles 0 hard 0 soft 1 temp 1 loss 4.67 i_con 4.61 plddt 0.40 ptm 0.87 i_ptm 0.21
35 models [0] recycles 0 hard 0 soft 1 temp 1 loss 4.63 i_con 4.57 plddt 0.40 ptm 0.87 i_ptm 0.25
36 models [0] recycles 0 hard 0 soft 1 temp 1 loss 4.76 i_con 4.70 plddt 0.39 ptm 0.87 i_ptm 0.21
37 models [1] recycles 0 hard 0 soft 1 temp 1 loss 5.17 i_con 5.11 plddt 0.37 ptm 0.88 i_ptm 0.12
38 models [1] recycles 0 hard 0 soft 1 temp 1 loss 5.36 i_con 5.30 plddt 0.37 ptm 0.88 i_ptm 0.13
39 models [1] recycles 0 hard 0 soft 1 temp 1 loss 5.07 i_con 5.01 plddt 0.35 ptm 0.88 i_ptm 0.17
40 models [1] recycles 0 hard 0 soft 1 temp 1 loss 4.70 i_con 4.64 plddt 0.37 ptm 0.88 i_ptm 0.23
41 models [1] recycles 0 hard 0 soft 1 temp 1 loss 5.21 i_con 5.14 plddt 0.37 ptm 0.88 i_ptm 0.15
42 models [0] recycles 0 hard 0 soft 1 temp 1 loss 4.53 i_con 4.47 plddt 0.38 ptm 0.87 i_ptm 0.23
43 models [1] recycles 0 hard 0 soft 1 temp 1 loss 5.13 i_con 5.07 plddt 0.37 ptm 0.88 i_ptm 0.16
44 models [1] recycles 0 hard 0 soft 1 temp 1 loss 4.99 i_con 4.93 plddt 0.34 ptm 0.88 i_ptm 0.18
45 models [1] recycles 0 hard 0 soft 1 temp 1 loss 4.75 i_con 4.68 plddt 0.33 ptm 0.88 i_ptm 0.19
46 models [1] recycles 0 hard 0 soft 1 temp 1 loss 5.04 i_con 4.98 plddt 0.36 ptm 0.88 i_ptm 0.18
47 models [1] recycles 0 hard 0 soft 1 temp 1 loss 5.12 i_con 5.05 plddt 0.38 ptm 0.88 i_ptm 0.15
48 models [0] recycles 0 hard 0 soft 1 temp 1 loss 4.61 i_con 4.56 plddt 0.42 ptm 0.87 i_ptm 0.24
49 models [0] recycles 0 hard 0 soft 1 temp 1 loss 4.63 i_con 4.57 plddt 0.37 ptm 0.87 i_ptm 0.20
50 models [0] recycles 0 hard 0 soft 1 temp 1 loss 4.60 i_con 4.54 plddt 0.40 ptm 0.87 i_ptm 0.22
51 models [0] recycles 0 hard 0 soft 1 temp 1 loss 4.92 i_con 4.44 plddt 0.39 ptm 0.87 i_ptm 0.24 energy 8.47
52 models [0] recycles 0 hard 0 soft 1 temp 1 loss 4.81 i_con 4.36 plddt 0.38 ptm 0.87 i_ptm 0.27 energy 7.72
53 models [1] recycles 0 hard 0 soft 1 temp 1 loss 5.34 i_con 4.93 plddt 0.38 ptm 0.88 i_ptm 0.17 energy 6.90
54 models [1] recycles 0 hard 0 soft 1 temp 1 loss 5.26 i_con 4.86 plddt 0.37 ptm 0.88 i_ptm 0.18 energy 6.90
55 models [0] recycles 0 hard 0 soft 1 temp 1 loss 4.81 i_con 4.42 plddt 0.40 ptm 0.87 i_ptm 0.22 energy 6.48
56 models [0] recycles 0 hard 0 soft 1 temp 1 loss 4.70 i_con 4.35 plddt 0.40 ptm 0.87 i_ptm 0.25 energy 5.67
57 models [0] recycles 0 hard 0 soft 1 temp 1 loss 4.84 i_con 4.52 plddt 0.38 ptm 0.87 i_ptm 0.24 energy 5.18
58 models [0] recycles 0 hard 0 soft 1 temp 1 loss 4.55 i_con 4.25 plddt 0.38 ptm 0.87 i_ptm 0.28 energy 4.73
59 models [0] recycles 0 hard 0 soft 1 temp 1 loss 4.73 i_con 4.48 plddt 0.41 ptm 0.87 i_ptm 0.22 energy 3.88
60 models [0] recycles 0 hard 0 soft 1 temp 1 loss 4.64 i_con 4.40 plddt 0.42 ptm 0.87 i_ptm 0.24 energy 3.68
61 models [0] recycles 0 hard 0 soft 1 temp 1 loss 4.62 i_con 4.41 plddt 0.39 ptm 0.87 i_ptm 0.24 energy 2.99
62 models [0] recycles 0 hard 0 soft 1 temp 1 loss 4.51 i_con 4.34 plddt 0.40 ptm 0.87 i_ptm 0.24 energy 2.19
63 models [1] recycles 0 hard 0 soft 1 temp 1 loss 5.36 i_con 5.21 plddt 0.38 ptm 0.88 i_ptm 0.10 energy 1.87
64 models [1] recycles 0 hard 0 soft 1 temp 1 loss 4.86 i_con 4.68 plddt 0.38 ptm 0.88 i_ptm 0.20 energy 2.22
65 models [1] recycles 0 hard 0 soft 1 temp 1 loss 4.74 i_con 4.57 plddt 0.35 ptm 0.88 i_ptm 0.23 energy 2.08
66 models [0] recycles 0 hard 0 soft 1 temp 1 loss 4.63 i_con 4.47 plddt 0.39 ptm 0.87 i_ptm 0.23 energy 2.02
67 models [0] recycles 0 hard 0 soft 1 temp 1 loss 4.49 i_con 4.35 plddt 0.42 ptm 0.87 i_ptm 0.24 energy 1.71
68 models [0] recycles 0 hard 0 soft 1 temp 1 loss 4.62 i_con 4.50 plddt 0.40 ptm 0.87 i_ptm 0.23 energy 1.04
69 models [0] recycles 0 hard 0 soft 1 temp 1 loss 4.25 i_con 4.20 plddt 0.38 ptm 0.87 i_ptm 0.28 energy -0.20
70 models [1] recycles 0 hard 0 soft 1 temp 1 loss 4.65 i_con 4.63 plddt 0.35 ptm 0.88 i_ptm 0.20 energy -0.81
71 models [1] recycles 0 hard 0 soft 1 temp 1 loss 4.61 i_con 4.55 plddt 0.35 ptm 0.89 i_ptm 0.23 energy -0.16
72 models [0] recycles 0 hard 0 soft 1 temp 1 loss 4.23 i_con 4.17 plddt 0.41 ptm 0.87 i_ptm 0.29 energy -0.03
73 models [1] recycles 0 hard 0 soft 1 temp 1 loss 4.84 i_con 4.82 plddt 0.38 ptm 0.88 i_ptm 0.18 energy -0.86
74 models [0] recycles 0 hard 0 soft 1 temp 1 loss 4.52 i_con 4.49 plddt 0.42 ptm 0.87 i_ptm 0.25 energy -0.49
75 models [0] recycles 0 hard 0 soft 1 temp 1 loss 4.36 i_con 4.35 plddt 0.39 ptm 0.87 i_ptm 0.26 energy -1.02
76 models [0] recycles 0 hard 0 soft 1 temp 1 loss 4.28 i_con 4.30 plddt 0.41 ptm 0.87 i_ptm 0.25 energy -1.47
77 models [0] recycles 0 hard 0 soft 1 temp 1 loss 4.47 i_con 4.50 plddt 0.41 ptm 0.87 i_ptm 0.24 energy -1.82
78 models [0] recycles 0 hard 0 soft 1 temp 1 loss 4.43 i_con 4.45 plddt 0.40 ptm 0.87 i_ptm 0.23 energy -1.62
79 models [1] recycles 0 hard 0 soft 1 temp 1 loss 4.58 i_con 4.59 plddt 0.37 ptm 0.88 i_ptm 0.21 energy -1.61
80 models [1] recycles 0 hard 0 soft 1 temp 1 loss 4.64 i_con 4.64 plddt 0.35 ptm 0.88 i_ptm 0.20 energy -1.23
81 models [1] recycles 0 hard 0 soft 1 temp 1 loss 4.63 i_con 4.61 plddt 0.37 ptm 0.88 i_ptm 0.20 energy -0.86
82 models [1] recycles 0 hard 0 soft 1 temp 1 loss 4.40 i_con 4.37 plddt 0.35 ptm 0.88 i_ptm 0.24 energy -0.58
83 models [0] recycles 0 hard 0 soft 1 temp 1 loss 4.25 i_con 4.24 plddt 0.41 ptm 0.87 i_ptm 0.26 energy -0.91
84 models [1] recycles 0 hard 0 soft 1 temp 1 loss 4.50 i_con 4.52 plddt 0.36 ptm 0.89 i_ptm 0.25 energy -1.66
85 models [1] recycles 0 hard 0 soft 1 temp 1 loss 4.77 i_con 4.77 plddt 0.37 ptm 0.89 i_ptm 0.20 energy -1.38
86 models [1] recycles 0 hard 0 soft 1 temp 1 loss 4.50 i_con 4.50 plddt 0.38 ptm 0.88 i_ptm 0.22 energy -1.13
87 models [1] recycles 0 hard 0 soft 1 temp 1 loss 4.77 i_con 4.76 plddt 0.36 ptm 0.88 i_ptm 0.19 energy -1.13
88 models [0] recycles 0 hard 0 soft 1 temp 1 loss 4.35 i_con 4.35 plddt 0.43 ptm 0.87 i_ptm 0.26 energy -1.22
89 models [0] recycles 0 hard 0 soft 1 temp 1 loss 4.50 i_con 4.53 plddt 0.40 ptm 0.87 i_ptm 0.23 energy -1.94
90 models [0] recycles 0 hard 0 soft 1 temp 1 loss 4.27 i_con 4.30 plddt 0.40 ptm 0.87 i_ptm 0.25 energy -1.95
91 models [0] recycles 0 hard 0 soft 1 temp 1 loss 4.04 i_con 4.10 plddt 0.38 ptm 0.88 i_ptm 0.28 energy -2.31
92 models [0] recycles 0 hard 0 soft 1 temp 1 loss 4.10 i_con 4.17 plddt 0.39 ptm 0.87 i_ptm 0.30 energy -2.61
93 models [1] recycles 0 hard 0 soft 1 temp 1 loss 4.56 i_con 4.64 plddt 0.37 ptm 0.88 i_ptm 0.21 energy -2.75
94 models [0] recycles 0 hard 0 soft 1 temp 1 loss 4.11 i_con 4.19 plddt 0.40 ptm 0.87 i_ptm 0.26 energy -2.79
95 models [1] recycles 0 hard 0 soft 1 temp 1 loss 4.05 i_con 4.15 plddt 0.41 ptm 0.89 i_ptm 0.27 energy -3.16
96 models [1] recycles 0 hard 0 soft 1 temp 1 loss 3.95 i_con 4.05 plddt 0.43 ptm 0.89 i_ptm 0.30 energy -3.11
97 models [0] recycles 0 hard 0 soft 1 temp 1 loss 4.09 i_con 4.19 plddt 0.41 ptm 0.87 i_ptm 0.25 energy -3.17
98 models [0] recycles 0 hard 0 soft 1 temp 1 loss 4.11 i_con 4.22 plddt 0.38 ptm 0.87 i_ptm 0.25 energy -3.33
99 models [0] recycles 0 hard 0 soft 1 temp 1 loss 3.86 i_con 3.97 plddt 0.43 ptm 0.87 i_ptm 0.32 energy -3.32
100 models [0] recycles 0 hard 0 soft 1 temp 1 loss 3.87 i_con 3.98 plddt 0.43 ptm 0.87 i_ptm 0.33 energy -3.36
101 models [0] recycles 0 hard 0 soft 0 temp 1 loss 7.89 i_con 7.84 plddt 0.48 ptm 0.87 i_ptm 0.14
102 models [1] recycles 0 hard 0 soft 0 temp 0.98 loss 7.22 i_con 7.17 plddt 0.52 ptm 0.88 i_ptm 0.10
103 models [1] recycles 0 hard 0 soft 0 temp 0.96 loss 6.65 i_con 6.61 plddt 0.55 ptm 0.88 i_ptm 0.11
104 models [0] recycles 0 hard 0 soft 0 temp 0.94 loss 4.30 i_con 4.24 plddt 0.42 ptm 0.87 i_ptm 0.29
105 models [1] recycles 0 hard 0 soft 0 temp 0.92 loss 4.67 i_con 4.61 plddt 0.40 ptm 0.88 i_ptm 0.22
106 models [1] recycles 0 hard 0 soft 0 temp 0.90 loss 4.04 i_con 3.99 plddt 0.44 ptm 0.89 i_ptm 0.34
107 models [0] recycles 0 hard 0 soft 0 temp 0.88 loss 4.05 i_con 3.99 plddt 0.44 ptm 0.87 i_ptm 0.31
108 models [0] recycles 0 hard 0 soft 0 temp 0.86 loss 3.97 i_con 3.91 plddt 0.44 ptm 0.88 i_ptm 0.35
109 models [0] recycles 0 hard 0 soft 0 temp 0.84 loss 3.88 i_con 3.82 plddt 0.44 ptm 0.88 i_ptm 0.39
110 models [1] recycles 0 hard 0 soft 0 temp 0.82 loss 3.89 i_con 3.84 plddt 0.46 ptm 0.89 i_ptm 0.39
111 models [1] recycles 0 hard 0 soft 0 temp 0.80 loss 3.66 i_con 3.61 plddt 0.50 ptm 0.89 i_ptm 0.50
112 models [0] recycles 0 hard 0 soft 0 temp 0.78 loss 3.85 i_con 3.80 plddt 0.45 ptm 0.88 i_ptm 0.37
113 models [0] recycles 0 hard 0 soft 0 temp 0.76 loss 3.75 i_con 3.70 plddt 0.46 ptm 0.88 i_ptm 0.45
114 models [1] recycles 0 hard 0 soft 0 temp 0.74 loss 3.39 i_con 3.34 plddt 0.53 ptm 0.90 i_ptm 0.59
115 models [1] recycles 0 hard 0 soft 0 temp 0.72 loss 3.37 i_con 3.33 plddt 0.53 ptm 0.90 i_ptm 0.59
116 models [1] recycles 0 hard 0 soft 0 temp 0.70 loss 3.24 i_con 3.19 plddt 0.56 ptm 0.90 i_ptm 0.62
117 models [0] recycles 0 hard 0 soft 0 temp 0.68 loss 3.67 i_con 3.62 plddt 0.49 ptm 0.88 i_ptm 0.51
118 models [0] recycles 0 hard 0 soft 0 temp 0.66 loss 3.54 i_con 3.49 plddt 0.49 ptm 0.88 i_ptm 0.55
119 models [1] recycles 0 hard 0 soft 0 temp 0.64 loss 3.18 i_con 3.13 plddt 0.58 ptm 0.90 i_ptm 0.67
120 models [0] recycles 0 hard 0 soft 0 temp 0.62 loss 3.56 i_con 3.51 plddt 0.50 ptm 0.88 i_ptm 0.53
121 models [1] recycles 0 hard 0 soft 0 temp 0.60 loss 3.10 i_con 3.06 plddt 0.59 ptm 0.90 i_ptm 0.66
122 models [0] recycles 0 hard 0 soft 0 temp 0.58 loss 3.60 i_con 3.55 plddt 0.45 ptm 0.88 i_ptm 0.50
123 models [1] recycles 0 hard 0 soft 0 temp 0.56 loss 3.10 i_con 3.06 plddt 0.57 ptm 0.91 i_ptm 0.66
124 models [0] recycles 0 hard 0 soft 0 temp 0.54 loss 3.44 i_con 3.39 plddt 0.52 ptm 0.88 i_ptm 0.57
125 models [0] recycles 0 hard 0 soft 0 temp 0.52 loss 3.43 i_con 3.39 plddt 0.53 ptm 0.88 i_ptm 0.56
126 models [0] recycles 0 hard 0 soft 0 temp 0.50 loss 3.48 i_con 3.43 plddt 0.51 ptm 0.88 i_ptm 0.56
127 models [0] recycles 0 hard 0 soft 0 temp 0.48 loss 3.44 i_con 3.39 plddt 0.51 ptm 0.88 i_ptm 0.58
128 models [1] recycles 0 hard 0 soft 0 temp 0.46 loss 3.00 i_con 2.96 plddt 0.59 ptm 0.91 i_ptm 0.70
129 models [1] recycles 0 hard 0 soft 0 temp 0.44 loss 2.84 i_con 2.80 plddt 0.61 ptm 0.91 i_ptm 0.70
130 models [1] recycles 0 hard 0 soft 0 temp 0.42 loss 2.72 i_con 2.68 plddt 0.63 ptm 0.91 i_ptm 0.71
131 models [0] recycles 0 hard 0 soft 0 temp 0.40 loss 3.31 i_con 3.26 plddt 0.56 ptm 0.88 i_ptm 0.66
132 models [0] recycles 0 hard 0 soft 0 temp 0.38 loss 3.36 i_con 3.31 plddt 0.52 ptm 0.88 i_ptm 0.59
133 models [0] recycles 0 hard 0 soft 0 temp 0.36 loss 3.20 i_con 3.15 plddt 0.56 ptm 0.89 i_ptm 0.65
134 models [0] recycles 0 hard 0 soft 0 temp 0.34 loss 3.07 i_con 3.03 plddt 0.59 ptm 0.89 i_ptm 0.69
135 models [1] recycles 0 hard 0 soft 0 temp 0.32 loss 2.75 i_con 2.71 plddt 0.63 ptm 0.91 i_ptm 0.73
136 models [1] recycles 0 hard 0 soft 0 temp 0.30 loss 2.80 i_con 2.76 plddt 0.62 ptm 0.91 i_ptm 0.73
137 models [1] recycles 0 hard 0 soft 0 temp 0.28 loss 2.56 i_con 2.53 plddt 0.68 ptm 0.91 i_ptm 0.78
138 models [1] recycles 0 hard 0 soft 0 temp 0.26 loss 2.66 i_con 2.62 plddt 0.64 ptm 0.91 i_ptm 0.74
139 models [1] recycles 0 hard 0 soft 0 temp 0.24 loss 2.59 i_con 2.56 plddt 0.69 ptm 0.91 i_ptm 0.78
140 models [1] recycles 0 hard 0 soft 0 temp 0.22 loss 2.49 i_con 2.46 plddt 0.69 ptm 0.91 i_ptm 0.77
141 models [0] recycles 0 hard 0 soft 0 temp 0.20 loss 3.00 i_con 2.96 plddt 0.62 ptm 0.89 i_ptm 0.73
142 models [0] recycles 0 hard 0 soft 0 temp 0.18 loss 3.29 i_con 3.25 plddt 0.56 ptm 0.88 i_ptm 0.61
143 models [1] recycles 0 hard 0 soft 0 temp 0.16 loss 2.70 i_con 2.66 plddt 0.63 ptm 0.91 i_ptm 0.72
144 models [0] recycles 0 hard 0 soft 0 temp 0.14 loss 3.07 i_con 3.03 plddt 0.60 ptm 0.89 i_ptm 0.71
145 models [1] recycles 0 hard 0 soft 0 temp 0.12 loss 2.57 i_con 2.54 plddt 0.66 ptm 0.91 i_ptm 0.76
146 models [1] recycles 0 hard 0 soft 0 temp 0.10 loss 2.68 i_con 2.65 plddt 0.66 ptm 0.91 i_ptm 0.77
147 models [0] recycles 0 hard 0 soft 0 temp 0.08 loss 3.01 i_con 2.97 plddt 0.60 ptm 0.89 i_ptm 0.70
148 models [1] recycles 0 hard 0 soft 0 temp 0.06 loss 2.51 i_con 2.48 plddt 0.66 ptm 0.91 i_ptm 0.74
149 models [0] recycles 0 hard 0 soft 0 temp 0.04 loss 3.05 i_con 3.01 plddt 0.59 ptm 0.89 i_ptm 0.66
150 models [1] recycles 0 hard 0 soft 0 temp 0.02 loss 2.60 i_con 2.57 plddt 0.68 ptm 0.91 i_ptm 0.79
151 models [1] recycles 0 hard 1 soft 0 temp 0.00 loss 3.88 i_con 3.86 plddt 0.40 ptm 0.90 i_ptm 0.39 energy -0.82
152 models [1] recycles 0 hard 1 soft 0 temp 0.00 loss 3.88 i_con 3.86 plddt 0.40 ptm 0.90 i_ptm 0.39 energy -0.82
153 models [1] recycles 0 hard 1 soft 0 temp 0.00 loss 3.88 i_con 3.86 plddt 0.40 ptm 0.90 i_ptm 0.39 energy -0.82
154 models [0] recycles 0 hard 1 soft 0 temp 0.00 loss 3.89 i_con 3.87 plddt 0.42 ptm 0.88 i_ptm 0.39 energy -0.82
155 models [1] recycles 0 hard 1 soft 0 temp 0.00 loss 3.88 i_con 3.86 plddt 0.40 ptm 0.90 i_ptm 0.39 energy -0.82
156 models [1] recycles 0 hard 1 soft 0 temp 0.00 loss 3.88 i_con 3.86 plddt 0.40 ptm 0.90 i_ptm 0.39 energy -0.82
157 models [0] recycles 0 hard 1 soft 0 temp 0.00 loss 3.89 i_con 3.87 plddt 0.42 ptm 0.88 i_ptm 0.39 energy -0.82
158 models [0] recycles 0 hard 1 soft 0 temp 0.00 loss 3.89 i_con 3.87 plddt 0.42 ptm 0.88 i_ptm 0.39 energy -0.82
159 models [1] recycles 0 hard 1 soft 0 temp 0.00 loss 3.88 i_con 3.86 plddt 0.40 ptm 0.90 i_ptm 0.39 energy -0.82
160 models [1] recycles 0 hard 1 soft 0 temp 0.00 loss 3.88 i_con 3.86 plddt 0.40 ptm 0.90 i_ptm 0.39 energy -0.82
161 models [0] recycles 0 hard 1 soft 0 temp 0.00 loss 3.89 i_con 3.87 plddt 0.42 ptm 0.88 i_ptm 0.39 energy -0.82
162 models [1] recycles 0 hard 1 soft 0 temp 0.00 loss 3.88 i_con 3.86 plddt 0.40 ptm 0.90 i_ptm 0.39 energy -0.82
163 models [0] recycles 0 hard 1 soft 0 temp 0.00 loss 3.89 i_con 3.87 plddt 0.42 ptm 0.88 i_ptm 0.39 energy -0.82
164 models [1] recycles 0 hard 1 soft 0 temp 0.00 loss 3.88 i_con 3.86 plddt 0.40 ptm 0.90 i_ptm 0.39 energy -0.82
165 models [0] recycles 0 hard 1 soft 0 temp 0.00 loss 3.89 i_con 3.87 plddt 0.42 ptm 0.88 i_ptm 0.39 energy -0.82
166 models [1] recycles 0 hard 1 soft 0 temp 0.00 loss 3.88 i_con 3.86 plddt 0.40 ptm 0.90 i_ptm 0.39 energy -0.82
167 models [0] recycles 0 hard 1 soft 0 temp 0.00 loss 3.89 i_con 3.87 plddt 0.42 ptm 0.88 i_ptm 0.39 energy -0.82
168 models [0] recycles 0 hard 1 soft 0 temp 0.00 loss 3.89 i_con 3.87 plddt 0.42 ptm 0.88 i_ptm 0.39 energy -0.82
169 models [0] recycles 0 hard 1 soft 0 temp 0.00 loss 3.89 i_con 3.87 plddt 0.42 ptm 0.88 i_ptm 0.39 energy -0.82
170 models [1] recycles 0 hard 1 soft 0 temp 0.00 loss 3.88 i_con 3.86 plddt 0.40 ptm 0.90 i_ptm 0.39 energy -0.82
171 models [0] recycles 0 hard 1 soft 0 temp 0.00 loss 3.89 i_con 3.87 plddt 0.42 ptm 0.88 i_ptm 0.39 energy -0.82
172 models [1] recycles 0 hard 1 soft 0 temp 0.00 loss 3.88 i_con 3.86 plddt 0.40 ptm 0.90 i_ptm 0.39 energy -0.82
173 models [0] recycles 0 hard 1 soft 0 temp 0.00 loss 3.89 i_con 3.87 plddt 0.42 ptm 0.88 i_ptm 0.39 energy -0.82
174 models [0] recycles 0 hard 1 soft 0 temp 0.00 loss 3.89 i_con 3.87 plddt 0.42 ptm 0.88 i_ptm 0.39 energy -0.82
175 models [1] recycles 0 hard 1 soft 0 temp 0.00 loss 3.88 i_con 3.86 plddt 0.40 ptm 0.90 i_ptm 0.39 energy -0.82
176 models [1] recycles 0 hard 1 soft 0 temp 0.00 loss 3.88 i_con 3.86 plddt 0.40 ptm 0.90 i_ptm 0.39 energy -0.82
177 models [1] recycles 0 hard 1 soft 0 temp 0.00 loss 3.88 i_con 3.86 plddt 0.40 ptm 0.90 i_ptm 0.39 energy -0.82
178 models [0] recycles 0 hard 1 soft 0 temp 0.00 loss 3.89 i_con 3.87 plddt 0.42 ptm 0.88 i_ptm 0.39 energy -0.82
179 models [0] recycles 0 hard 1 soft 0 temp 0.00 loss 3.89 i_con 3.87 plddt 0.42 ptm 0.88 i_ptm 0.39 energy -0.82
180 models [1] recycles 0 hard 1 soft 0 temp 0.00 loss 3.88 i_con 3.86 plddt 0.40 ptm 0.90 i_ptm 0.39 energy -0.82
  seq=AAFSPAELVLLLCLN  loss=3.8791  loss_af=3.9199  energy=-0.8159  i_ptm=0.3917
[2/3] seed=1 ...
1 models [0] recycles 0 hard 0 soft 1 temp 1 loss 7.94 i_con 7.90 plddt 0.56 ptm 0.86 i_ptm 0.13
2 models [1] recycles 0 hard 0 soft 1 temp 1 loss 7.28 i_con 7.23 plddt 0.54 ptm 0.88 i_ptm 0.08
3 models [0] recycles 0 hard 0 soft 1 temp 1 loss 7.26 i_con 7.21 plddt 0.52 ptm 0.86 i_ptm 0.12
4 models [1] recycles 0 hard 0 soft 1 temp 1 loss 6.94 i_con 6.90 plddt 0.53 ptm 0.88 i_ptm 0.09
5 models [0] recycles 0 hard 0 soft 1 temp 1 loss 6.76 i_con 6.72 plddt 0.57 ptm 0.86 i_ptm 0.13
6 models [1] recycles 0 hard 0 soft 1 temp 1 loss 7.19 i_con 7.14 plddt 0.49 ptm 0.88 i_ptm 0.09
7 models [1] recycles 0 hard 0 soft 1 temp 1 loss 6.86 i_con 6.81 plddt 0.51 ptm 0.88 i_ptm 0.08
8 models [1] recycles 0 hard 0 soft 1 temp 1 loss 6.69 i_con 6.64 plddt 0.51 ptm 0.88 i_ptm 0.09
9 models [1] recycles 0 hard 0 soft 1 temp 1 loss 6.12 i_con 6.08 plddt 0.52 ptm 0.88 i_ptm 0.08
10 models [0] recycles 0 hard 0 soft 1 temp 1 loss 5.58 i_con 5.52 plddt 0.44 ptm 0.86 i_ptm 0.11
11 models [1] recycles 0 hard 0 soft 1 temp 1 loss 6.13 i_con 6.08 plddt 0.48 ptm 0.88 i_ptm 0.07
12 models [1] recycles 0 hard 0 soft 1 temp 1 loss 5.99 i_con 5.94 plddt 0.50 ptm 0.88 i_ptm 0.08
13 models [1] recycles 0 hard 0 soft 1 temp 1 loss 5.95 i_con 5.90 plddt 0.52 ptm 0.88 i_ptm 0.08
14 models [0] recycles 0 hard 0 soft 1 temp 1 loss 5.41 i_con 5.35 plddt 0.43 ptm 0.86 i_ptm 0.11
15 models [0] recycles 0 hard 0 soft 1 temp 1 loss 4.96 i_con 4.90 plddt 0.35 ptm 0.86 i_ptm 0.13
16 models [0] recycles 0 hard 0 soft 1 temp 1 loss 4.69 i_con 4.63 plddt 0.42 ptm 0.87 i_ptm 0.20
17 models [0] recycles 0 hard 0 soft 1 temp 1 loss 4.58 i_con 4.52 plddt 0.34 ptm 0.87 i_ptm 0.20
18 models [1] recycles 0 hard 0 soft 1 temp 1 loss 5.54 i_con 5.49 plddt 0.45 ptm 0.88 i_ptm 0.09
19 models [1] recycles 0 hard 0 soft 1 temp 1 loss 5.76 i_con 5.70 plddt 0.42 ptm 0.88 i_ptm 0.08
20 models [1] recycles 0 hard 0 soft 1 temp 1 loss 5.15 i_con 5.09 plddt 0.40 ptm 0.88 i_ptm 0.11
21 models [0] recycles 0 hard 0 soft 1 temp 1 loss 4.58 i_con 4.51 plddt 0.37 ptm 0.87 i_ptm 0.20
22 models [1] recycles 0 hard 0 soft 1 temp 1 loss 5.17 i_con 5.11 plddt 0.37 ptm 0.88 i_ptm 0.13
23 models [1] recycles 0 hard 0 soft 1 temp 1 loss 5.11 i_con 5.05 plddt 0.35 ptm 0.88 i_ptm 0.15
24 models [1] recycles 0 hard 0 soft 1 temp 1 loss 5.17 i_con 5.11 plddt 0.36 ptm 0.88 i_ptm 0.13
25 models [0] recycles 0 hard 0 soft 1 temp 1 loss 4.66 i_con 4.60 plddt 0.41 ptm 0.87 i_ptm 0.22
26 models [0] recycles 0 hard 0 soft 1 temp 1 loss 4.88 i_con 4.82 plddt 0.38 ptm 0.87 i_ptm 0.17
27 models [1] recycles 0 hard 0 soft 1 temp 1 loss 5.27 i_con 5.21 plddt 0.36 ptm 0.88 i_ptm 0.11
28 models [1] recycles 0 hard 0 soft 1 temp 1 loss 4.93 i_con 4.87 plddt 0.35 ptm 0.88 i_ptm 0.18
29 models [1] recycles 0 hard 0 soft 1 temp 1 loss 5.03 i_con 4.97 plddt 0.38 ptm 0.88 i_ptm 0.15
30 models [0] recycles 0 hard 0 soft 1 temp 1 loss 4.52 i_con 4.46 plddt 0.42 ptm 0.87 i_ptm 0.20
31 models [0] recycles 0 hard 0 soft 1 temp 1 loss 4.52 i_con 4.46 plddt 0.39 ptm 0.87 i_ptm 0.21
32 models [1] recycles 0 hard 0 soft 1 temp 1 loss 5.07 i_con 5.01 plddt 0.38 ptm 0.88 i_ptm 0.13
33 models [0] recycles 0 hard 0 soft 1 temp 1 loss 4.57 i_con 4.51 plddt 0.40 ptm 0.87 i_ptm 0.22
34 models [0] recycles 0 hard 0 soft 1 temp 1 loss 4.54 i_con 4.48 plddt 0.39 ptm 0.87 i_ptm 0.21
35 models [0] recycles 0 hard 0 soft 1 temp 1 loss 4.57 i_con 4.51 plddt 0.37 ptm 0.87 i_ptm 0.20
36 models [0] recycles 0 hard 0 soft 1 temp 1 loss 4.52 i_con 4.46 plddt 0.39 ptm 0.87 i_ptm 0.20
37 models [0] recycles 0 hard 0 soft 1 temp 1 loss 4.48 i_con 4.42 plddt 0.38 ptm 0.87 i_ptm 0.22
38 models [0] recycles 0 hard 0 soft 1 temp 1 loss 4.47 i_con 4.41 plddt 0.37 ptm 0.87 i_ptm 0.22
39 models [1] recycles 0 hard 0 soft 1 temp 1 loss 5.29 i_con 5.23 plddt 0.38 ptm 0.88 i_ptm 0.09
40 models [0] recycles 0 hard 0 soft 1 temp 1 loss 4.32 i_con 4.26 plddt 0.41 ptm 0.87 i_ptm 0.25
41 models [0] recycles 0 hard 0 soft 1 temp 1 loss 4.82 i_con 4.76 plddt 0.37 ptm 0.87 i_ptm 0.19
42 models [1] recycles 0 hard 0 soft 1 temp 1 loss 4.83 i_con 4.76 plddt 0.36 ptm 0.88 i_ptm 0.21
43 models [1] recycles 0 hard 0 soft 1 temp 1 loss 5.13 i_con 5.07 plddt 0.39 ptm 0.88 i_ptm 0.16
44 models [0] recycles 0 hard 0 soft 1 temp 1 loss 4.85 i_con 4.79 plddt 0.39 ptm 0.86 i_ptm 0.14
45 models [0] recycles 0 hard 0 soft 1 temp 1 loss 4.36 i_con 4.30 plddt 0.40 ptm 0.87 i_ptm 0.26
46 models [0] recycles 0 hard 0 soft 1 temp 1 loss 4.77 i_con 4.71 plddt 0.41 ptm 0.87 i_ptm 0.19
47 models [0] recycles 0 hard 0 soft 1 temp 1 loss 4.43 i_con 4.37 plddt 0.37 ptm 0.87 i_ptm 0.20
48 models [0] recycles 0 hard 0 soft 1 temp 1 loss 4.55 i_con 4.49 plddt 0.40 ptm 0.87 i_ptm 0.23
49 models [0] recycles 0 hard 0 soft 1 temp 1 loss 4.66 i_con 4.60 plddt 0.39 ptm 0.87 i_ptm 0.21
50 models [1] recycles 0 hard 0 soft 1 temp 1 loss 5.26 i_con 5.19 plddt 0.35 ptm 0.88 i_ptm 0.13
51 models [1] recycles 0 hard 0 soft 1 temp 1 loss 5.14 i_con 4.63 plddt 0.37 ptm 0.88 i_ptm 0.20 energy 8.99
52 models [1] recycles 0 hard 0 soft 1 temp 1 loss 5.45 i_con 4.95 plddt 0.34 ptm 0.88 i_ptm 0.14 energy 8.73
53 models [1] recycles 0 hard 0 soft 1 temp 1 loss 5.24 i_con 4.75 plddt 0.35 ptm 0.88 i_ptm 0.19 energy 8.66
54 models [0] recycles 0 hard 0 soft 1 temp 1 loss 4.80 i_con 4.31 plddt 0.40 ptm 0.87 i_ptm 0.23 energy 8.50
55 models [0] recycles 0 hard 0 soft 1 temp 1 loss 4.82 i_con 4.36 plddt 0.42 ptm 0.87 i_ptm 0.22 energy 8.17
56 models [0] recycles 0 hard 0 soft 1 temp 1 loss 4.77 i_con 4.32 plddt 0.37 ptm 0.87 i_ptm 0.23 energy 7.74
57 models [0] recycles 0 hard 0 soft 1 temp 1 loss 4.61 i_con 4.18 plddt 0.42 ptm 0.87 i_ptm 0.26 energy 7.33
58 models [0] recycles 0 hard 0 soft 1 temp 1 loss 4.58 i_con 4.18 plddt 0.43 ptm 0.87 i_ptm 0.27 energy 6.87
59 models [0] recycles 0 hard 0 soft 1 temp 1 loss 4.61 i_con 4.24 plddt 0.39 ptm 0.87 i_ptm 0.24 energy 6.24
60 models [1] recycles 0 hard 0 soft 1 temp 1 loss 5.56 i_con 5.22 plddt 0.39 ptm 0.88 i_ptm 0.13 energy 5.46
61 models [1] recycles 0 hard 0 soft 1 temp 1 loss 5.34 i_con 5.02 plddt 0.34 ptm 0.88 i_ptm 0.16 energy 5.05
62 models [0] recycles 0 hard 0 soft 1 temp 1 loss 4.48 i_con 4.16 plddt 0.44 ptm 0.87 i_ptm 0.28 energy 5.31
63 models [0] recycles 0 hard 0 soft 1 temp 1 loss 4.51 i_con 4.23 plddt 0.42 ptm 0.87 i_ptm 0.27 energy 4.33
64 models [0] recycles 0 hard 0 soft 1 temp 1 loss 4.35 i_con 4.09 plddt 0.41 ptm 0.87 i_ptm 0.27 energy 3.92
65 models [1] recycles 0 hard 0 soft 1 temp 1 loss 4.99 i_con 4.76 plddt 0.36 ptm 0.89 i_ptm 0.19 energy 3.19
66 models [1] recycles 0 hard 0 soft 1 temp 1 loss 4.77 i_con 4.54 plddt 0.32 ptm 0.89 i_ptm 0.19 energy 3.29
67 models [0] recycles 0 hard 0 soft 1 temp 1 loss 4.36 i_con 4.12 plddt 0.41 ptm 0.87 i_ptm 0.27 energy 3.45
68 models [0] recycles 0 hard 0 soft 1 temp 1 loss 4.39 i_con 4.20 plddt 0.42 ptm 0.87 i_ptm 0.24 energy 2.59
69 models [1] recycles 0 hard 0 soft 1 temp 1 loss 4.66 i_con 4.50 plddt 0.36 ptm 0.88 i_ptm 0.21 energy 1.92
70 models [1] recycles 0 hard 0 soft 1 temp 1 loss 4.50 i_con 4.32 plddt 0.37 ptm 0.89 i_ptm 0.23 energy 2.19
71 models [1] recycles 0 hard 0 soft 1 temp 1 loss 5.49 i_con 5.31 plddt 0.38 ptm 0.88 i_ptm 0.09 energy 2.34
72 models [1] recycles 0 hard 0 soft 1 temp 1 loss 4.64 i_con 4.46 plddt 0.33 ptm 0.88 i_ptm 0.21 energy 2.24
73 models [0] recycles 0 hard 0 soft 1 temp 1 loss 4.22 i_con 4.07 plddt 0.40 ptm 0.87 i_ptm 0.26 energy 1.73
74 models [0] recycles 0 hard 0 soft 1 temp 1 loss 4.41 i_con 4.30 plddt 0.40 ptm 0.87 i_ptm 0.22 energy 1.01
75 models [1] recycles 0 hard 0 soft 1 temp 1 loss 4.27 i_con 4.16 plddt 0.36 ptm 0.89 i_ptm 0.25 energy 0.76
76 models [1] recycles 0 hard 0 soft 1 temp 1 loss 4.39 i_con 4.28 plddt 0.37 ptm 0.89 i_ptm 0.24 energy 0.83
77 models [1] recycles 0 hard 0 soft 1 temp 1 loss 4.18 i_con 4.07 plddt 0.40 ptm 0.89 i_ptm 0.29 energy 0.90
78 models [1] recycles 0 hard 0 soft 1 temp 1 loss 4.48 i_con 4.40 plddt 0.38 ptm 0.88 i_ptm 0.22 energy 0.48
79 models [0] recycles 0 hard 0 soft 1 temp 1 loss 4.28 i_con 4.20 plddt 0.38 ptm 0.87 i_ptm 0.25 energy 0.39
80 models [1] recycles 0 hard 0 soft 1 temp 1 loss 4.24 i_con 4.19 plddt 0.40 ptm 0.88 i_ptm 0.26 energy -0.11
81 models [0] recycles 0 hard 0 soft 1 temp 1 loss 4.19 i_con 4.14 plddt 0.38 ptm 0.87 i_ptm 0.22 energy -0.25
82 models [0] recycles 0 hard 0 soft 1 temp 1 loss 4.09 i_con 4.06 plddt 0.43 ptm 0.87 i_ptm 0.25 energy -0.39
83 models [1] recycles 0 hard 0 soft 1 temp 1 loss 4.40 i_con 4.39 plddt 0.38 ptm 0.88 i_ptm 0.20 energy -0.98
84 models [1] recycles 0 hard 0 soft 1 temp 1 loss 3.95 i_con 3.93 plddt 0.42 ptm 0.89 i_ptm 0.33 energy -0.65
85 models [1] recycles 0 hard 0 soft 1 temp 1 loss 4.13 i_con 4.11 plddt 0.37 ptm 0.89 i_ptm 0.26 energy -0.82
86 models [1] recycles 0 hard 0 soft 1 temp 1 loss 4.07 i_con 4.06 plddt 0.39 ptm 0.89 i_ptm 0.30 energy -0.84
87 models [1] recycles 0 hard 0 soft 1 temp 1 loss 4.04 i_con 4.03 plddt 0.41 ptm 0.89 i_ptm 0.28 energy -0.93
88 models [0] recycles 0 hard 0 soft 1 temp 1 loss 3.94 i_con 3.93 plddt 0.43 ptm 0.87 i_ptm 0.31 energy -1.00
89 models [1] recycles 0 hard 0 soft 1 temp 1 loss 4.26 i_con 4.27 plddt 0.39 ptm 0.89 i_ptm 0.25 energy -1.42
90 models [1] recycles 0 hard 0 soft 1 temp 1 loss 4.04 i_con 4.05 plddt 0.37 ptm 0.89 i_ptm 0.29 energy -1.43
91 models [0] recycles 0 hard 0 soft 1 temp 1 loss 4.04 i_con 4.05 plddt 0.38 ptm 0.87 i_ptm 0.27 energy -1.38
92 models [1] recycles 0 hard 0 soft 1 temp 1 loss 4.04 i_con 4.05 plddt 0.40 ptm 0.89 i_ptm 0.28 energy -1.52
93 models [1] recycles 0 hard 0 soft 1 temp 1 loss 4.27 i_con 4.29 plddt 0.37 ptm 0.88 i_ptm 0.22 energy -1.72
94 models [1] recycles 0 hard 0 soft 1 temp 1 loss 4.10 i_con 4.14 plddt 0.39 ptm 0.89 i_ptm 0.27 energy -1.96
95 models [0] recycles 0 hard 0 soft 1 temp 1 loss 3.97 i_con 4.02 plddt 0.44 ptm 0.87 i_ptm 0.30 energy -2.06
96 models [1] recycles 0 hard 0 soft 1 temp 1 loss 4.21 i_con 4.25 plddt 0.40 ptm 0.89 i_ptm 0.24 energy -2.15
97 models [0] recycles 0 hard 0 soft 1 temp 1 loss 3.81 i_con 3.86 plddt 0.45 ptm 0.88 i_ptm 0.40 energy -2.05
98 models [1] recycles 0 hard 0 soft 1 temp 1 loss 4.02 i_con 4.08 plddt 0.38 ptm 0.89 i_ptm 0.28 energy -2.41
99 models [1] recycles 0 hard 0 soft 1 temp 1 loss 4.23 i_con 4.28 plddt 0.38 ptm 0.88 i_ptm 0.25 energy -2.24
100 models [1] recycles 0 hard 0 soft 1 temp 1 loss 4.11 i_con 4.16 plddt 0.38 ptm 0.89 i_ptm 0.26 energy -2.26
101 models [0] recycles 0 hard 0 soft 0 temp 1 loss 5.70 i_con 5.64 plddt 0.41 ptm 0.87 i_ptm 0.15
102 models [0] recycles 0 hard 0 soft 0 temp 0.98 loss 4.62 i_con 4.56 plddt 0.41 ptm 0.87 i_ptm 0.22
103 models [0] recycles 0 hard 0 soft 0 temp 0.96 loss 4.35 i_con 4.30 plddt 0.42 ptm 0.87 i_ptm 0.31
104 models [0] recycles 0 hard 0 soft 0 temp 0.94 loss 4.21 i_con 4.15 plddt 0.41 ptm 0.87 i_ptm 0.30
105 models [1] recycles 0 hard 0 soft 0 temp 0.92 loss 4.82 i_con 4.76 plddt 0.37 ptm 0.88 i_ptm 0.16
106 models [1] recycles 0 hard 0 soft 0 temp 0.90 loss 4.31 i_con 4.24 plddt 0.37 ptm 0.89 i_ptm 0.27
107 models [1] recycles 0 hard 0 soft 0 temp 0.88 loss 3.93 i_con 3.87 plddt 0.44 ptm 0.89 i_ptm 0.35
108 models [0] recycles 0 hard 0 soft 0 temp 0.86 loss 3.61 i_con 3.56 plddt 0.49 ptm 0.88 i_ptm 0.53
109 models [1] recycles 0 hard 0 soft 0 temp 0.84 loss 3.59 i_con 3.54 plddt 0.48 ptm 0.90 i_ptm 0.46
110 models [0] recycles 0 hard 0 soft 0 temp 0.82 loss 4.03 i_con 3.97 plddt 0.39 ptm 0.88 i_ptm 0.33
111 models [1] recycles 0 hard 0 soft 0 temp 0.80 loss 3.60 i_con 3.55 plddt 0.50 ptm 0.90 i_ptm 0.51
112 models [0] recycles 0 hard 0 soft 0 temp 0.78 loss 3.81 i_con 3.75 plddt 0.45 ptm 0.87 i_ptm 0.39
113 models [0] recycles 0 hard 0 soft 0 temp 0.76 loss 3.81 i_con 3.75 plddt 0.39 ptm 0.88 i_ptm 0.41
114 models [1] recycles 0 hard 0 soft 0 temp 0.74 loss 3.55 i_con 3.49 plddt 0.44 ptm 0.90 i_ptm 0.55
115 models [0] recycles 0 hard 0 soft 0 temp 0.72 loss 3.66 i_con 3.61 plddt 0.46 ptm 0.88 i_ptm 0.44
116 models [1] recycles 0 hard 0 soft 0 temp 0.70 loss 3.78 i_con 3.72 plddt 0.42 ptm 0.90 i_ptm 0.43
117 models [0] recycles 0 hard 0 soft 0 temp 0.68 loss 3.58 i_con 3.53 plddt 0.46 ptm 0.88 i_ptm 0.48
118 models [1] recycles 0 hard 0 soft 0 temp 0.66 loss 3.40 i_con 3.35 plddt 0.54 ptm 0.90 i_ptm 0.57
119 models [1] recycles 0 hard 0 soft 0 temp 0.64 loss 3.08 i_con 3.04 plddt 0.59 ptm 0.90 i_ptm 0.66
120 models [0] recycles 0 hard 0 soft 0 temp 0.62 loss 3.73 i_con 3.67 plddt 0.41 ptm 0.88 i_ptm 0.45
121 models [0] recycles 0 hard 0 soft 0 temp 0.60 loss 3.44 i_con 3.38 plddt 0.48 ptm 0.89 i_ptm 0.55
122 models [1] recycles 0 hard 0 soft 0 temp 0.58 loss 3.04 i_con 3.00 plddt 0.60 ptm 0.90 i_ptm 0.66
123 models [0] recycles 0 hard 0 soft 0 temp 0.56 loss 3.37 i_con 3.32 plddt 0.53 ptm 0.89 i_ptm 0.58
124 models [1] recycles 0 hard 0 soft 0 temp 0.54 loss 2.91 i_con 2.88 plddt 0.65 ptm 0.91 i_ptm 0.70
125 models [1] recycles 0 hard 0 soft 0 temp 0.52 loss 2.78 i_con 2.75 plddt 0.67 ptm 0.91 i_ptm 0.74
126 models [0] recycles 0 hard 0 soft 0 temp 0.50 loss 3.46 i_con 3.41 plddt 0.52 ptm 0.89 i_ptm 0.57
127 models [1] recycles 0 hard 0 soft 0 temp 0.48 loss 2.69 i_con 2.65 plddt 0.68 ptm 0.91 i_ptm 0.78
128 models [1] recycles 0 hard 0 soft 0 temp 0.46 loss 3.04 i_con 3.00 plddt 0.61 ptm 0.90 i_ptm 0.70
129 models [0] recycles 0 hard 0 soft 0 temp 0.44 loss 3.34 i_con 3.30 plddt 0.55 ptm 0.88 i_ptm 0.62
130 models [1] recycles 0 hard 0 soft 0 temp 0.42 loss 2.89 i_con 2.85 plddt 0.66 ptm 0.91 i_ptm 0.73
131 models [0] recycles 0 hard 0 soft 0 temp 0.40 loss 3.51 i_con 3.46 plddt 0.53 ptm 0.88 i_ptm 0.57
132 models [1] recycles 0 hard 0 soft 0 temp 0.38 loss 2.65 i_con 2.62 plddt 0.70 ptm 0.91 i_ptm 0.79
133 models [0] recycles 0 hard 0 soft 0 temp 0.36 loss 3.21 i_con 3.17 plddt 0.60 ptm 0.89 i_ptm 0.67
134 models [1] recycles 0 hard 0 soft 0 temp 0.34 loss 2.63 i_con 2.60 plddt 0.69 ptm 0.91 i_ptm 0.77
135 models [0] recycles 0 hard 0 soft 0 temp 0.32 loss 3.00 i_con 2.97 plddt 0.62 ptm 0.89 i_ptm 0.68
136 models [0] recycles 0 hard 0 soft 0 temp 0.30 loss 3.23 i_con 3.19 plddt 0.60 ptm 0.89 i_ptm 0.67
137 models [0] recycles 0 hard 0 soft 0 temp 0.28 loss 2.96 i_con 2.93 plddt 0.67 ptm 0.89 i_ptm 0.73
138 models [0] recycles 0 hard 0 soft 0 temp 0.26 loss 2.86 i_con 2.83 plddt 0.68 ptm 0.90 i_ptm 0.75
139 models [0] recycles 0 hard 0 soft 0 temp 0.24 loss 2.80 i_con 2.77 plddt 0.69 ptm 0.89 i_ptm 0.76
140 models [0] recycles 0 hard 0 soft 0 temp 0.22 loss 2.97 i_con 2.94 plddt 0.66 ptm 0.89 i_ptm 0.72
141 models [0] recycles 0 hard 0 soft 0 temp 0.20 loss 2.75 i_con 2.72 plddt 0.67 ptm 0.89 i_ptm 0.74
142 models [1] recycles 0 hard 0 soft 0 temp 0.18 loss 2.36 i_con 2.33 plddt 0.76 ptm 0.91 i_ptm 0.83
143 models [1] recycles 0 hard 0 soft 0 temp 0.16 loss 2.32 i_con 2.30 plddt 0.75 ptm 0.92 i_ptm 0.83
144 models [0] recycles 0 hard 0 soft 0 temp 0.14 loss 2.61 i_con 2.58 plddt 0.73 ptm 0.89 i_ptm 0.79
145 models [0] recycles 0 hard 0 soft 0 temp 0.12 loss 2.95 i_con 2.91 plddt 0.64 ptm 0.89 i_ptm 0.70
146 models [1] recycles 0 hard 0 soft 0 temp 0.10 loss 2.25 i_con 2.22 plddt 0.78 ptm 0.92 i_ptm 0.84
147 models [1] recycles 0 hard 0 soft 0 temp 0.08 loss 2.20 i_con 2.18 plddt 0.77 ptm 0.92 i_ptm 0.84
148 models [0] recycles 0 hard 0 soft 0 temp 0.06 loss 2.44 i_con 2.41 plddt 0.74 ptm 0.90 i_ptm 0.79
149 models [0] recycles 0 hard 0 soft 0 temp 0.04 loss 2.45 i_con 2.42 plddt 0.75 ptm 0.90 i_ptm 0.80
150 models [1] recycles 0 hard 0 soft 0 temp 0.02 loss 2.48 i_con 2.46 plddt 0.75 ptm 0.91 i_ptm 0.81
151 models [0] recycles 0 hard 1 soft 0 temp 0.00 loss 4.06 i_con 4.15 plddt 0.39 ptm 0.88 i_ptm 0.27 energy -2.90
152 models [0] recycles 0 hard 1 soft 0 temp 0.00 loss 4.06 i_con 4.15 plddt 0.39 ptm 0.88 i_ptm 0.27 energy -2.90
153 models [0] recycles 0 hard 1 soft 0 temp 0.00 loss 4.06 i_con 4.15 plddt 0.39 ptm 0.88 i_ptm 0.27 energy -2.90
154 models [1] recycles 0 hard 1 soft 0 temp 0.00 loss 4.07 i_con 4.15 plddt 0.37 ptm 0.89 i_ptm 0.27 energy -2.90
155 models [1] recycles 0 hard 1 soft 0 temp 0.00 loss 4.07 i_con 4.15 plddt 0.37 ptm 0.89 i_ptm 0.27 energy -2.90
156 models [1] recycles 0 hard 1 soft 0 temp 0.00 loss 4.07 i_con 4.15 plddt 0.37 ptm 0.89 i_ptm 0.27 energy -2.90
157 models [0] recycles 0 hard 1 soft 0 temp 0.00 loss 4.06 i_con 4.15 plddt 0.39 ptm 0.88 i_ptm 0.27 energy -2.90
158 models [1] recycles 0 hard 1 soft 0 temp 0.00 loss 4.07 i_con 4.15 plddt 0.37 ptm 0.89 i_ptm 0.27 energy -2.90
159 models [0] recycles 0 hard 1 soft 0 temp 0.00 loss 4.06 i_con 4.15 plddt 0.39 ptm 0.88 i_ptm 0.27 energy -2.90
160 models [0] recycles 0 hard 1 soft 0 temp 0.00 loss 4.06 i_con 4.15 plddt 0.39 ptm 0.88 i_ptm 0.27 energy -2.90
161 models [0] recycles 0 hard 1 soft 0 temp 0.00 loss 4.06 i_con 4.15 plddt 0.39 ptm 0.88 i_ptm 0.27 energy -2.90
162 models [1] recycles 0 hard 1 soft 0 temp 0.00 loss 4.07 i_con 4.15 plddt 0.37 ptm 0.89 i_ptm 0.27 energy -2.90
163 models [0] recycles 0 hard 1 soft 0 temp 0.00 loss 4.06 i_con 4.15 plddt 0.39 ptm 0.88 i_ptm 0.27 energy -2.90
164 models [1] recycles 0 hard 1 soft 0 temp 0.00 loss 4.07 i_con 4.15 plddt 0.37 ptm 0.89 i_ptm 0.27 energy -2.90
165 models [1] recycles 0 hard 1 soft 0 temp 0.00 loss 4.07 i_con 4.15 plddt 0.37 ptm 0.89 i_ptm 0.27 energy -2.90
166 models [1] recycles 0 hard 1 soft 0 temp 0.00 loss 4.07 i_con 4.15 plddt 0.37 ptm 0.89 i_ptm 0.27 energy -2.90
167 models [0] recycles 0 hard 1 soft 0 temp 0.00 loss 4.06 i_con 4.15 plddt 0.39 ptm 0.88 i_ptm 0.27 energy -2.90
168 models [0] recycles 0 hard 1 soft 0 temp 0.00 loss 4.06 i_con 4.15 plddt 0.39 ptm 0.88 i_ptm 0.27 energy -2.90
169 models [1] recycles 0 hard 1 soft 0 temp 0.00 loss 4.07 i_con 4.15 plddt 0.37 ptm 0.89 i_ptm 0.27 energy -2.90
170 models [0] recycles 0 hard 1 soft 0 temp 0.00 loss 4.06 i_con 4.15 plddt 0.39 ptm 0.88 i_ptm 0.27 energy -2.90
171 models [1] recycles 0 hard 1 soft 0 temp 0.00 loss 4.07 i_con 4.15 plddt 0.37 ptm 0.89 i_ptm 0.27 energy -2.90
172 models [1] recycles 0 hard 1 soft 0 temp 0.00 loss 4.07 i_con 4.15 plddt 0.37 ptm 0.89 i_ptm 0.27 energy -2.90
173 models [0] recycles 0 hard 1 soft 0 temp 0.00 loss 4.06 i_con 4.15 plddt 0.39 ptm 0.88 i_ptm 0.27 energy -2.90
174 models [1] recycles 0 hard 1 soft 0 temp 0.00 loss 4.07 i_con 4.15 plddt 0.37 ptm 0.89 i_ptm 0.27 energy -2.90
175 models [1] recycles 0 hard 1 soft 0 temp 0.00 loss 4.07 i_con 4.15 plddt 0.37 ptm 0.89 i_ptm 0.27 energy -2.90
176 models [1] recycles 0 hard 1 soft 0 temp 0.00 loss 4.07 i_con 4.15 plddt 0.37 ptm 0.89 i_ptm 0.27 energy -2.90
177 models [0] recycles 0 hard 1 soft 0 temp 0.00 loss 4.06 i_con 4.15 plddt 0.39 ptm 0.88 i_ptm 0.27 energy -2.90
178 models [1] recycles 0 hard 1 soft 0 temp 0.00 loss 4.07 i_con 4.15 plddt 0.37 ptm 0.89 i_ptm 0.27 energy -2.90
179 models [1] recycles 0 hard 1 soft 0 temp 0.00 loss 4.07 i_con 4.15 plddt 0.37 ptm 0.89 i_ptm 0.27 energy -2.90
180 models [0] recycles 0 hard 1 soft 0 temp 0.00 loss 4.06 i_con 4.15 plddt 0.39 ptm 0.88 i_ptm 0.27 energy -2.90
  seq=AARVPLGEVLLCMLL  loss=4.0615  loss_af=4.2063  energy=-2.8959  i_ptm=0.2656
[3/3] seed=2 ...
1 models [0] recycles 0 hard 0 soft 1 temp 1 loss 7.57 i_con 7.52 plddt 0.55 ptm 0.87 i_ptm 0.12
2 models [1] recycles 0 hard 0 soft 1 temp 1 loss 7.39 i_con 7.34 plddt 0.54 ptm 0.88 i_ptm 0.10
3 models [0] recycles 0 hard 0 soft 1 temp 1 loss 7.59 i_con 7.55 plddt 0.57 ptm 0.86 i_ptm 0.12
4 models [1] recycles 0 hard 0 soft 1 temp 1 loss 7.37 i_con 7.33 plddt 0.57 ptm 0.88 i_ptm 0.09
5 models [0] recycles 0 hard 0 soft 1 temp 1 loss 7.29 i_con 7.25 plddt 0.58 ptm 0.86 i_ptm 0.12
6 models [1] recycles 0 hard 0 soft 1 temp 1 loss 7.02 i_con 6.97 plddt 0.52 ptm 0.88 i_ptm 0.09
7 models [0] recycles 0 hard 0 soft 1 temp 1 loss 6.83 i_con 6.77 plddt 0.45 ptm 0.86 i_ptm 0.12
8 models [1] recycles 0 hard 0 soft 1 temp 1 loss 6.61 i_con 6.56 plddt 0.52 ptm 0.88 i_ptm 0.09
9 models [0] recycles 0 hard 0 soft 1 temp 1 loss 5.76 i_con 5.70 plddt 0.45 ptm 0.86 i_ptm 0.13
10 models [0] recycles 0 hard 0 soft 1 temp 1 loss 5.28 i_con 5.22 plddt 0.40 ptm 0.87 i_ptm 0.14
11 models [1] recycles 0 hard 0 soft 1 temp 1 loss 5.76 i_con 5.71 plddt 0.45 ptm 0.88 i_ptm 0.09
12 models [0] recycles 0 hard 0 soft 1 temp 1 loss 5.30 i_con 5.24 plddt 0.41 ptm 0.86 i_ptm 0.12
13 models [0] recycles 0 hard 0 soft 1 temp 1 loss 5.00 i_con 4.94 plddt 0.37 ptm 0.86 i_ptm 0.15
14 models [0] recycles 0 hard 0 soft 1 temp 1 loss 5.15 i_con 5.09 plddt 0.41 ptm 0.87 i_ptm 0.11
15 models [0] recycles 0 hard 0 soft 1 temp 1 loss 5.02 i_con 4.95 plddt 0.38 ptm 0.86 i_ptm 0.13
16 models [1] recycles 0 hard 0 soft 1 temp 1 loss 5.62 i_con 5.56 plddt 0.42 ptm 0.88 i_ptm 0.09
17 models [1] recycles 0 hard 0 soft 1 temp 1 loss 5.00 i_con 4.94 plddt 0.36 ptm 0.88 i_ptm 0.15
18 models [0] recycles 0 hard 0 soft 1 temp 1 loss 4.80 i_con 4.74 plddt 0.41 ptm 0.87 i_ptm 0.16
19 models [0] recycles 0 hard 0 soft 1 temp 1 loss 4.71 i_con 4.65 plddt 0.37 ptm 0.87 i_ptm 0.13
20 models [0] recycles 0 hard 0 soft 1 temp 1 loss 4.95 i_con 4.89 plddt 0.39 ptm 0.87 i_ptm 0.16
21 models [0] recycles 0 hard 0 soft 1 temp 1 loss 4.66 i_con 4.60 plddt 0.36 ptm 0.86 i_ptm 0.19
22 models [0] recycles 0 hard 0 soft 1 temp 1 loss 4.77 i_con 4.71 plddt 0.37 ptm 0.87 i_ptm 0.17
23 models [1] recycles 0 hard 0 soft 1 temp 1 loss 5.17 i_con 5.11 plddt 0.40 ptm 0.88 i_ptm 0.11
24 models [1] recycles 0 hard 0 soft 1 temp 1 loss 5.64 i_con 5.58 plddt 0.42 ptm 0.88 i_ptm 0.09
25 models [0] recycles 0 hard 0 soft 1 temp 1 loss 4.65 i_con 4.59 plddt 0.36 ptm 0.87 i_ptm 0.18
26 models [1] recycles 0 hard 0 soft 1 temp 1 loss 5.51 i_con 5.45 plddt 0.40 ptm 0.88 i_ptm 0.10
27 models [0] recycles 0 hard 0 soft 1 temp 1 loss 4.45 i_con 4.39 plddt 0.40 ptm 0.87 i_ptm 0.26
28 models [0] recycles 0 hard 0 soft 1 temp 1 loss 4.59 i_con 4.53 plddt 0.40 ptm 0.87 i_ptm 0.20
29 models [0] recycles 0 hard 0 soft 1 temp 1 loss 4.82 i_con 4.75 plddt 0.38 ptm 0.86 i_ptm 0.16
30 models [0] recycles 0 hard 0 soft 1 temp 1 loss 4.46 i_con 4.40 plddt 0.38 ptm 0.87 i_ptm 0.23
31 models [1] recycles 0 hard 0 soft 1 temp 1 loss 5.14 i_con 5.08 plddt 0.36 ptm 0.88 i_ptm 0.16
32 models [1] recycles 0 hard 0 soft 1 temp 1 loss 4.95 i_con 4.88 plddt 0.34 ptm 0.88 i_ptm 0.20
33 models [0] recycles 0 hard 0 soft 1 temp 1 loss 4.48 i_con 4.42 plddt 0.41 ptm 0.87 i_ptm 0.22
34 models [1] recycles 0 hard 0 soft 1 temp 1 loss 5.68 i_con 5.63 plddt 0.43 ptm 0.88 i_ptm 0.09
35 models [1] recycles 0 hard 0 soft 1 temp 1 loss 5.20 i_con 5.13 plddt 0.35 ptm 0.88 i_ptm 0.13
36 models [0] recycles 0 hard 0 soft 1 temp 1 loss 5.19 i_con 5.13 plddt 0.41 ptm 0.86 i_ptm 0.13
37 models [0] recycles 0 hard 0 soft 1 temp 1 loss 4.54 i_con 4.48 plddt 0.40 ptm 0.87 i_ptm 0.22
38 models [0] recycles 0 hard 0 soft 1 temp 1 loss 4.43 i_con 4.37 plddt 0.39 ptm 0.87 i_ptm 0.23
39 models [0] recycles 0 hard 0 soft 1 temp 1 loss 4.46 i_con 4.40 plddt 0.40 ptm 0.87 i_ptm 0.26
40 models [1] recycles 0 hard 0 soft 1 temp 1 loss 5.06 i_con 5.00 plddt 0.35 ptm 0.88 i_ptm 0.13
41 models [0] recycles 0 hard 0 soft 1 temp 1 loss 4.80 i_con 4.74 plddt 0.36 ptm 0.87 i_ptm 0.19
42 models [1] recycles 0 hard 0 soft 1 temp 1 loss 5.09 i_con 5.03 plddt 0.37 ptm 0.88 i_ptm 0.14
43 models [0] recycles 0 hard 0 soft 1 temp 1 loss 4.58 i_con 4.52 plddt 0.38 ptm 0.87 i_ptm 0.25
44 models [1] recycles 0 hard 0 soft 1 temp 1 loss 4.98 i_con 4.92 plddt 0.36 ptm 0.88 i_ptm 0.18
45 models [0] recycles 0 hard 0 soft 1 temp 1 loss 4.40 i_con 4.33 plddt 0.38 ptm 0.87 i_ptm 0.27
46 models [0] recycles 0 hard 0 soft 1 temp 1 loss 4.54 i_con 4.48 plddt 0.40 ptm 0.87 i_ptm 0.21
47 models [1] recycles 0 hard 0 soft 1 temp 1 loss 4.85 i_con 4.79 plddt 0.34 ptm 0.88 i_ptm 0.18
48 models [1] recycles 0 hard 0 soft 1 temp 1 loss 4.73 i_con 4.67 plddt 0.36 ptm 0.88 i_ptm 0.22
49 models [1] recycles 0 hard 0 soft 1 temp 1 loss 4.90 i_con 4.84 plddt 0.36 ptm 0.88 i_ptm 0.21
50 models [1] recycles 0 hard 0 soft 1 temp 1 loss 5.03 i_con 4.97 plddt 0.40 ptm 0.88 i_ptm 0.20
51 models [0] recycles 0 hard 0 soft 1 temp 1 loss 4.98 i_con 4.52 plddt 0.39 ptm 0.87 i_ptm 0.23 energy 8.05
52 models [0] recycles 0 hard 0 soft 1 temp 1 loss 5.08 i_con 4.63 plddt 0.40 ptm 0.86 i_ptm 0.19 energy 7.83
53 models [1] recycles 0 hard 0 soft 1 temp 1 loss 5.19 i_con 4.78 plddt 0.35 ptm 0.88 i_ptm 0.18 energy 7.00
54 models [1] recycles 0 hard 0 soft 1 temp 1 loss 5.02 i_con 4.62 plddt 0.37 ptm 0.88 i_ptm 0.19 energy 6.75
55 models [0] recycles 0 hard 0 soft 1 temp 1 loss 4.84 i_con 4.45 plddt 0.40 ptm 0.87 i_ptm 0.23 energy 6.59
56 models [1] recycles 0 hard 0 soft 1 temp 1 loss 5.57 i_con 5.21 plddt 0.37 ptm 0.88 i_ptm 0.13 energy 5.85
57 models [1] recycles 0 hard 0 soft 1 temp 1 loss 5.32 i_con 4.97 plddt 0.39 ptm 0.88 i_ptm 0.15 energy 5.80
58 models [0] recycles 0 hard 0 soft 1 temp 1 loss 4.47 i_con 4.16 plddt 0.40 ptm 0.87 i_ptm 0.25 energy 5.12
59 models [0] recycles 0 hard 0 soft 1 temp 1 loss 4.62 i_con 4.33 plddt 0.41 ptm 0.87 i_ptm 0.23 energy 4.55
60 models [1] recycles 0 hard 0 soft 1 temp 1 loss 5.12 i_con 4.85 plddt 0.38 ptm 0.88 i_ptm 0.19 energy 4.08
61 models [1] recycles 0 hard 0 soft 1 temp 1 loss 5.00 i_con 4.75 plddt 0.38 ptm 0.88 i_ptm 0.20 energy 3.71
62 models [1] recycles 0 hard 0 soft 1 temp 1 loss 5.13 i_con 4.91 plddt 0.39 ptm 0.88 i_ptm 0.14 energy 3.15
63 models [0] recycles 0 hard 0 soft 1 temp 1 loss 4.67 i_con 4.47 plddt 0.40 ptm 0.87 i_ptm 0.22 energy 2.84
64 models [1] recycles 0 hard 0 soft 1 temp 1 loss 5.24 i_con 5.05 plddt 0.42 ptm 0.88 i_ptm 0.13 energy 2.53
65 models [1] recycles 0 hard 0 soft 1 temp 1 loss 4.94 i_con 4.77 plddt 0.39 ptm 0.88 i_ptm 0.14 energy 2.14
66 models [0] recycles 0 hard 0 soft 1 temp 1 loss 4.29 i_con 4.15 plddt 0.38 ptm 0.87 i_ptm 0.25 energy 1.59
67 models [0] recycles 0 hard 0 soft 1 temp 1 loss 4.49 i_con 4.37 plddt 0.41 ptm 0.87 i_ptm 0.23 energy 1.33
68 models [1] recycles 0 hard 0 soft 1 temp 1 loss 4.70 i_con 4.59 plddt 0.34 ptm 0.88 i_ptm 0.20 energy 0.92
69 models [0] recycles 0 hard 0 soft 1 temp 1 loss 4.38 i_con 4.28 plddt 0.43 ptm 0.87 i_ptm 0.26 energy 0.93
70 models [1] recycles 0 hard 0 soft 1 temp 1 loss 4.91 i_con 4.81 plddt 0.37 ptm 0.88 i_ptm 0.17 energy 0.75
71 models [1] recycles 0 hard 0 soft 1 temp 1 loss 4.50 i_con 4.41 plddt 0.35 ptm 0.89 i_ptm 0.23 energy 0.60
72 models [1] recycles 0 hard 0 soft 1 temp 1 loss 4.64 i_con 4.57 plddt 0.35 ptm 0.88 i_ptm 0.21 energy 0.29
73 models [1] recycles 0 hard 0 soft 1 temp 1 loss 4.32 i_con 4.25 plddt 0.38 ptm 0.88 i_ptm 0.25 energy 0.19
74 models [1] recycles 0 hard 0 soft 1 temp 1 loss 4.69 i_con 4.65 plddt 0.36 ptm 0.88 i_ptm 0.20 energy -0.65
75 models [0] recycles 0 hard 0 soft 1 temp 1 loss 4.32 i_con 4.30 plddt 0.39 ptm 0.87 i_ptm 0.24 energy -0.76
76 models [1] recycles 0 hard 0 soft 1 temp 1 loss 4.81 i_con 4.79 plddt 0.36 ptm 0.88 i_ptm 0.18 energy -0.73
77 models [0] recycles 0 hard 0 soft 1 temp 1 loss 4.20 i_con 4.19 plddt 0.39 ptm 0.87 i_ptm 0.27 energy -0.94
78 models [0] recycles 0 hard 0 soft 1 temp 1 loss 4.25 i_con 4.26 plddt 0.40 ptm 0.87 i_ptm 0.24 energy -1.35
79 models [0] recycles 0 hard 0 soft 1 temp 1 loss 4.19 i_con 4.21 plddt 0.40 ptm 0.87 i_ptm 0.27 energy -1.61
80 models [1] recycles 0 hard 0 soft 1 temp 1 loss 4.15 i_con 4.17 plddt 0.35 ptm 0.89 i_ptm 0.26 energy -1.57
81 models [1] recycles 0 hard 0 soft 1 temp 1 loss 4.31 i_con 4.33 plddt 0.34 ptm 0.89 i_ptm 0.23 energy -1.74
82 models [1] recycles 0 hard 0 soft 1 temp 1 loss 4.26 i_con 4.29 plddt 0.36 ptm 0.88 i_ptm 0.24 energy -1.93
83 models [0] recycles 0 hard 0 soft 1 temp 1 loss 4.24 i_con 4.27 plddt 0.38 ptm 0.87 i_ptm 0.23 energy -2.02
84 models [1] recycles 0 hard 0 soft 1 temp 1 loss 4.37 i_con 4.42 plddt 0.34 ptm 0.88 i_ptm 0.21 energy -2.45
85 models [0] recycles 0 hard 0 soft 1 temp 1 loss 3.99 i_con 4.05 plddt 0.39 ptm 0.87 i_ptm 0.29 energy -2.56
86 models [0] recycles 0 hard 0 soft 1 temp 1 loss 4.34 i_con 4.40 plddt 0.39 ptm 0.87 i_ptm 0.21 energy -2.48
87 models [0] recycles 0 hard 0 soft 1 temp 1 loss 4.37 i_con 4.43 plddt 0.36 ptm 0.87 i_ptm 0.20 energy -2.60
88 models [0] recycles 0 hard 0 soft 1 temp 1 loss 3.99 i_con 4.08 plddt 0.41 ptm 0.87 i_ptm 0.30 energy -2.92
89 models [1] recycles 0 hard 0 soft 1 temp 1 loss 4.55 i_con 4.65 plddt 0.33 ptm 0.88 i_ptm 0.18 energy -3.22
90 models [1] recycles 0 hard 0 soft 1 temp 1 loss 4.09 i_con 4.19 plddt 0.36 ptm 0.89 i_ptm 0.22 energy -3.26
91 models [1] recycles 0 hard 0 soft 1 temp 1 loss 4.08 i_con 4.19 plddt 0.36 ptm 0.89 i_ptm 0.26 energy -3.34
92 models [0] recycles 0 hard 0 soft 1 temp 1 loss 4.26 i_con 4.37 plddt 0.39 ptm 0.87 i_ptm 0.22 energy -3.59
93 models [1] recycles 0 hard 0 soft 1 temp 1 loss 3.94 i_con 4.05 plddt 0.41 ptm 0.89 i_ptm 0.31 energy -3.54
94 models [0] recycles 0 hard 0 soft 1 temp 1 loss 4.09 i_con 4.22 plddt 0.40 ptm 0.87 i_ptm 0.24 energy -3.77
95 models [0] recycles 0 hard 0 soft 1 temp 1 loss 4.19 i_con 4.32 plddt 0.39 ptm 0.87 i_ptm 0.23 energy -3.71
96 models [1] recycles 0 hard 0 soft 1 temp 1 loss 4.15 i_con 4.28 plddt 0.36 ptm 0.88 i_ptm 0.25 energy -3.71
97 models [1] recycles 0 hard 0 soft 1 temp 1 loss 4.06 i_con 4.19 plddt 0.37 ptm 0.89 i_ptm 0.26 energy -3.77
98 models [0] recycles 0 hard 0 soft 1 temp 1 loss 4.81 i_con 4.94 plddt 0.38 ptm 0.87 i_ptm 0.14 energy -3.79
99 models [1] recycles 0 hard 0 soft 1 temp 1 loss 4.28 i_con 4.40 plddt 0.39 ptm 0.89 i_ptm 0.24 energy -3.65
100 models [1] recycles 0 hard 0 soft 1 temp 1 loss 3.99 i_con 4.12 plddt 0.44 ptm 0.89 i_ptm 0.29 energy -3.77
101 models [1] recycles 0 hard 0 soft 0 temp 1 loss 7.49 i_con 7.45 plddt 0.63 ptm 0.88 i_ptm 0.09
102 models [0] recycles 0 hard 0 soft 0 temp 0.98 loss 4.96 i_con 4.90 plddt 0.42 ptm 0.87 i_ptm 0.24
103 models [0] recycles 0 hard 0 soft 0 temp 0.96 loss 4.47 i_con 4.42 plddt 0.42 ptm 0.87 i_ptm 0.28
104 models [1] recycles 0 hard 0 soft 0 temp 0.94 loss 4.32 i_con 4.26 plddt 0.41 ptm 0.89 i_ptm 0.27
105 models [1] recycles 0 hard 0 soft 0 temp 0.92 loss 3.83 i_con 3.78 plddt 0.47 ptm 0.89 i_ptm 0.43
106 models [0] recycles 0 hard 0 soft 0 temp 0.90 loss 3.86 i_con 3.80 plddt 0.44 ptm 0.88 i_ptm 0.41
107 models [0] recycles 0 hard 0 soft 0 temp 0.88 loss 3.75 i_con 3.70 plddt 0.46 ptm 0.88 i_ptm 0.43
108 models [0] recycles 0 hard 0 soft 0 temp 0.86 loss 3.84 i_con 3.78 plddt 0.43 ptm 0.87 i_ptm 0.40
109 models [0] recycles 0 hard 0 soft 0 temp 0.84 loss 3.80 i_con 3.75 plddt 0.48 ptm 0.88 i_ptm 0.47
110 models [0] recycles 0 hard 0 soft 0 temp 0.82 loss 3.47 i_con 3.42 plddt 0.53 ptm 0.88 i_ptm 0.56
111 models [1] recycles 0 hard 0 soft 0 temp 0.80 loss 2.99 i_con 2.96 plddt 0.63 ptm 0.91 i_ptm 0.69
112 models [1] recycles 0 hard 0 soft 0 temp 0.78 loss 3.21 i_con 3.17 plddt 0.58 ptm 0.91 i_ptm 0.64
113 models [1] recycles 0 hard 0 soft 0 temp 0.76 loss 3.07 i_con 3.03 plddt 0.59 ptm 0.90 i_ptm 0.65
114 models [1] recycles 0 hard 0 soft 0 temp 0.74 loss 2.72 i_con 2.68 plddt 0.66 ptm 0.91 i_ptm 0.73
115 models [1] recycles 0 hard 0 soft 0 temp 0.72 loss 3.10 i_con 3.07 plddt 0.61 ptm 0.91 i_ptm 0.67
116 models [0] recycles 0 hard 0 soft 0 temp 0.70 loss 3.51 i_con 3.46 plddt 0.53 ptm 0.88 i_ptm 0.57
117 models [1] recycles 0 hard 0 soft 0 temp 0.68 loss 2.90 i_con 2.87 plddt 0.63 ptm 0.91 i_ptm 0.75
118 models [1] recycles 0 hard 0 soft 0 temp 0.66 loss 3.01 i_con 2.98 plddt 0.63 ptm 0.91 i_ptm 0.71
119 models [1] recycles 0 hard 0 soft 0 temp 0.64 loss 2.90 i_con 2.87 plddt 0.65 ptm 0.91 i_ptm 0.74
120 models [1] recycles 0 hard 0 soft 0 temp 0.62 loss 2.90 i_con 2.86 plddt 0.64 ptm 0.91 i_ptm 0.72
121 models [0] recycles 0 hard 0 soft 0 temp 0.60 loss 3.48 i_con 3.43 plddt 0.51 ptm 0.88 i_ptm 0.55
122 models [0] recycles 0 hard 0 soft 0 temp 0.58 loss 3.24 i_con 3.20 plddt 0.58 ptm 0.89 i_ptm 0.64
123 models [0] recycles 0 hard 0 soft 0 temp 0.56 loss 3.50 i_con 3.45 plddt 0.49 ptm 0.88 i_ptm 0.56
124 models [0] recycles 0 hard 0 soft 0 temp 0.54 loss 3.19 i_con 3.15 plddt 0.58 ptm 0.89 i_ptm 0.66
125 models [1] recycles 0 hard 0 soft 0 temp 0.52 loss 3.00 i_con 2.96 plddt 0.62 ptm 0.91 i_ptm 0.71
126 models [1] recycles 0 hard 0 soft 0 temp 0.50 loss 2.85 i_con 2.82 plddt 0.66 ptm 0.91 i_ptm 0.74
127 models [1] recycles 0 hard 0 soft 0 temp 0.48 loss 2.78 i_con 2.75 plddt 0.66 ptm 0.91 i_ptm 0.76
128 models [1] recycles 0 hard 0 soft 0 temp 0.46 loss 2.68 i_con 2.65 plddt 0.65 ptm 0.91 i_ptm 0.74
129 models [0] recycles 0 hard 0 soft 0 temp 0.44 loss 3.13 i_con 3.09 plddt 0.59 ptm 0.89 i_ptm 0.65
130 models [1] recycles 0 hard 0 soft 0 temp 0.42 loss 2.56 i_con 2.53 plddt 0.71 ptm 0.91 i_ptm 0.79
131 models [1] recycles 0 hard 0 soft 0 temp 0.40 loss 2.67 i_con 2.63 plddt 0.68 ptm 0.91 i_ptm 0.78
132 models [1] recycles 0 hard 0 soft 0 temp 0.38 loss 2.40 i_con 2.37 plddt 0.71 ptm 0.91 i_ptm 0.80
133 models [0] recycles 0 hard 0 soft 0 temp 0.36 loss 3.23 i_con 3.19 plddt 0.58 ptm 0.89 i_ptm 0.66
134 models [1] recycles 0 hard 0 soft 0 temp 0.34 loss 2.59 i_con 2.56 plddt 0.68 ptm 0.91 i_ptm 0.77
135 models [0] recycles 0 hard 0 soft 0 temp 0.32 loss 3.08 i_con 3.04 plddt 0.62 ptm 0.89 i_ptm 0.71
136 models [0] recycles 0 hard 0 soft 0 temp 0.30 loss 3.37 i_con 3.32 plddt 0.53 ptm 0.88 i_ptm 0.59
137 models [1] recycles 0 hard 0 soft 0 temp 0.28 loss 2.77 i_con 2.74 plddt 0.65 ptm 0.91 i_ptm 0.76
138 models [0] recycles 0 hard 0 soft 0 temp 0.26 loss 3.30 i_con 3.25 plddt 0.55 ptm 0.89 i_ptm 0.66
139 models [0] recycles 0 hard 0 soft 0 temp 0.24 loss 2.99 i_con 2.95 plddt 0.62 ptm 0.89 i_ptm 0.72
140 models [0] recycles 0 hard 0 soft 0 temp 0.22 loss 2.95 i_con 2.91 plddt 0.65 ptm 0.89 i_ptm 0.73
141 models [1] recycles 0 hard 0 soft 0 temp 0.20 loss 2.68 i_con 2.64 plddt 0.68 ptm 0.91 i_ptm 0.77
142 models [1] recycles 0 hard 0 soft 0 temp 0.18 loss 2.51 i_con 2.48 plddt 0.70 ptm 0.91 i_ptm 0.78
143 models [1] recycles 0 hard 0 soft 0 temp 0.16 loss 2.44 i_con 2.41 plddt 0.73 ptm 0.91 i_ptm 0.82
144 models [0] recycles 0 hard 0 soft 0 temp 0.14 loss 2.97 i_con 2.93 plddt 0.63 ptm 0.89 i_ptm 0.72
145 models [0] recycles 0 hard 0 soft 0 temp 0.12 loss 2.96 i_con 2.92 plddt 0.62 ptm 0.89 i_ptm 0.71
146 models [1] recycles 0 hard 0 soft 0 temp 0.10 loss 2.84 i_con 2.80 plddt 0.64 ptm 0.91 i_ptm 0.73
147 models [1] recycles 0 hard 0 soft 0 temp 0.08 loss 2.26 i_con 2.23 plddt 0.74 ptm 0.91 i_ptm 0.83
148 models [1] recycles 0 hard 0 soft 0 temp 0.06 loss 2.25 i_con 2.22 plddt 0.75 ptm 0.92 i_ptm 0.84
149 models [0] recycles 0 hard 0 soft 0 temp 0.04 loss 2.91 i_con 2.88 plddt 0.64 ptm 0.89 i_ptm 0.70
150 models [1] recycles 0 hard 0 soft 0 temp 0.02 loss 2.29 i_con 2.27 plddt 0.76 ptm 0.91 i_ptm 0.85
151 models [0] recycles 0 hard 1 soft 0 temp 0.00 loss 3.72 i_con 3.85 plddt 0.39 ptm 0.88 i_ptm 0.40 energy -3.76
152 models [0] recycles 0 hard 1 soft 0 temp 0.00 loss 3.72 i_con 3.85 plddt 0.39 ptm 0.88 i_ptm 0.40 energy -3.76
153 models [0] recycles 0 hard 1 soft 0 temp 0.00 loss 3.72 i_con 3.85 plddt 0.39 ptm 0.88 i_ptm 0.40 energy -3.76
154 models [0] recycles 0 hard 1 soft 0 temp 0.00 loss 3.72 i_con 3.85 plddt 0.39 ptm 0.88 i_ptm 0.40 energy -3.76
155 models [0] recycles 0 hard 1 soft 0 temp 0.00 loss 3.72 i_con 3.85 plddt 0.39 ptm 0.88 i_ptm 0.40 energy -3.76
156 models [0] recycles 0 hard 1 soft 0 temp 0.00 loss 3.72 i_con 3.85 plddt 0.39 ptm 0.88 i_ptm 0.40 energy -3.76
157 models [0] recycles 0 hard 1 soft 0 temp 0.00 loss 3.72 i_con 3.85 plddt 0.39 ptm 0.88 i_ptm 0.40 energy -3.76
158 models [0] recycles 0 hard 1 soft 0 temp 0.00 loss 3.72 i_con 3.85 plddt 0.39 ptm 0.88 i_ptm 0.40 energy -3.76
159 models [0] recycles 0 hard 1 soft 0 temp 0.00 loss 3.72 i_con 3.85 plddt 0.39 ptm 0.88 i_ptm 0.40 energy -3.76
160 models [0] recycles 0 hard 1 soft 0 temp 0.00 loss 3.72 i_con 3.85 plddt 0.39 ptm 0.88 i_ptm 0.40 energy -3.76
161 models [1] recycles 0 hard 1 soft 0 temp 0.00 loss 3.45 i_con 3.59 plddt 0.44 ptm 0.90 i_ptm 0.52 energy -3.76
162 models [1] recycles 0 hard 1 soft 0 temp 0.00 loss 3.45 i_con 3.59 plddt 0.44 ptm 0.90 i_ptm 0.52 energy -3.76
163 models [1] recycles 0 hard 1 soft 0 temp 0.00 loss 3.45 i_con 3.59 plddt 0.44 ptm 0.90 i_ptm 0.52 energy -3.76
164 models [1] recycles 0 hard 1 soft 0 temp 0.00 loss 3.45 i_con 3.59 plddt 0.44 ptm 0.90 i_ptm 0.52 energy -3.76
165 models [0] recycles 0 hard 1 soft 0 temp 0.00 loss 3.72 i_con 3.85 plddt 0.39 ptm 0.88 i_ptm 0.40 energy -3.76
166 models [1] recycles 0 hard 1 soft 0 temp 0.00 loss 3.45 i_con 3.59 plddt 0.44 ptm 0.90 i_ptm 0.52 energy -3.76
167 models [1] recycles 0 hard 1 soft 0 temp 0.00 loss 3.45 i_con 3.59 plddt 0.44 ptm 0.90 i_ptm 0.52 energy -3.76
168 models [0] recycles 0 hard 1 soft 0 temp 0.00 loss 3.72 i_con 3.85 plddt 0.39 ptm 0.88 i_ptm 0.40 energy -3.76
169 models [1] recycles 0 hard 1 soft 0 temp 0.00 loss 3.45 i_con 3.59 plddt 0.44 ptm 0.90 i_ptm 0.52 energy -3.76
170 models [1] recycles 0 hard 1 soft 0 temp 0.00 loss 3.45 i_con 3.59 plddt 0.44 ptm 0.90 i_ptm 0.52 energy -3.76
171 models [0] recycles 0 hard 1 soft 0 temp 0.00 loss 3.72 i_con 3.85 plddt 0.39 ptm 0.88 i_ptm 0.40 energy -3.76
172 models [1] recycles 0 hard 1 soft 0 temp 0.00 loss 3.45 i_con 3.59 plddt 0.44 ptm 0.90 i_ptm 0.52 energy -3.76
173 models [1] recycles 0 hard 1 soft 0 temp 0.00 loss 3.45 i_con 3.59 plddt 0.44 ptm 0.90 i_ptm 0.52 energy -3.76
174 models [1] recycles 0 hard 1 soft 0 temp 0.00 loss 3.45 i_con 3.59 plddt 0.44 ptm 0.90 i_ptm 0.52 energy -3.76
175 models [0] recycles 0 hard 1 soft 0 temp 0.00 loss 3.72 i_con 3.85 plddt 0.39 ptm 0.88 i_ptm 0.40 energy -3.76
176 models [1] recycles 0 hard 1 soft 0 temp 0.00 loss 3.45 i_con 3.59 plddt 0.44 ptm 0.90 i_ptm 0.52 energy -3.76
177 models [1] recycles 0 hard 1 soft 0 temp 0.00 loss 3.45 i_con 3.59 plddt 0.44 ptm 0.90 i_ptm 0.52 energy -3.76
178 models [1] recycles 0 hard 1 soft 0 temp 0.00 loss 3.45 i_con 3.59 plddt 0.44 ptm 0.90 i_ptm 0.52 energy -3.76
179 models [0] recycles 0 hard 1 soft 0 temp 0.00 loss 3.72 i_con 3.85 plddt 0.39 ptm 0.88 i_ptm 0.40 energy -3.76
180 models [0] recycles 0 hard 1 soft 0 temp 0.00 loss 3.72 i_con 3.85 plddt 0.39 ptm 0.88 i_ptm 0.40 energy -3.76
  seq=AAAGGDALLNLLFEC  loss=3.7220  loss_af=3.9100  energy=-3.7599  i_ptm=0.3977

Saved 3 results to /home/share_nfs/342-Projets_BGE/342.3-Gen-Chem/342.3.2-BioInfo/342.3.2.8-SeqModels/protein_design/colabdesign_energy_guidance/prg/PA_PB1/sweep_results/sweep_ewlow0.00_ewhigh0.05.json

================================================================================
SUMMARY
================================================================================
 seed  loss_total   loss_af    energy   i_ptm     ptm   plddt  seq
--------------------------------------------------------------------------------
    0      3.8791    3.9199   -0.8159  0.3917  0.8976  0.4021  AAFSPAELVLLLCLN
    1      4.0615    4.2063   -2.8959  0.2656  0.8757  0.3901  AARVPLGEVLLCMLL
    2      3.7220    3.9100   -3.7599  0.3977  0.8794  0.3941  AAAGGDALLNLLFEC
---------------------------------------------
End time : Wed Mar 11 17:11:52 CET 2026
