Job ID       : 289991
Array task   : 4  →  protocol: opt_hard_noenergy
Node         : aar018
Start time   : Fri Apr  3 10:39:41 CEST 2026
---------------------------------------------
Fri Apr  3 10:39:41 2026       
+-----------------------------------------------------------------------------------------+
| NVIDIA-SMI 560.35.03              Driver Version: 560.35.03      CUDA Version: 12.6     |
|-----------------------------------------+------------------------+----------------------+
| GPU  Name                 Persistence-M | Bus-Id          Disp.A | Volatile Uncorr. ECC |
| Fan  Temp   Perf          Pwr:Usage/Cap |           Memory-Usage | GPU-Util  Compute M. |
|                                         |                        |               MIG M. |
|=========================================+========================+======================|
|   0  NVIDIA A30                     Off |   00000000:65:00.0 Off |                    0 |
| N/A   31C    P0             33W /  165W |       1MiB /  24576MiB |      0%      Default |
|                                         |                        |             Disabled |
+-----------------------------------------+------------------------+----------------------+
                                                                                         
+-----------------------------------------------------------------------------------------+
| Processes:                                                                              |
---------------------------------------------
JAX devices: [cuda(id=0)]
GPU check passed: cuda:0
Output file  : /home/share_nfs/342-Projets_BGE/342.3-Gen-Chem/342.3.2-BioInfo/342.3.2.8-SeqModels/protein_design/colabdesign_energy_guidance/prg/PA_PB1/results/opt_hard_noenergy.json
Running protocol: opt_hard_noenergy ...
py3Dmol not installed
/home/share_nfs/342-Projets_BGE/342.3-Gen-Chem/342.3.2-BioInfo/342.3.2.8-SeqModels/protein_design/energy_model_params/PAPB1pep/PNB_2R_3lay_negbinom_energy_model_weights.json
[1/5] input=CHGYVYDHHKNQEVL  seed=0 ...
1 models [1] recycles 0 hard 1 soft 0 temp 0.00 loss 6.54 i_con 6.48 plddt 0.36 ptm 0.89 i_ptm 0.13
2 models [0] recycles 0 hard 1 soft 0 temp 0.00 loss 5.98 i_con 5.90 plddt 0.28 ptm 0.87 i_ptm 0.14
3 models [0] recycles 0 hard 1 soft 0 temp 0.00 loss 5.98 i_con 5.90 plddt 0.28 ptm 0.87 i_ptm 0.14
4 models [1] recycles 0 hard 1 soft 0 temp 0.00 loss 6.54 i_con 6.48 plddt 0.36 ptm 0.89 i_ptm 0.13
5 models [0] recycles 0 hard 1 soft 0 temp 0.00 loss 5.98 i_con 5.90 plddt 0.28 ptm 0.87 i_ptm 0.14
6 models [0] recycles 0 hard 1 soft 0 temp 0.00 loss 5.98 i_con 5.90 plddt 0.28 ptm 0.87 i_ptm 0.14
7 models [0] recycles 0 hard 1 soft 0 temp 0.00 loss 5.98 i_con 5.90 plddt 0.28 ptm 0.87 i_ptm 0.14
8 models [0] recycles 0 hard 1 soft 0 temp 0.00 loss 5.98 i_con 5.90 plddt 0.28 ptm 0.87 i_ptm 0.14
9 models [0] recycles 0 hard 1 soft 0 temp 0.00 loss 5.98 i_con 5.90 plddt 0.28 ptm 0.87 i_ptm 0.14
10 models [0] recycles 0 hard 1 soft 0 temp 0.00 loss 5.98 i_con 5.90 plddt 0.28 ptm 0.87 i_ptm 0.14
11 models [0] recycles 0 hard 1 soft 0 temp 0.00 loss 5.98 i_con 5.90 plddt 0.28 ptm 0.87 i_ptm 0.14
12 models [1] recycles 0 hard 1 soft 0 temp 0.00 loss 6.54 i_con 6.48 plddt 0.36 ptm 0.89 i_ptm 0.13
13 models [1] recycles 0 hard 1 soft 0 temp 0.00 loss 6.54 i_con 6.48 plddt 0.36 ptm 0.89 i_ptm 0.13
14 models [0] recycles 0 hard 1 soft 0 temp 0.00 loss 5.98 i_con 5.90 plddt 0.28 ptm 0.87 i_ptm 0.14
15 models [1] recycles 0 hard 1 soft 0 temp 0.00 loss 6.54 i_con 6.48 plddt 0.36 ptm 0.89 i_ptm 0.13
16 models [1] recycles 0 hard 1 soft 0 temp 0.00 loss 6.54 i_con 6.48 plddt 0.36 ptm 0.89 i_ptm 0.13
17 models [1] recycles 0 hard 1 soft 0 temp 0.00 loss 6.54 i_con 6.48 plddt 0.36 ptm 0.89 i_ptm 0.13
18 models [1] recycles 0 hard 1 soft 0 temp 0.00 loss 6.54 i_con 6.48 plddt 0.36 ptm 0.89 i_ptm 0.13
19 models [1] recycles 0 hard 1 soft 0 temp 0.00 loss 6.54 i_con 6.48 plddt 0.36 ptm 0.89 i_ptm 0.13
20 models [0] recycles 0 hard 1 soft 0 temp 0.00 loss 5.98 i_con 5.90 plddt 0.28 ptm 0.87 i_ptm 0.14
21 models [1] recycles 0 hard 1 soft 0 temp 0.00 loss 6.54 i_con 6.48 plddt 0.36 ptm 0.89 i_ptm 0.13
22 models [0] recycles 0 hard 1 soft 0 temp 0.00 loss 5.98 i_con 5.90 plddt 0.28 ptm 0.87 i_ptm 0.14
23 models [0] recycles 0 hard 1 soft 0 temp 0.00 loss 5.98 i_con 5.90 plddt 0.28 ptm 0.87 i_ptm 0.14
24 models [1] recycles 0 hard 1 soft 0 temp 0.00 loss 6.54 i_con 6.48 plddt 0.36 ptm 0.89 i_ptm 0.13
25 models [1] recycles 0 hard 1 soft 0 temp 0.00 loss 6.54 i_con 6.48 plddt 0.36 ptm 0.89 i_ptm 0.13
26 models [0] recycles 0 hard 1 soft 0 temp 0.00 loss 5.98 i_con 5.90 plddt 0.28 ptm 0.87 i_ptm 0.14
27 models [0] recycles 0 hard 1 soft 0 temp 0.00 loss 5.98 i_con 5.90 plddt 0.28 ptm 0.87 i_ptm 0.14
28 models [0] recycles 0 hard 1 soft 0 temp 0.00 loss 5.98 i_con 5.90 plddt 0.28 ptm 0.87 i_ptm 0.14
29 models [0] recycles 0 hard 1 soft 0 temp 0.00 loss 5.98 i_con 5.90 plddt 0.28 ptm 0.87 i_ptm 0.14
30 models [1] recycles 0 hard 1 soft 0 temp 0.00 loss 6.54 i_con 6.48 plddt 0.36 ptm 0.89 i_ptm 0.13
  → seq=CHGYVYDHHKNQEVL  loss=6.5397  loss_af=6.5397  energy=-0.2282  i_ptm=0.1261
[2/5] input=YVCNVYDHFARKEVL  seed=0 ...
1 models [1] recycles 0 hard 1 soft 0 temp 0.00 loss 5.50 i_con 5.44 plddt 0.33 ptm 0.89 i_ptm 0.12
2 models [0] recycles 0 hard 1 soft 0 temp 0.00 loss 5.17 i_con 5.09 plddt 0.27 ptm 0.87 i_ptm 0.14
3 models [0] recycles 0 hard 1 soft 0 temp 0.00 loss 5.17 i_con 5.09 plddt 0.27 ptm 0.87 i_ptm 0.14
4 models [1] recycles 0 hard 1 soft 0 temp 0.00 loss 5.50 i_con 5.44 plddt 0.33 ptm 0.89 i_ptm 0.12
5 models [0] recycles 0 hard 1 soft 0 temp 0.00 loss 5.17 i_con 5.09 plddt 0.27 ptm 0.87 i_ptm 0.14
6 models [0] recycles 0 hard 1 soft 0 temp 0.00 loss 5.17 i_con 5.09 plddt 0.27 ptm 0.87 i_ptm 0.14
7 models [0] recycles 0 hard 1 soft 0 temp 0.00 loss 5.17 i_con 5.09 plddt 0.27 ptm 0.87 i_ptm 0.14
8 models [0] recycles 0 hard 1 soft 0 temp 0.00 loss 5.17 i_con 5.09 plddt 0.27 ptm 0.87 i_ptm 0.14
9 models [0] recycles 0 hard 1 soft 0 temp 0.00 loss 5.17 i_con 5.09 plddt 0.27 ptm 0.87 i_ptm 0.14
10 models [0] recycles 0 hard 1 soft 0 temp 0.00 loss 5.17 i_con 5.09 plddt 0.27 ptm 0.87 i_ptm 0.14
11 models [0] recycles 0 hard 1 soft 0 temp 0.00 loss 5.17 i_con 5.09 plddt 0.27 ptm 0.87 i_ptm 0.14
12 models [1] recycles 0 hard 1 soft 0 temp 0.00 loss 5.50 i_con 5.44 plddt 0.33 ptm 0.89 i_ptm 0.12
13 models [1] recycles 0 hard 1 soft 0 temp 0.00 loss 5.50 i_con 5.44 plddt 0.33 ptm 0.89 i_ptm 0.12
14 models [0] recycles 0 hard 1 soft 0 temp 0.00 loss 5.17 i_con 5.09 plddt 0.27 ptm 0.87 i_ptm 0.14
15 models [1] recycles 0 hard 1 soft 0 temp 0.00 loss 5.50 i_con 5.44 plddt 0.33 ptm 0.89 i_ptm 0.12
16 models [1] recycles 0 hard 1 soft 0 temp 0.00 loss 5.50 i_con 5.44 plddt 0.33 ptm 0.89 i_ptm 0.12
17 models [1] recycles 0 hard 1 soft 0 temp 0.00 loss 5.50 i_con 5.44 plddt 0.33 ptm 0.89 i_ptm 0.12
18 models [1] recycles 0 hard 1 soft 0 temp 0.00 loss 5.50 i_con 5.44 plddt 0.33 ptm 0.89 i_ptm 0.12
19 models [1] recycles 0 hard 1 soft 0 temp 0.00 loss 5.50 i_con 5.44 plddt 0.33 ptm 0.89 i_ptm 0.12
20 models [0] recycles 0 hard 1 soft 0 temp 0.00 loss 5.17 i_con 5.09 plddt 0.27 ptm 0.87 i_ptm 0.14
21 models [1] recycles 0 hard 1 soft 0 temp 0.00 loss 5.50 i_con 5.44 plddt 0.33 ptm 0.89 i_ptm 0.12
22 models [0] recycles 0 hard 1 soft 0 temp 0.00 loss 5.17 i_con 5.09 plddt 0.27 ptm 0.87 i_ptm 0.14
23 models [0] recycles 0 hard 1 soft 0 temp 0.00 loss 5.17 i_con 5.09 plddt 0.27 ptm 0.87 i_ptm 0.14
24 models [1] recycles 0 hard 1 soft 0 temp 0.00 loss 5.50 i_con 5.44 plddt 0.33 ptm 0.89 i_ptm 0.12
25 models [1] recycles 0 hard 1 soft 0 temp 0.00 loss 5.50 i_con 5.44 plddt 0.33 ptm 0.89 i_ptm 0.12
26 models [0] recycles 0 hard 1 soft 0 temp 0.00 loss 5.17 i_con 5.09 plddt 0.27 ptm 0.87 i_ptm 0.14
27 models [0] recycles 0 hard 1 soft 0 temp 0.00 loss 5.17 i_con 5.09 plddt 0.27 ptm 0.87 i_ptm 0.14
28 models [0] recycles 0 hard 1 soft 0 temp 0.00 loss 5.17 i_con 5.09 plddt 0.27 ptm 0.87 i_ptm 0.14
29 models [0] recycles 0 hard 1 soft 0 temp 0.00 loss 5.17 i_con 5.09 plddt 0.27 ptm 0.87 i_ptm 0.14
30 models [1] recycles 0 hard 1 soft 0 temp 0.00 loss 5.50 i_con 5.44 plddt 0.33 ptm 0.89 i_ptm 0.12
  → seq=YVCNVYDHFARKEVL  loss=5.5046  loss_af=5.5046  energy=1.2571  i_ptm=0.1248
[3/5] input=YHPQVEGSPEMKKCL  seed=0 ...
1 models [1] recycles 0 hard 1 soft 0 temp 0.00 loss 6.65 i_con 6.59 plddt 0.39 ptm 0.89 i_ptm 0.11
2 models [0] recycles 0 hard 1 soft 0 temp 0.00 loss 6.50 i_con 6.43 plddt 0.30 ptm 0.87 i_ptm 0.21
3 models [0] recycles 0 hard 1 soft 0 temp 0.00 loss 6.50 i_con 6.43 plddt 0.30 ptm 0.87 i_ptm 0.21
4 models [1] recycles 0 hard 1 soft 0 temp 0.00 loss 6.65 i_con 6.59 plddt 0.39 ptm 0.89 i_ptm 0.11
5 models [0] recycles 0 hard 1 soft 0 temp 0.00 loss 6.50 i_con 6.43 plddt 0.30 ptm 0.87 i_ptm 0.21
6 models [0] recycles 0 hard 1 soft 0 temp 0.00 loss 6.50 i_con 6.43 plddt 0.30 ptm 0.87 i_ptm 0.21
7 models [0] recycles 0 hard 1 soft 0 temp 0.00 loss 6.50 i_con 6.43 plddt 0.30 ptm 0.87 i_ptm 0.21
8 models [0] recycles 0 hard 1 soft 0 temp 0.00 loss 6.50 i_con 6.43 plddt 0.30 ptm 0.87 i_ptm 0.21
9 models [0] recycles 0 hard 1 soft 0 temp 0.00 loss 6.50 i_con 6.43 plddt 0.30 ptm 0.87 i_ptm 0.21
10 models [0] recycles 0 hard 1 soft 0 temp 0.00 loss 6.50 i_con 6.43 plddt 0.30 ptm 0.87 i_ptm 0.21
11 models [0] recycles 0 hard 1 soft 0 temp 0.00 loss 6.50 i_con 6.43 plddt 0.30 ptm 0.87 i_ptm 0.21
12 models [1] recycles 0 hard 1 soft 0 temp 0.00 loss 6.65 i_con 6.59 plddt 0.39 ptm 0.89 i_ptm 0.11
13 models [1] recycles 0 hard 1 soft 0 temp 0.00 loss 6.65 i_con 6.59 plddt 0.39 ptm 0.89 i_ptm 0.11
14 models [0] recycles 0 hard 1 soft 0 temp 0.00 loss 6.50 i_con 6.43 plddt 0.30 ptm 0.87 i_ptm 0.21
15 models [1] recycles 0 hard 1 soft 0 temp 0.00 loss 6.65 i_con 6.59 plddt 0.39 ptm 0.89 i_ptm 0.11
16 models [1] recycles 0 hard 1 soft 0 temp 0.00 loss 6.65 i_con 6.59 plddt 0.39 ptm 0.89 i_ptm 0.11
17 models [1] recycles 0 hard 1 soft 0 temp 0.00 loss 6.65 i_con 6.59 plddt 0.39 ptm 0.89 i_ptm 0.11
18 models [1] recycles 0 hard 1 soft 0 temp 0.00 loss 6.65 i_con 6.59 plddt 0.39 ptm 0.89 i_ptm 0.11
19 models [1] recycles 0 hard 1 soft 0 temp 0.00 loss 6.65 i_con 6.59 plddt 0.39 ptm 0.89 i_ptm 0.11
20 models [0] recycles 0 hard 1 soft 0 temp 0.00 loss 6.50 i_con 6.43 plddt 0.30 ptm 0.87 i_ptm 0.21
21 models [1] recycles 0 hard 1 soft 0 temp 0.00 loss 6.65 i_con 6.59 plddt 0.39 ptm 0.89 i_ptm 0.11
22 models [0] recycles 0 hard 1 soft 0 temp 0.00 loss 6.50 i_con 6.43 plddt 0.30 ptm 0.87 i_ptm 0.21
23 models [0] recycles 0 hard 1 soft 0 temp 0.00 loss 6.50 i_con 6.43 plddt 0.30 ptm 0.87 i_ptm 0.21
24 models [1] recycles 0 hard 1 soft 0 temp 0.00 loss 6.65 i_con 6.59 plddt 0.39 ptm 0.89 i_ptm 0.11
25 models [1] recycles 0 hard 1 soft 0 temp 0.00 loss 6.65 i_con 6.59 plddt 0.39 ptm 0.89 i_ptm 0.11
26 models [0] recycles 0 hard 1 soft 0 temp 0.00 loss 6.50 i_con 6.43 plddt 0.30 ptm 0.87 i_ptm 0.21
27 models [0] recycles 0 hard 1 soft 0 temp 0.00 loss 6.50 i_con 6.43 plddt 0.30 ptm 0.87 i_ptm 0.21
28 models [0] recycles 0 hard 1 soft 0 temp 0.00 loss 6.50 i_con 6.43 plddt 0.30 ptm 0.87 i_ptm 0.21
29 models [0] recycles 0 hard 1 soft 0 temp 0.00 loss 6.50 i_con 6.43 plddt 0.30 ptm 0.87 i_ptm 0.21
30 models [1] recycles 0 hard 1 soft 0 temp 0.00 loss 6.65 i_con 6.59 plddt 0.39 ptm 0.89 i_ptm 0.11
  → seq=YHPQVEGSPEMKKCL  loss=6.6475  loss_af=6.6475  energy=-3.5061  i_ptm=0.1067
[4/5] input=GWKQPTCSMKICKKL  seed=0 ...
1 models [1] recycles 0 hard 1 soft 0 temp 0.00 loss 6.80 i_con 6.74 plddt 0.38 ptm 0.89 i_ptm 0.11
2 models [0] recycles 0 hard 1 soft 0 temp 0.00 loss 6.26 i_con 6.19 plddt 0.31 ptm 0.87 i_ptm 0.17
3 models [0] recycles 0 hard 1 soft 0 temp 0.00 loss 6.26 i_con 6.19 plddt 0.31 ptm 0.87 i_ptm 0.17
4 models [1] recycles 0 hard 1 soft 0 temp 0.00 loss 6.80 i_con 6.74 plddt 0.38 ptm 0.89 i_ptm 0.11
5 models [0] recycles 0 hard 1 soft 0 temp 0.00 loss 6.26 i_con 6.19 plddt 0.31 ptm 0.87 i_ptm 0.17
6 models [0] recycles 0 hard 1 soft 0 temp 0.00 loss 6.26 i_con 6.19 plddt 0.31 ptm 0.87 i_ptm 0.17
7 models [0] recycles 0 hard 1 soft 0 temp 0.00 loss 6.26 i_con 6.19 plddt 0.31 ptm 0.87 i_ptm 0.17
8 models [0] recycles 0 hard 1 soft 0 temp 0.00 loss 6.26 i_con 6.19 plddt 0.31 ptm 0.87 i_ptm 0.17
9 models [0] recycles 0 hard 1 soft 0 temp 0.00 loss 6.26 i_con 6.19 plddt 0.31 ptm 0.87 i_ptm 0.17
10 models [0] recycles 0 hard 1 soft 0 temp 0.00 loss 6.26 i_con 6.19 plddt 0.31 ptm 0.87 i_ptm 0.17
11 models [0] recycles 0 hard 1 soft 0 temp 0.00 loss 6.26 i_con 6.19 plddt 0.31 ptm 0.87 i_ptm 0.17
12 models [1] recycles 0 hard 1 soft 0 temp 0.00 loss 6.80 i_con 6.74 plddt 0.38 ptm 0.89 i_ptm 0.11
13 models [1] recycles 0 hard 1 soft 0 temp 0.00 loss 6.80 i_con 6.74 plddt 0.38 ptm 0.89 i_ptm 0.11
14 models [0] recycles 0 hard 1 soft 0 temp 0.00 loss 6.26 i_con 6.19 plddt 0.31 ptm 0.87 i_ptm 0.17
15 models [1] recycles 0 hard 1 soft 0 temp 0.00 loss 6.80 i_con 6.74 plddt 0.38 ptm 0.89 i_ptm 0.11
16 models [1] recycles 0 hard 1 soft 0 temp 0.00 loss 6.80 i_con 6.74 plddt 0.38 ptm 0.89 i_ptm 0.11
17 models [1] recycles 0 hard 1 soft 0 temp 0.00 loss 6.80 i_con 6.74 plddt 0.38 ptm 0.89 i_ptm 0.11
18 models [1] recycles 0 hard 1 soft 0 temp 0.00 loss 6.80 i_con 6.74 plddt 0.38 ptm 0.89 i_ptm 0.11
19 models [1] recycles 0 hard 1 soft 0 temp 0.00 loss 6.80 i_con 6.74 plddt 0.38 ptm 0.89 i_ptm 0.11
20 models [0] recycles 0 hard 1 soft 0 temp 0.00 loss 6.26 i_con 6.19 plddt 0.31 ptm 0.87 i_ptm 0.17
21 models [1] recycles 0 hard 1 soft 0 temp 0.00 loss 6.80 i_con 6.74 plddt 0.38 ptm 0.89 i_ptm 0.11
22 models [0] recycles 0 hard 1 soft 0 temp 0.00 loss 6.26 i_con 6.19 plddt 0.31 ptm 0.87 i_ptm 0.17
23 models [0] recycles 0 hard 1 soft 0 temp 0.00 loss 6.26 i_con 6.19 plddt 0.31 ptm 0.87 i_ptm 0.17
24 models [1] recycles 0 hard 1 soft 0 temp 0.00 loss 6.80 i_con 6.74 plddt 0.38 ptm 0.89 i_ptm 0.11
25 models [1] recycles 0 hard 1 soft 0 temp 0.00 loss 6.80 i_con 6.74 plddt 0.38 ptm 0.89 i_ptm 0.11
26 models [0] recycles 0 hard 1 soft 0 temp 0.00 loss 6.26 i_con 6.19 plddt 0.31 ptm 0.87 i_ptm 0.17
27 models [0] recycles 0 hard 1 soft 0 temp 0.00 loss 6.26 i_con 6.19 plddt 0.31 ptm 0.87 i_ptm 0.17
28 models [0] recycles 0 hard 1 soft 0 temp 0.00 loss 6.26 i_con 6.19 plddt 0.31 ptm 0.87 i_ptm 0.17
29 models [0] recycles 0 hard 1 soft 0 temp 0.00 loss 6.26 i_con 6.19 plddt 0.31 ptm 0.87 i_ptm 0.17
30 models [1] recycles 0 hard 1 soft 0 temp 0.00 loss 6.80 i_con 6.74 plddt 0.38 ptm 0.89 i_ptm 0.11
  → seq=GWKQPTCSMKICKKL  loss=6.8049  loss_af=6.8049  energy=-3.4690  i_ptm=0.1064
[5/5] input=FWLSRMSSPNMKEWA  seed=0 ...
1 models [1] recycles 0 hard 1 soft 0 temp 0.00 loss 5.53 i_con 5.46 plddt 0.35 ptm 0.89 i_ptm 0.09
2 models [0] recycles 0 hard 1 soft 0 temp 0.00 loss 4.94 i_con 4.87 plddt 0.31 ptm 0.87 i_ptm 0.15
3 models [0] recycles 0 hard 1 soft 0 temp 0.00 loss 4.94 i_con 4.87 plddt 0.31 ptm 0.87 i_ptm 0.15
4 models [1] recycles 0 hard 1 soft 0 temp 0.00 loss 5.53 i_con 5.46 plddt 0.35 ptm 0.89 i_ptm 0.09
5 models [0] recycles 0 hard 1 soft 0 temp 0.00 loss 4.94 i_con 4.87 plddt 0.31 ptm 0.87 i_ptm 0.15
6 models [0] recycles 0 hard 1 soft 0 temp 0.00 loss 4.94 i_con 4.87 plddt 0.31 ptm 0.87 i_ptm 0.15
7 models [0] recycles 0 hard 1 soft 0 temp 0.00 loss 4.94 i_con 4.87 plddt 0.31 ptm 0.87 i_ptm 0.15
8 models [0] recycles 0 hard 1 soft 0 temp 0.00 loss 4.94 i_con 4.87 plddt 0.31 ptm 0.87 i_ptm 0.15
9 models [0] recycles 0 hard 1 soft 0 temp 0.00 loss 4.94 i_con 4.87 plddt 0.31 ptm 0.87 i_ptm 0.15
10 models [0] recycles 0 hard 1 soft 0 temp 0.00 loss 4.94 i_con 4.87 plddt 0.31 ptm 0.87 i_ptm 0.15
11 models [0] recycles 0 hard 1 soft 0 temp 0.00 loss 4.94 i_con 4.87 plddt 0.31 ptm 0.87 i_ptm 0.15
12 models [1] recycles 0 hard 1 soft 0 temp 0.00 loss 5.53 i_con 5.46 plddt 0.35 ptm 0.89 i_ptm 0.09
13 models [1] recycles 0 hard 1 soft 0 temp 0.00 loss 5.53 i_con 5.46 plddt 0.35 ptm 0.89 i_ptm 0.09
14 models [0] recycles 0 hard 1 soft 0 temp 0.00 loss 4.94 i_con 4.87 plddt 0.31 ptm 0.87 i_ptm 0.15
15 models [1] recycles 0 hard 1 soft 0 temp 0.00 loss 5.53 i_con 5.46 plddt 0.35 ptm 0.89 i_ptm 0.09
16 models [1] recycles 0 hard 1 soft 0 temp 0.00 loss 5.53 i_con 5.46 plddt 0.35 ptm 0.89 i_ptm 0.09
17 models [1] recycles 0 hard 1 soft 0 temp 0.00 loss 5.53 i_con 5.46 plddt 0.35 ptm 0.89 i_ptm 0.09
18 models [1] recycles 0 hard 1 soft 0 temp 0.00 loss 5.53 i_con 5.46 plddt 0.35 ptm 0.89 i_ptm 0.09
19 models [1] recycles 0 hard 1 soft 0 temp 0.00 loss 5.53 i_con 5.46 plddt 0.35 ptm 0.89 i_ptm 0.09
20 models [0] recycles 0 hard 1 soft 0 temp 0.00 loss 4.94 i_con 4.87 plddt 0.31 ptm 0.87 i_ptm 0.15
21 models [1] recycles 0 hard 1 soft 0 temp 0.00 loss 5.53 i_con 5.46 plddt 0.35 ptm 0.89 i_ptm 0.09
22 models [0] recycles 0 hard 1 soft 0 temp 0.00 loss 4.94 i_con 4.87 plddt 0.31 ptm 0.87 i_ptm 0.15
23 models [0] recycles 0 hard 1 soft 0 temp 0.00 loss 4.94 i_con 4.87 plddt 0.31 ptm 0.87 i_ptm 0.15
24 models [1] recycles 0 hard 1 soft 0 temp 0.00 loss 5.53 i_con 5.46 plddt 0.35 ptm 0.89 i_ptm 0.09
25 models [1] recycles 0 hard 1 soft 0 temp 0.00 loss 5.53 i_con 5.46 plddt 0.35 ptm 0.89 i_ptm 0.09
26 models [0] recycles 0 hard 1 soft 0 temp 0.00 loss 4.94 i_con 4.87 plddt 0.31 ptm 0.87 i_ptm 0.15
27 models [0] recycles 0 hard 1 soft 0 temp 0.00 loss 4.94 i_con 4.87 plddt 0.31 ptm 0.87 i_ptm 0.15
28 models [0] recycles 0 hard 1 soft 0 temp 0.00 loss 4.94 i_con 4.87 plddt 0.31 ptm 0.87 i_ptm 0.15
29 models [0] recycles 0 hard 1 soft 0 temp 0.00 loss 4.94 i_con 4.87 plddt 0.31 ptm 0.87 i_ptm 0.15
30 models [1] recycles 0 hard 1 soft 0 temp 0.00 loss 5.53 i_con 5.46 plddt 0.35 ptm 0.89 i_ptm 0.09
  → seq=FWLSRMSSPNMKEWA  loss=5.5288  loss_af=5.5288  energy=-2.9801  i_ptm=0.0851

Saved 5 results to /home/share_nfs/342-Projets_BGE/342.3-Gen-Chem/342.3.2-BioInfo/342.3.2.8-SeqModels/protein_design/colabdesign_energy_guidance/prg/PA_PB1/results/opt_hard_noenergy.json

==============================================================================================================
SUMMARY
==============================================================================================================
 seed  loss_total   loss_af    energy   i_ptm     ptm   plddt  input_seq  →  seq
--------------------------------------------------------------------------------------------------------------
    0      6.5397    6.5397   -0.2282  0.1261  0.8862  0.3628  CHGYVYDHHKNQEVL  →  CHGYVYDHHKNQEVL
    0      5.5046    5.5046    1.2571  0.1248  0.8857  0.3274  YVCNVYDHFARKEVL  →  YVCNVYDHFARKEVL
    0      6.6475    6.6475   -3.5061  0.1067  0.8859  0.3914  YHPQVEGSPEMKKCL  →  YHPQVEGSPEMKKCL
    0      6.8049    6.8049   -3.4690  0.1064  0.8853  0.3827  GWKQPTCSMKICKKL  →  GWKQPTCSMKICKKL
    0      5.5288    5.5288   -2.9801  0.0851  0.8855  0.3542  FWLSRMSSPNMKEWA  →  FWLSRMSSPNMKEWA
---------------------------------------------
End time : Fri Apr  3 10:50:59 CEST 2026
