Job ID       : 290058
Array task   : 7  →  protocol: opt_hard_energy_B
Node         : aar018
Start time   : Fri Apr  3 12:54:48 CEST 2026
---------------------------------------------
Fri Apr  3 12:54:48 2026       
+-----------------------------------------------------------------------------------------+
| NVIDIA-SMI 560.35.03              Driver Version: 560.35.03      CUDA Version: 12.6     |
|-----------------------------------------+------------------------+----------------------+
| GPU  Name                 Persistence-M | Bus-Id          Disp.A | Volatile Uncorr. ECC |
| Fan  Temp   Perf          Pwr:Usage/Cap |           Memory-Usage | GPU-Util  Compute M. |
|                                         |                        |               MIG M. |
|=========================================+========================+======================|
|   0  NVIDIA A30                     Off |   00000000:65:00.0 Off |                    0 |
| N/A   59C    P0             44W /  165W |       1MiB /  24576MiB |      0%      Default |
|                                         |                        |             Disabled |
+-----------------------------------------+------------------------+----------------------+
                                                                                         
+-----------------------------------------------------------------------------------------+
| Processes:                                                                              |
---------------------------------------------
JAX devices: [cuda(id=0)]
GPU check passed: cuda:0
Output file  : /home/share_nfs/342-Projets_BGE/342.3-Gen-Chem/342.3.2-BioInfo/342.3.2.8-SeqModels/protein_design/colabdesign_energy_guidance/prg/PA_PB1/results/opt_hard_energy_B.json
Running protocol: opt_hard_energy_B ...
py3Dmol not installed
/home/share_nfs/342-Projets_BGE/342.3-Gen-Chem/342.3.2-BioInfo/342.3.2.8-SeqModels/protein_design/energy_model_params/PAPB1pep/PNB_2R_3lay_negbinom_energy_model_weights.json
[1/5] input=CHGYVYDHHKNQEVL  seed=0 ...
1 models [1] recycles 0 hard 1 soft 0 temp 0.00 loss 6.49 i_con 6.48 plddt 0.36 ptm 0.89 i_ptm 0.13 energy -0.23
2 models [0] recycles 0 hard 1 soft 0 temp 0.00 loss 5.93 i_con 5.90 plddt 0.28 ptm 0.87 i_ptm 0.14 energy -0.23
3 models [0] recycles 0 hard 1 soft 0 temp 0.00 loss 5.93 i_con 5.90 plddt 0.28 ptm 0.87 i_ptm 0.14 energy -0.23
4 models [1] recycles 0 hard 1 soft 0 temp 0.00 loss 6.49 i_con 6.48 plddt 0.36 ptm 0.89 i_ptm 0.13 energy -0.23
5 models [0] recycles 0 hard 1 soft 0 temp 0.00 loss 5.93 i_con 5.90 plddt 0.28 ptm 0.87 i_ptm 0.14 energy -0.23
6 models [0] recycles 0 hard 1 soft 0 temp 0.00 loss 5.93 i_con 5.90 plddt 0.28 ptm 0.87 i_ptm 0.14 energy -0.23
7 models [0] recycles 0 hard 1 soft 0 temp 0.00 loss 5.93 i_con 5.90 plddt 0.28 ptm 0.87 i_ptm 0.14 energy -0.23
8 models [0] recycles 0 hard 1 soft 0 temp 0.00 loss 5.93 i_con 5.90 plddt 0.28 ptm 0.87 i_ptm 0.14 energy -0.23
9 models [0] recycles 0 hard 1 soft 0 temp 0.00 loss 5.93 i_con 5.90 plddt 0.28 ptm 0.87 i_ptm 0.14 energy -0.23
10 models [0] recycles 0 hard 1 soft 0 temp 0.00 loss 5.93 i_con 5.90 plddt 0.28 ptm 0.87 i_ptm 0.14 energy -0.23
11 models [0] recycles 0 hard 1 soft 0 temp 0.00 loss 5.93 i_con 5.90 plddt 0.28 ptm 0.87 i_ptm 0.14 energy -0.23
12 models [1] recycles 0 hard 1 soft 0 temp 0.00 loss 6.49 i_con 6.48 plddt 0.36 ptm 0.89 i_ptm 0.13 energy -0.23
13 models [1] recycles 0 hard 1 soft 0 temp 0.00 loss 6.49 i_con 6.48 plddt 0.36 ptm 0.89 i_ptm 0.13 energy -0.23
14 models [0] recycles 0 hard 1 soft 0 temp 0.00 loss 5.93 i_con 5.90 plddt 0.28 ptm 0.87 i_ptm 0.14 energy -0.23
15 models [1] recycles 0 hard 1 soft 0 temp 0.00 loss 6.49 i_con 6.48 plddt 0.36 ptm 0.89 i_ptm 0.13 energy -0.23
16 models [1] recycles 0 hard 1 soft 0 temp 0.00 loss 6.49 i_con 6.48 plddt 0.36 ptm 0.89 i_ptm 0.13 energy -0.23
17 models [1] recycles 0 hard 1 soft 0 temp 0.00 loss 6.49 i_con 6.48 plddt 0.36 ptm 0.89 i_ptm 0.13 energy -0.23
18 models [1] recycles 0 hard 1 soft 0 temp 0.00 loss 6.49 i_con 6.48 plddt 0.36 ptm 0.89 i_ptm 0.13 energy -0.23
19 models [1] recycles 0 hard 1 soft 0 temp 0.00 loss 6.49 i_con 6.48 plddt 0.36 ptm 0.89 i_ptm 0.13 energy -0.23
20 models [0] recycles 0 hard 1 soft 0 temp 0.00 loss 5.93 i_con 5.90 plddt 0.28 ptm 0.87 i_ptm 0.14 energy -0.23
21 models [1] recycles 0 hard 1 soft 0 temp 0.00 loss 6.49 i_con 6.48 plddt 0.36 ptm 0.89 i_ptm 0.13 energy -0.23
22 models [0] recycles 0 hard 1 soft 0 temp 0.00 loss 5.93 i_con 5.90 plddt 0.28 ptm 0.87 i_ptm 0.14 energy -0.23
23 models [0] recycles 0 hard 1 soft 0 temp 0.00 loss 5.93 i_con 5.90 plddt 0.28 ptm 0.87 i_ptm 0.14 energy -0.23
24 models [1] recycles 0 hard 1 soft 0 temp 0.00 loss 6.49 i_con 6.48 plddt 0.36 ptm 0.89 i_ptm 0.13 energy -0.23
25 models [1] recycles 0 hard 1 soft 0 temp 0.00 loss 6.49 i_con 6.48 plddt 0.36 ptm 0.89 i_ptm 0.13 energy -0.23
26 models [0] recycles 0 hard 1 soft 0 temp 0.00 loss 5.93 i_con 5.90 plddt 0.28 ptm 0.87 i_ptm 0.14 energy -0.23
27 models [0] recycles 0 hard 1 soft 0 temp 0.00 loss 5.93 i_con 5.90 plddt 0.28 ptm 0.87 i_ptm 0.14 energy -0.23
28 models [0] recycles 0 hard 1 soft 0 temp 0.00 loss 5.93 i_con 5.90 plddt 0.28 ptm 0.87 i_ptm 0.14 energy -0.23
29 models [0] recycles 0 hard 1 soft 0 temp 0.00 loss 5.93 i_con 5.90 plddt 0.28 ptm 0.87 i_ptm 0.14 energy -0.23
30 models [1] recycles 0 hard 1 soft 0 temp 0.00 loss 6.49 i_con 6.48 plddt 0.36 ptm 0.89 i_ptm 0.13 energy -0.23
  → seq=CHGYVYDHHKNQEVL  loss=6.4941  loss_af=6.5397  energy=-0.2282  i_ptm=0.1261
[2/5] input=YVCNVYDHFARKEVL  seed=0 ...
1 models [1] recycles 0 hard 1 soft 0 temp 0.00 loss 5.76 i_con 5.44 plddt 0.33 ptm 0.89 i_ptm 0.12 energy 1.26
2 models [0] recycles 0 hard 1 soft 0 temp 0.00 loss 5.42 i_con 5.09 plddt 0.27 ptm 0.87 i_ptm 0.14 energy 1.26
3 models [0] recycles 0 hard 1 soft 0 temp 0.00 loss 5.42 i_con 5.09 plddt 0.27 ptm 0.87 i_ptm 0.14 energy 1.26
4 models [1] recycles 0 hard 1 soft 0 temp 0.00 loss 5.76 i_con 5.44 plddt 0.33 ptm 0.89 i_ptm 0.12 energy 1.26
5 models [0] recycles 0 hard 1 soft 0 temp 0.00 loss 5.42 i_con 5.09 plddt 0.27 ptm 0.87 i_ptm 0.14 energy 1.26
6 models [0] recycles 0 hard 1 soft 0 temp 0.00 loss 5.42 i_con 5.09 plddt 0.27 ptm 0.87 i_ptm 0.14 energy 1.26
7 models [0] recycles 0 hard 1 soft 0 temp 0.00 loss 5.42 i_con 5.09 plddt 0.27 ptm 0.87 i_ptm 0.14 energy 1.26
8 models [0] recycles 0 hard 1 soft 0 temp 0.00 loss 5.42 i_con 5.09 plddt 0.27 ptm 0.87 i_ptm 0.14 energy 1.26
9 models [0] recycles 0 hard 1 soft 0 temp 0.00 loss 5.42 i_con 5.09 plddt 0.27 ptm 0.87 i_ptm 0.14 energy 1.26
10 models [0] recycles 0 hard 1 soft 0 temp 0.00 loss 5.42 i_con 5.09 plddt 0.27 ptm 0.87 i_ptm 0.14 energy 1.26
11 models [0] recycles 0 hard 1 soft 0 temp 0.00 loss 5.42 i_con 5.09 plddt 0.27 ptm 0.87 i_ptm 0.14 energy 1.26
12 models [1] recycles 0 hard 1 soft 0 temp 0.00 loss 5.76 i_con 5.44 plddt 0.33 ptm 0.89 i_ptm 0.12 energy 1.26
13 models [1] recycles 0 hard 1 soft 0 temp 0.00 loss 5.76 i_con 5.44 plddt 0.33 ptm 0.89 i_ptm 0.12 energy 1.26
14 models [0] recycles 0 hard 1 soft 0 temp 0.00 loss 5.42 i_con 5.09 plddt 0.27 ptm 0.87 i_ptm 0.14 energy 1.26
15 models [1] recycles 0 hard 1 soft 0 temp 0.00 loss 5.76 i_con 5.44 plddt 0.33 ptm 0.89 i_ptm 0.12 energy 1.26
16 models [1] recycles 0 hard 1 soft 0 temp 0.00 loss 5.76 i_con 5.44 plddt 0.33 ptm 0.89 i_ptm 0.12 energy 1.26
17 models [1] recycles 0 hard 1 soft 0 temp 0.00 loss 5.76 i_con 5.44 plddt 0.33 ptm 0.89 i_ptm 0.12 energy 1.26
18 models [1] recycles 0 hard 1 soft 0 temp 0.00 loss 5.76 i_con 5.44 plddt 0.33 ptm 0.89 i_ptm 0.12 energy 1.26
19 models [1] recycles 0 hard 1 soft 0 temp 0.00 loss 5.76 i_con 5.44 plddt 0.33 ptm 0.89 i_ptm 0.12 energy 1.26
20 models [0] recycles 0 hard 1 soft 0 temp 0.00 loss 5.42 i_con 5.09 plddt 0.27 ptm 0.87 i_ptm 0.14 energy 1.26
21 models [1] recycles 0 hard 1 soft 0 temp 0.00 loss 5.76 i_con 5.44 plddt 0.33 ptm 0.89 i_ptm 0.12 energy 1.26
22 models [0] recycles 0 hard 1 soft 0 temp 0.00 loss 5.42 i_con 5.09 plddt 0.27 ptm 0.87 i_ptm 0.14 energy 1.26
23 models [0] recycles 0 hard 1 soft 0 temp 0.00 loss 5.42 i_con 5.09 plddt 0.27 ptm 0.87 i_ptm 0.14 energy 1.26
24 models [1] recycles 0 hard 1 soft 0 temp 0.00 loss 5.76 i_con 5.44 plddt 0.33 ptm 0.89 i_ptm 0.12 energy 1.26
25 models [1] recycles 0 hard 1 soft 0 temp 0.00 loss 5.76 i_con 5.44 plddt 0.33 ptm 0.89 i_ptm 0.12 energy 1.26
26 models [0] recycles 0 hard 1 soft 0 temp 0.00 loss 5.42 i_con 5.09 plddt 0.27 ptm 0.87 i_ptm 0.14 energy 1.26
27 models [0] recycles 0 hard 1 soft 0 temp 0.00 loss 5.42 i_con 5.09 plddt 0.27 ptm 0.87 i_ptm 0.14 energy 1.26
28 models [0] recycles 0 hard 1 soft 0 temp 0.00 loss 5.42 i_con 5.09 plddt 0.27 ptm 0.87 i_ptm 0.14 energy 1.26
29 models [0] recycles 0 hard 1 soft 0 temp 0.00 loss 5.42 i_con 5.09 plddt 0.27 ptm 0.87 i_ptm 0.14 energy 1.26
30 models [1] recycles 0 hard 1 soft 0 temp 0.00 loss 5.76 i_con 5.44 plddt 0.33 ptm 0.89 i_ptm 0.12 energy 1.26
  → seq=YVCNVYDHFARKEVL  loss=5.7561  loss_af=5.5046  energy=1.2571  i_ptm=0.1248
[3/5] input=YHPQVEGSPEMKKCL  seed=0 ...
1 models [1] recycles 0 hard 1 soft 0 temp 0.00 loss 5.95 i_con 6.59 plddt 0.39 ptm 0.89 i_ptm 0.11 energy -3.51
2 models [0] recycles 0 hard 1 soft 0 temp 0.00 loss 5.80 i_con 6.43 plddt 0.30 ptm 0.87 i_ptm 0.21 energy -3.51
3 models [0] recycles 0 hard 1 soft 0 temp 0.00 loss 5.80 i_con 6.43 plddt 0.30 ptm 0.87 i_ptm 0.21 energy -3.51
4 models [1] recycles 0 hard 1 soft 0 temp 0.00 loss 5.95 i_con 6.59 plddt 0.39 ptm 0.89 i_ptm 0.11 energy -3.51
5 models [0] recycles 0 hard 1 soft 0 temp 0.00 loss 5.80 i_con 6.43 plddt 0.30 ptm 0.87 i_ptm 0.21 energy -3.51
6 models [0] recycles 0 hard 1 soft 0 temp 0.00 loss 5.80 i_con 6.43 plddt 0.30 ptm 0.87 i_ptm 0.21 energy -3.51
7 models [0] recycles 0 hard 1 soft 0 temp 0.00 loss 5.80 i_con 6.43 plddt 0.30 ptm 0.87 i_ptm 0.21 energy -3.51
8 models [0] recycles 0 hard 1 soft 0 temp 0.00 loss 5.80 i_con 6.43 plddt 0.30 ptm 0.87 i_ptm 0.21 energy -3.51
9 models [0] recycles 0 hard 1 soft 0 temp 0.00 loss 5.80 i_con 6.43 plddt 0.30 ptm 0.87 i_ptm 0.21 energy -3.51
10 models [0] recycles 0 hard 1 soft 0 temp 0.00 loss 5.80 i_con 6.43 plddt 0.30 ptm 0.87 i_ptm 0.21 energy -3.51
11 models [0] recycles 0 hard 1 soft 0 temp 0.00 loss 5.80 i_con 6.43 plddt 0.30 ptm 0.87 i_ptm 0.21 energy -3.51
12 models [1] recycles 0 hard 1 soft 0 temp 0.00 loss 5.95 i_con 6.59 plddt 0.39 ptm 0.89 i_ptm 0.11 energy -3.51
13 models [1] recycles 0 hard 1 soft 0 temp 0.00 loss 5.95 i_con 6.59 plddt 0.39 ptm 0.89 i_ptm 0.11 energy -3.51
14 models [0] recycles 0 hard 1 soft 0 temp 0.00 loss 5.80 i_con 6.43 plddt 0.30 ptm 0.87 i_ptm 0.21 energy -3.51
15 models [1] recycles 0 hard 1 soft 0 temp 0.00 loss 5.95 i_con 6.59 plddt 0.39 ptm 0.89 i_ptm 0.11 energy -3.51
16 models [1] recycles 0 hard 1 soft 0 temp 0.00 loss 5.95 i_con 6.59 plddt 0.39 ptm 0.89 i_ptm 0.11 energy -3.51
17 models [1] recycles 0 hard 1 soft 0 temp 0.00 loss 5.95 i_con 6.59 plddt 0.39 ptm 0.89 i_ptm 0.11 energy -3.51
18 models [1] recycles 0 hard 1 soft 0 temp 0.00 loss 5.95 i_con 6.59 plddt 0.39 ptm 0.89 i_ptm 0.11 energy -3.51
19 models [1] recycles 0 hard 1 soft 0 temp 0.00 loss 5.95 i_con 6.59 plddt 0.39 ptm 0.89 i_ptm 0.11 energy -3.51
20 models [0] recycles 0 hard 1 soft 0 temp 0.00 loss 5.80 i_con 6.43 plddt 0.30 ptm 0.87 i_ptm 0.21 energy -3.51
21 models [1] recycles 0 hard 1 soft 0 temp 0.00 loss 5.95 i_con 6.59 plddt 0.39 ptm 0.89 i_ptm 0.11 energy -3.51
22 models [0] recycles 0 hard 1 soft 0 temp 0.00 loss 5.80 i_con 6.43 plddt 0.30 ptm 0.87 i_ptm 0.21 energy -3.51
23 models [0] recycles 0 hard 1 soft 0 temp 0.00 loss 5.80 i_con 6.43 plddt 0.30 ptm 0.87 i_ptm 0.21 energy -3.51
24 models [1] recycles 0 hard 1 soft 0 temp 0.00 loss 5.95 i_con 6.59 plddt 0.39 ptm 0.89 i_ptm 0.11 energy -3.51
25 models [1] recycles 0 hard 1 soft 0 temp 0.00 loss 5.95 i_con 6.59 plddt 0.39 ptm 0.89 i_ptm 0.11 energy -3.51
26 models [0] recycles 0 hard 1 soft 0 temp 0.00 loss 5.80 i_con 6.43 plddt 0.30 ptm 0.87 i_ptm 0.21 energy -3.51
27 models [0] recycles 0 hard 1 soft 0 temp 0.00 loss 5.80 i_con 6.43 plddt 0.30 ptm 0.87 i_ptm 0.21 energy -3.51
28 models [0] recycles 0 hard 1 soft 0 temp 0.00 loss 5.80 i_con 6.43 plddt 0.30 ptm 0.87 i_ptm 0.21 energy -3.51
29 models [0] recycles 0 hard 1 soft 0 temp 0.00 loss 5.80 i_con 6.43 plddt 0.30 ptm 0.87 i_ptm 0.21 energy -3.51
30 models [1] recycles 0 hard 1 soft 0 temp 0.00 loss 5.95 i_con 6.59 plddt 0.39 ptm 0.89 i_ptm 0.11 energy -3.51
  → seq=YHPQVEGSPEMKKCL  loss=5.9463  loss_af=6.6475  energy=-3.5061  i_ptm=0.1067
[4/5] input=GWKQPTCSMKICKKL  seed=0 ...
1 models [1] recycles 0 hard 1 soft 0 temp 0.00 loss 6.11 i_con 6.74 plddt 0.38 ptm 0.89 i_ptm 0.11 energy -3.47
2 models [0] recycles 0 hard 1 soft 0 temp 0.00 loss 5.57 i_con 6.19 plddt 0.31 ptm 0.87 i_ptm 0.17 energy -3.47
3 models [0] recycles 0 hard 1 soft 0 temp 0.00 loss 5.57 i_con 6.19 plddt 0.31 ptm 0.87 i_ptm 0.17 energy -3.47
4 models [1] recycles 0 hard 1 soft 0 temp 0.00 loss 6.11 i_con 6.74 plddt 0.38 ptm 0.89 i_ptm 0.11 energy -3.47
5 models [0] recycles 0 hard 1 soft 0 temp 0.00 loss 5.57 i_con 6.19 plddt 0.31 ptm 0.87 i_ptm 0.17 energy -3.47
6 models [0] recycles 0 hard 1 soft 0 temp 0.00 loss 5.57 i_con 6.19 plddt 0.31 ptm 0.87 i_ptm 0.17 energy -3.47
7 models [0] recycles 0 hard 1 soft 0 temp 0.00 loss 5.57 i_con 6.19 plddt 0.31 ptm 0.87 i_ptm 0.17 energy -3.47
8 models [0] recycles 0 hard 1 soft 0 temp 0.00 loss 5.57 i_con 6.19 plddt 0.31 ptm 0.87 i_ptm 0.17 energy -3.47
9 models [0] recycles 0 hard 1 soft 0 temp 0.00 loss 5.57 i_con 6.19 plddt 0.31 ptm 0.87 i_ptm 0.17 energy -3.47
10 models [0] recycles 0 hard 1 soft 0 temp 0.00 loss 5.57 i_con 6.19 plddt 0.31 ptm 0.87 i_ptm 0.17 energy -3.47
11 models [0] recycles 0 hard 1 soft 0 temp 0.00 loss 5.57 i_con 6.19 plddt 0.31 ptm 0.87 i_ptm 0.17 energy -3.47
12 models [1] recycles 0 hard 1 soft 0 temp 0.00 loss 6.11 i_con 6.74 plddt 0.38 ptm 0.89 i_ptm 0.11 energy -3.47
13 models [1] recycles 0 hard 1 soft 0 temp 0.00 loss 6.11 i_con 6.74 plddt 0.38 ptm 0.89 i_ptm 0.11 energy -3.47
14 models [0] recycles 0 hard 1 soft 0 temp 0.00 loss 5.57 i_con 6.19 plddt 0.31 ptm 0.87 i_ptm 0.17 energy -3.47
15 models [1] recycles 0 hard 1 soft 0 temp 0.00 loss 6.11 i_con 6.74 plddt 0.38 ptm 0.89 i_ptm 0.11 energy -3.47
16 models [1] recycles 0 hard 1 soft 0 temp 0.00 loss 6.11 i_con 6.74 plddt 0.38 ptm 0.89 i_ptm 0.11 energy -3.47
17 models [1] recycles 0 hard 1 soft 0 temp 0.00 loss 6.11 i_con 6.74 plddt 0.38 ptm 0.89 i_ptm 0.11 energy -3.47
18 models [1] recycles 0 hard 1 soft 0 temp 0.00 loss 6.11 i_con 6.74 plddt 0.38 ptm 0.89 i_ptm 0.11 energy -3.47
19 models [1] recycles 0 hard 1 soft 0 temp 0.00 loss 6.11 i_con 6.74 plddt 0.38 ptm 0.89 i_ptm 0.11 energy -3.47
20 models [0] recycles 0 hard 1 soft 0 temp 0.00 loss 5.57 i_con 6.19 plddt 0.31 ptm 0.87 i_ptm 0.17 energy -3.47
21 models [1] recycles 0 hard 1 soft 0 temp 0.00 loss 6.11 i_con 6.74 plddt 0.38 ptm 0.89 i_ptm 0.11 energy -3.47
22 models [0] recycles 0 hard 1 soft 0 temp 0.00 loss 5.57 i_con 6.19 plddt 0.31 ptm 0.87 i_ptm 0.17 energy -3.47
23 models [0] recycles 0 hard 1 soft 0 temp 0.00 loss 5.57 i_con 6.19 plddt 0.31 ptm 0.87 i_ptm 0.17 energy -3.47
24 models [1] recycles 0 hard 1 soft 0 temp 0.00 loss 6.11 i_con 6.74 plddt 0.38 ptm 0.89 i_ptm 0.11 energy -3.47
25 models [1] recycles 0 hard 1 soft 0 temp 0.00 loss 6.11 i_con 6.74 plddt 0.38 ptm 0.89 i_ptm 0.11 energy -3.47
26 models [0] recycles 0 hard 1 soft 0 temp 0.00 loss 5.57 i_con 6.19 plddt 0.31 ptm 0.87 i_ptm 0.17 energy -3.47
27 models [0] recycles 0 hard 1 soft 0 temp 0.00 loss 5.57 i_con 6.19 plddt 0.31 ptm 0.87 i_ptm 0.17 energy -3.47
28 models [0] recycles 0 hard 1 soft 0 temp 0.00 loss 5.57 i_con 6.19 plddt 0.31 ptm 0.87 i_ptm 0.17 energy -3.47
29 models [0] recycles 0 hard 1 soft 0 temp 0.00 loss 5.57 i_con 6.19 plddt 0.31 ptm 0.87 i_ptm 0.17 energy -3.47
30 models [1] recycles 0 hard 1 soft 0 temp 0.00 loss 6.11 i_con 6.74 plddt 0.38 ptm 0.89 i_ptm 0.11 energy -3.47
  → seq=GWKQPTCSMKICKKL  loss=6.1111  loss_af=6.8049  energy=-3.4690  i_ptm=0.1064
[5/5] input=FWLSRMSSPNMKEWA  seed=0 ...
1 models [1] recycles 0 hard 1 soft 0 temp 0.00 loss 4.93 i_con 5.46 plddt 0.35 ptm 0.89 i_ptm 0.09 energy -2.98
2 models [0] recycles 0 hard 1 soft 0 temp 0.00 loss 4.34 i_con 4.87 plddt 0.31 ptm 0.87 i_ptm 0.15 energy -2.98
3 models [0] recycles 0 hard 1 soft 0 temp 0.00 loss 4.34 i_con 4.87 plddt 0.31 ptm 0.87 i_ptm 0.15 energy -2.98
4 models [1] recycles 0 hard 1 soft 0 temp 0.00 loss 4.93 i_con 5.46 plddt 0.35 ptm 0.89 i_ptm 0.09 energy -2.98
5 models [0] recycles 0 hard 1 soft 0 temp 0.00 loss 4.34 i_con 4.87 plddt 0.31 ptm 0.87 i_ptm 0.15 energy -2.98
6 models [0] recycles 0 hard 1 soft 0 temp 0.00 loss 4.34 i_con 4.87 plddt 0.31 ptm 0.87 i_ptm 0.15 energy -2.98
7 models [0] recycles 0 hard 1 soft 0 temp 0.00 loss 4.34 i_con 4.87 plddt 0.31 ptm 0.87 i_ptm 0.15 energy -2.98
8 models [0] recycles 0 hard 1 soft 0 temp 0.00 loss 4.34 i_con 4.87 plddt 0.31 ptm 0.87 i_ptm 0.15 energy -2.98
9 models [0] recycles 0 hard 1 soft 0 temp 0.00 loss 4.34 i_con 4.87 plddt 0.31 ptm 0.87 i_ptm 0.15 energy -2.98
10 models [0] recycles 0 hard 1 soft 0 temp 0.00 loss 4.34 i_con 4.87 plddt 0.31 ptm 0.87 i_ptm 0.15 energy -2.98
11 models [0] recycles 0 hard 1 soft 0 temp 0.00 loss 4.34 i_con 4.87 plddt 0.31 ptm 0.87 i_ptm 0.15 energy -2.98
12 models [1] recycles 0 hard 1 soft 0 temp 0.00 loss 4.93 i_con 5.46 plddt 0.35 ptm 0.89 i_ptm 0.09 energy -2.98
13 models [1] recycles 0 hard 1 soft 0 temp 0.00 loss 4.93 i_con 5.46 plddt 0.35 ptm 0.89 i_ptm 0.09 energy -2.98
14 models [0] recycles 0 hard 1 soft 0 temp 0.00 loss 4.34 i_con 4.87 plddt 0.31 ptm 0.87 i_ptm 0.15 energy -2.98
15 models [1] recycles 0 hard 1 soft 0 temp 0.00 loss 4.93 i_con 5.46 plddt 0.35 ptm 0.89 i_ptm 0.09 energy -2.98
16 models [1] recycles 0 hard 1 soft 0 temp 0.00 loss 4.93 i_con 5.46 plddt 0.35 ptm 0.89 i_ptm 0.09 energy -2.98
17 models [1] recycles 0 hard 1 soft 0 temp 0.00 loss 4.93 i_con 5.46 plddt 0.35 ptm 0.89 i_ptm 0.09 energy -2.98
18 models [1] recycles 0 hard 1 soft 0 temp 0.00 loss 4.93 i_con 5.46 plddt 0.35 ptm 0.89 i_ptm 0.09 energy -2.98
19 models [1] recycles 0 hard 1 soft 0 temp 0.00 loss 4.93 i_con 5.46 plddt 0.35 ptm 0.89 i_ptm 0.09 energy -2.98
20 models [0] recycles 0 hard 1 soft 0 temp 0.00 loss 4.34 i_con 4.87 plddt 0.31 ptm 0.87 i_ptm 0.15 energy -2.98
21 models [1] recycles 0 hard 1 soft 0 temp 0.00 loss 4.93 i_con 5.46 plddt 0.35 ptm 0.89 i_ptm 0.09 energy -2.98
22 models [0] recycles 0 hard 1 soft 0 temp 0.00 loss 4.34 i_con 4.87 plddt 0.31 ptm 0.87 i_ptm 0.15 energy -2.98
23 models [0] recycles 0 hard 1 soft 0 temp 0.00 loss 4.34 i_con 4.87 plddt 0.31 ptm 0.87 i_ptm 0.15 energy -2.98
24 models [1] recycles 0 hard 1 soft 0 temp 0.00 loss 4.93 i_con 5.46 plddt 0.35 ptm 0.89 i_ptm 0.09 energy -2.98
25 models [1] recycles 0 hard 1 soft 0 temp 0.00 loss 4.93 i_con 5.46 plddt 0.35 ptm 0.89 i_ptm 0.09 energy -2.98
26 models [0] recycles 0 hard 1 soft 0 temp 0.00 loss 4.34 i_con 4.87 plddt 0.31 ptm 0.87 i_ptm 0.15 energy -2.98
27 models [0] recycles 0 hard 1 soft 0 temp 0.00 loss 4.34 i_con 4.87 plddt 0.31 ptm 0.87 i_ptm 0.15 energy -2.98
28 models [0] recycles 0 hard 1 soft 0 temp 0.00 loss 4.34 i_con 4.87 plddt 0.31 ptm 0.87 i_ptm 0.15 energy -2.98
29 models [0] recycles 0 hard 1 soft 0 temp 0.00 loss 4.34 i_con 4.87 plddt 0.31 ptm 0.87 i_ptm 0.15 energy -2.98
30 models [1] recycles 0 hard 1 soft 0 temp 0.00 loss 4.93 i_con 5.46 plddt 0.35 ptm 0.89 i_ptm 0.09 energy -2.98
  → seq=FWLSRMSSPNMKEWA  loss=4.9328  loss_af=5.5288  energy=-2.9801  i_ptm=0.0851

Saved 5 results to /home/share_nfs/342-Projets_BGE/342.3-Gen-Chem/342.3.2-BioInfo/342.3.2.8-SeqModels/protein_design/colabdesign_energy_guidance/prg/PA_PB1/results/opt_hard_energy_B.json

==============================================================================================================
SUMMARY
==============================================================================================================
 seed  loss_total   loss_af    energy   i_ptm     ptm   plddt  input_seq  →  seq
--------------------------------------------------------------------------------------------------------------
    0      6.4941    6.5397   -0.2282  0.1261  0.8862  0.3628  CHGYVYDHHKNQEVL  →  CHGYVYDHHKNQEVL
    0      5.7561    5.5046    1.2571  0.1248  0.8857  0.3274  YVCNVYDHFARKEVL  →  YVCNVYDHFARKEVL
    0      5.9463    6.6475   -3.5061  0.1067  0.8859  0.3914  YHPQVEGSPEMKKCL  →  YHPQVEGSPEMKKCL
    0      6.1111    6.8049   -3.4690  0.1064  0.8853  0.3827  GWKQPTCSMKICKKL  →  GWKQPTCSMKICKKL
    0      4.9328    5.5288   -2.9801  0.0851  0.8855  0.3542  FWLSRMSSPNMKEWA  →  FWLSRMSSPNMKEWA
---------------------------------------------
End time : Fri Apr  3 13:06:04 CEST 2026
